Archive member included to satisfy reference by file (symbol)

../Middlewares/ST/AI/Lib\NetworkRuntime500_CM7_GCC.a(ai_math_helpers.o)
                              X-CUBE-AI/App/network.o (ai_mul)
../Middlewares/ST/AI/Lib\NetworkRuntime500_CM7_GCC.a(ai_platform_interface.o)
                              X-CUBE-AI/App/network.o (ai_platform_api_get_network_report)
../Middlewares/ST/AI/Lib\NetworkRuntime500_CM7_GCC.a(core_common.o)
                              ../Middlewares/ST/AI/Lib\NetworkRuntime500_CM7_GCC.a(ai_platform_interface.o) (core_get_error)
../Middlewares/ST/AI/Lib\NetworkRuntime500_CM7_GCC.a(core_convert.o)
                              X-CUBE-AI/App/network.o (node_convert)
../Middlewares/ST/AI/Lib\NetworkRuntime500_CM7_GCC.a(layers.o)
                              ../Middlewares/ST/AI/Lib\NetworkRuntime500_CM7_GCC.a(ai_platform_interface.o) (ai_check_custom_types)
../Middlewares/ST/AI/Lib\NetworkRuntime500_CM7_GCC.a(layers_conv2d_stm32_integer.o)
                              X-CUBE-AI/App/network.o (forward_conv2d_nl_pool_integer)
../Middlewares/ST/AI/Lib\NetworkRuntime500_CM7_GCC.a(layers_generic_float.o)
                              X-CUBE-AI/App/network.o (forward_eltwise)
../Middlewares/ST/AI/Lib\NetworkRuntime500_CM7_GCC.a(layers_nl_generic_float.o)
                              X-CUBE-AI/App/network.o (forward_sm)
../Middlewares/ST/AI/Lib\NetworkRuntime500_CM7_GCC.a(layers_pool_stm32_integer.o)
                              X-CUBE-AI/App/network.o (pool_func_mp_array_integer)
../Middlewares/ST/AI/Lib\NetworkRuntime500_CM7_GCC.a(layers_stm32_integer.o)
                              X-CUBE-AI/App/network.o (forward_add_integer)
../Middlewares/ST/AI/Lib\NetworkRuntime500_CM7_GCC.a(st_int8_add.o)
                              ../Middlewares/ST/AI/Lib\NetworkRuntime500_CM7_GCC.a(layers_stm32_integer.o) (st_int8_add)
../Middlewares/ST/AI/Lib\NetworkRuntime500_CM7_GCC.a(st_int8_int8symwt_convolve_1x1_HWC_fast_nonsquare.o)
                              ../Middlewares/ST/AI/Lib\NetworkRuntime500_CM7_GCC.a(layers_conv2d_stm32_integer.o) (st_int8_int8symwt_convolve_1x1_HWC_fast_nonsquare)
../Middlewares/ST/AI/Lib\NetworkRuntime500_CM7_GCC.a(st_int8_int8symwt_convolve_1x1_HWC_fast_nonsquare_CH.o)
                              ../Middlewares/ST/AI/Lib\NetworkRuntime500_CM7_GCC.a(layers_conv2d_stm32_integer.o) (st_int8_int8symwt_convolve_1x1_HWC_fast_nonsquare_CH)
../Middlewares/ST/AI/Lib\NetworkRuntime500_CM7_GCC.a(st_int8_int8symwt_convolve_HWC_basic_nonsquare.o)
                              ../Middlewares/ST/AI/Lib\NetworkRuntime500_CM7_GCC.a(layers_conv2d_stm32_integer.o) (st_int8_int8symwt_convolve_HWC_basic_nonsquare)
../Middlewares/ST/AI/Lib\NetworkRuntime500_CM7_GCC.a(st_int8_int8symwt_convolve_HWC_basic_nonsquare_CH.o)
                              ../Middlewares/ST/AI/Lib\NetworkRuntime500_CM7_GCC.a(layers_conv2d_stm32_integer.o) (st_int8_int8symwt_convolve_HWC_basic_nonsquare_CH)
../Middlewares/ST/AI/Lib\NetworkRuntime500_CM7_GCC.a(st_int8_int8symwt_convolve_HWC_RGB.o)
                              ../Middlewares/ST/AI/Lib\NetworkRuntime500_CM7_GCC.a(layers_conv2d_stm32_integer.o) (st_int8_int8symwt_convolve_HWC_RGB)
../Middlewares/ST/AI/Lib\NetworkRuntime500_CM7_GCC.a(st_int8_int8symwt_convolve_HWC_RGB_CH.o)
                              ../Middlewares/ST/AI/Lib\NetworkRuntime500_CM7_GCC.a(layers_conv2d_stm32_integer.o) (st_int8_int8symwt_convolve_HWC_RGB_CH)
../Middlewares/ST/AI/Lib\NetworkRuntime500_CM7_GCC.a(st_int8_int8symwt_dense.o)
                              ../Middlewares/ST/AI/Lib\NetworkRuntime500_CM7_GCC.a(layers_conv2d_stm32_integer.o) (st_int8_int8symwt_fully_connected)
../Middlewares/ST/AI/Lib\NetworkRuntime500_CM7_GCC.a(st_int8_int8symwt_dense_CH.o)
                              ../Middlewares/ST/AI/Lib\NetworkRuntime500_CM7_GCC.a(layers_conv2d_stm32_integer.o) (st_int8_int8symwt_fully_connected_CH)
../Middlewares/ST/AI/Lib\NetworkRuntime500_CM7_GCC.a(st_int8_int8symwt_depthwise_separable_conv_HWC_nonsquare.o)
                              ../Middlewares/ST/AI/Lib\NetworkRuntime500_CM7_GCC.a(layers_conv2d_stm32_integer.o) (st_int8_int8symwt_DW_HWC_Wadapt)
../Middlewares/ST/AI/Lib\NetworkRuntime500_CM7_GCC.a(st_int8_int8symwt_depthwise_separable_conv_HWC_nonsquare_CH.o)
                              ../Middlewares/ST/AI/Lib\NetworkRuntime500_CM7_GCC.a(layers_conv2d_stm32_integer.o) (st_int8_int8symwt_DW_HWC_Wadapt_CH)
../Middlewares/ST/AI/Lib\NetworkRuntime500_CM7_GCC.a(st_int8_int8symwt_nn_mat_mult_kernel.o)
                              ../Middlewares/ST/AI/Lib\NetworkRuntime500_CM7_GCC.a(st_int8_int8symwt_convolve_HWC_basic_nonsquare.o) (st_int8_int8symwt_nn_mat_mult_kernel)
../Middlewares/ST/AI/Lib\NetworkRuntime500_CM7_GCC.a(st_int8_int8symwt_nn_mat_mult_kernel_CH.o)
                              ../Middlewares/ST/AI/Lib\NetworkRuntime500_CM7_GCC.a(st_int8_int8symwt_convolve_HWC_basic_nonsquare_CH.o) (st_int8_int8symwt_nn_mat_mult_kernel_CH)
[...]
Memory Configuration

Name             Origin             Length             Attributes
RAM              0x0000000020000000 0x0000000000040000 xrw
FLASH            0x0000000008000000 0x0000000000080000 xr
*default*        0x0000000000000000 0xffffffffffffffff

Linker script and memory map

LOAD c:/st/stm32cubeide_1.3.0/stm32cubeide/plugins/com.st.stm32cube.ide.mcu.externaltools.gnu-tools-for-stm32.7-2018-q2-update.win32_1.0.0.201904181610/tools/bin/../lib/gcc/arm-none-eabi/7.3.1/thumb/v7e-m/fpv4-sp/hard/crti.o
LOAD c:/st/stm32cubeide_1.3.0/stm32cubeide/plugins/com.st.stm32cube.ide.mcu.externaltools.gnu-tools-for-stm32.7-2018-q2-update.win32_1.0.0.201904181610/tools/bin/../lib/gcc/arm-none-eabi/7.3.1/thumb/v7e-m/fpv4-sp/hard/crtbegin.o
LOAD c:/st/stm32cubeide_1.3.0/stm32cubeide/plugins/com.st.stm32cube.ide.mcu.externaltools.gnu-tools-for-stm32.7-2018-q2-update.win32_1.0.0.201904181610/tools/bin/../lib/gcc/arm-none-eabi/7.3.1/../../../../arm-none-eabi/lib/thumb/v7e-m/fpv4-sp/hard/crt0.o
LOAD Core/Src/CycleCounter.o
LOAD Core/Src/main.o
LOAD Core/Src/stm32f7xx_hal_msp.o
LOAD Core/Src/stm32f7xx_it.o
LOAD Core/Src/syscalls.o
LOAD Core/Src/sysmem.o
LOAD Core/Src/system_stm32f7xx.o
LOAD Core/Startup/startup_stm32f723iekx.o
LOAD Drivers/STM32F7xx_HAL_Driver/Src/stm32f7xx_hal.o
LOAD Drivers/STM32F7xx_HAL_Driver/Src/stm32f7xx_hal_cortex.o
LOAD Drivers/STM32F7xx_HAL_Driver/Src/stm32f7xx_hal_crc.o
LOAD Drivers/STM32F7xx_HAL_Driver/Src/stm32f7xx_hal_crc_ex.o
LOAD Drivers/STM32F7xx_HAL_Driver/Src/stm32f7xx_hal_dma.o
LOAD Drivers/STM32F7xx_HAL_Driver/Src/stm32f7xx_hal_dma_ex.o
LOAD Drivers/STM32F7xx_HAL_Driver/Src/stm32f7xx_hal_exti.o
LOAD Drivers/STM32F7xx_HAL_Driver/Src/stm32f7xx_hal_flash.o
LOAD Drivers/STM32F7xx_HAL_Driver/Src/stm32f7xx_hal_flash_ex.o
LOAD Drivers/STM32F7xx_HAL_Driver/Src/stm32f7xx_hal_gpio.o
LOAD Drivers/STM32F7xx_HAL_Driver/Src/stm32f7xx_hal_i2c.o
LOAD Drivers/STM32F7xx_HAL_Driver/Src/stm32f7xx_hal_i2c_ex.o
LOAD Drivers/STM32F7xx_HAL_Driver/Src/stm32f7xx_hal_pwr.o
LOAD Drivers/STM32F7xx_HAL_Driver/Src/stm32f7xx_hal_pwr_ex.o
LOAD Drivers/STM32F7xx_HAL_Driver/Src/stm32f7xx_hal_rcc.o
LOAD Drivers/STM32F7xx_HAL_Driver/Src/stm32f7xx_hal_rcc_ex.o
LOAD Drivers/STM32F7xx_HAL_Driver/Src/stm32f7xx_hal_tim.o
LOAD Drivers/STM32F7xx_HAL_Driver/Src/stm32f7xx_hal_tim_ex.o
LOAD Drivers/STM32F7xx_HAL_Driver/Src/stm32f7xx_hal_uart.o
LOAD Drivers/STM32F7xx_HAL_Driver/Src/stm32f7xx_hal_uart_ex.o
LOAD X-CUBE-AI/App/app_x-cube-ai.o
LOAD X-CUBE-AI/App/network.o
LOAD X-CUBE-AI/App/network_data.o
LOAD ../Middlewares/ST/AI/Lib\NetworkRuntime500_CM7_GCC.a
START GROUP
LOAD c:/st/stm32cubeide_1.3.0/stm32cubeide/plugins/com.st.stm32cube.ide.mcu.externaltools.gnu-tools-for-stm32.7-2018-q2-update.win32_1.0.0.201904181610/tools/bin/../lib/gcc/arm-none-eabi/7.3.1/../../../../arm-none-eabi/lib/thumb/v7e-m/fpv4-sp/hard\libc_nano.a
LOAD c:/st/stm32cubeide_1.3.0/stm32cubeide/plugins/com.st.stm32cube.ide.mcu.externaltools.gnu-tools-for-stm32.7-2018-q2-update.win32_1.0.0.201904181610/tools/bin/../lib/gcc/arm-none-eabi/7.3.1/../../../../arm-none-eabi/lib/thumb/v7e-m/fpv4-sp/hard\libm.a
END GROUP
START GROUP
LOAD c:/st/stm32cubeide_1.3.0/stm32cubeide/plugins/com.st.stm32cube.ide.mcu.externaltools.gnu-tools-for-stm32.7-2018-q2-update.win32_1.0.0.201904181610/tools/bin/../lib/gcc/arm-none-eabi/7.3.1/thumb/v7e-m/fpv4-sp/hard\libgcc.a
LOAD c:/st/stm32cubeide_1.3.0/stm32cubeide/plugins/com.st.stm32cube.ide.mcu.externaltools.gnu-tools-for-stm32.7-2018-q2-update.win32_1.0.0.201904181610/tools/bin/../lib/gcc/arm-none-eabi/7.3.1/../../../../arm-none-eabi/lib/thumb/v7e-m/fpv4-sp/hard\libc_nano.a
END GROUP
START GROUP
LOAD c:/st/stm32cubeide_1.3.0/stm32cubeide/plugins/com.st.stm32cube.ide.mcu.externaltools.gnu-tools-for-stm32.7-2018-q2-update.win32_1.0.0.201904181610/tools/bin/../lib/gcc/arm-none-eabi/7.3.1/thumb/v7e-m/fpv4-sp/hard\libgcc.a
LOAD c:/st/stm32cubeide_1.3.0/stm32cubeide/plugins/com.st.stm32cube.ide.mcu.externaltools.gnu-tools-for-stm32.7-2018-q2-update.win32_1.0.0.201904181610/tools/bin/../lib/gcc/arm-none-eabi/7.3.1/../../../../arm-none-eabi/lib/thumb/v7e-m/fpv4-sp/hard\libc_nano.a
LOAD c:/st/stm32cubeide_1.3.0/stm32cubeide/plugins/com.st.stm32cube.ide.mcu.externaltools.gnu-tools-for-stm32.7-2018-q2-update.win32_1.0.0.201904181610/tools/bin/../lib/gcc/arm-none-eabi/7.3.1/../../../../arm-none-eabi/lib/thumb/v7e-m/fpv4-sp/hard\libnosys.a
END GROUP
START GROUP
LOAD c:/st/stm32cubeide_1.3.0/stm32cubeide/plugins/com.st.stm32cube.ide.mcu.externaltools.gnu-tools-for-stm32.7-2018-q2-update.win32_1.0.0.201904181610/tools/bin/../lib/gcc/arm-none-eabi/7.3.1/thumb/v7e-m/fpv4-sp/hard\libgcc.a
LOAD c:/st/stm32cubeide_1.3.0/stm32cubeide/plugins/com.st.stm32cube.ide.mcu.externaltools.gnu-tools-for-stm32.7-2018-q2-update.win32_1.0.0.201904181610/tools/bin/../lib/gcc/arm-none-eabi/7.3.1/../../../../arm-none-eabi/lib/thumb/v7e-m/fpv4-sp/hard\libc_nano.a
LOAD c:/st/stm32cubeide_1.3.0/stm32cubeide/plugins/com.st.stm32cube.ide.mcu.externaltools.gnu-tools-for-stm32.7-2018-q2-update.win32_1.0.0.201904181610/tools/bin/../lib/gcc/arm-none-eabi/7.3.1/../../../../arm-none-eabi/lib/thumb/v7e-m/fpv4-sp/hard\libnosys.a
END GROUP
LOAD c:/st/stm32cubeide_1.3.0/stm32cubeide/plugins/com.st.stm32cube.ide.mcu.externaltools.gnu-tools-for-stm32.7-2018-q2-update.win32_1.0.0.201904181610/tools/bin/../lib/gcc/arm-none-eabi/7.3.1/thumb/v7e-m/fpv4-sp/hard/crtend.o
LOAD c:/st/stm32cubeide_1.3.0/stm32cubeide/plugins/com.st.stm32cube.ide.mcu.externaltools.gnu-tools-for-stm32.7-2018-q2-update.win32_1.0.0.201904181610/tools/bin/../lib/gcc/arm-none-eabi/7.3.1/thumb/v7e-m/fpv4-sp/hard/crtn.o
                0x0000000020040000                _estack = (ORIGIN (RAM) + LENGTH (RAM))
                0x0000000000000200                _Min_Heap_Size = 0x200
                0x0000000000000400                _Min_Stack_Size = 0x400

.isr_vector     0x0000000008000000      0x1e0
                0x0000000008000000                . = ALIGN (0x4)
 *(.isr_vector)
 .isr_vector    0x0000000008000000      0x1e0 Core/Startup/startup_stm32f723iekx.o
                0x0000000008000000                g_pfnVectors
                0x00000000080001e0                . = ALIGN (0x4)

.text           0x00000000080001e0    0x23934
                0x00000000080001e0                . = ALIGN (0x4)
 *(.text)
 .text          0x00000000080001e0       0x40 c:/st/stm32cubeide_1.3.0/stm32cubeide/plugins/com.st.stm32cube.ide.mcu.externaltools.gnu-tools-for-stm32.7-2018-q2-update.win32_1.0.0.201904181610/tools/bin/../lib/gcc/arm-none-eabi/7.3.1/thumb/v7e-m/fpv4-sp/hard/crtbegin.o
 .text          0x0000000008000220      0x10c ../Middlewares/ST/AI/Lib\NetworkRuntime500_CM7_GCC.a(ai_math_helpers.o)
                0x0000000008000220                ai_math_sqrt
                0x0000000008000238                ai_math_exp
                0x000000000800023c                ai_math_pow
                0x0000000008000240                ai_math_tanh
                0x0000000008000244                ai_math_cosh
                0x0000000008000248                ai_math_relu
                0x0000000008000258                ai_math_prelu
                0x0000000008000268                ai_math_sigmoid
                0x0000000008000288                ai_math_hard_sigmoid
                0x00000000080002bc                ai_math_sign
                0x00000000080002e8                ai_div
                0x00000000080002ee                ai_floor_div
                0x00000000080002f6                ai_floor_mod
                0x00000000080002fa                ai_max
                0x000000000800030a                ai_min
                0x000000000800031a                ai_mul
                0x0000000008000320                ai_sub
                0x0000000008000326                ai_sum
 .text          0x000000000800032c      0xd88 ../Middlewares/ST/AI/Lib\NetworkRuntime500_CM7_GCC.a(ai_platform_interface.o)
                0x00000000080004aa                ai_platform_runtime_get_revision
                0x0000000008000544                ai_platform_runtime_get_version
                0x00000000080005e2                ai_platform_api_get_version
                0x0000000008000680                ai_platform_interface_api_get_version
                0x000000000800071e                ai_platform_context_acquire
                0x00000000080007c8                ai_platform_context_release
                0x00000000080007d4                ai_platform_network_get_error
                0x000000000800088e                ai_platform_network_set_error
                0x000000000800089a                ai_platform_api_get_network_report
                0x0000000008000a14                ai_platform_network_create
                0x0000000008000a80                ai_platform_network_destroy
                0x0000000008000b20                ai_platform_network_init
                0x0000000008000c50                ai_platform_network_process
 .text          0x00000000080010b4       0x24 ../Middlewares/ST/AI/Lib\NetworkRuntime500_CM7_GCC.a(core_common.o)
                0x00000000080010b4                core_init
                0x00000000080010b8                core_get_error
                0x00000000080010c2                core_set_error
 .text          0x00000000080010d8      0x6d8 ../Middlewares/ST/AI/Lib\NetworkRuntime500_CM7_GCC.a(core_convert.o)
                0x000000000800112c                node_convert
                0x0000000008001518                node_convert_fixed
                0x0000000008001628                node_convert_integer
                0x000000000800174c                core_shape_to_stride
 .text          0x00000000080017b0      0x260 ../Middlewares/ST/AI/Lib\NetworkRuntime500_CM7_GCC.a(layers.o)
                0x00000000080017b0                ai_layers_forward_layer
                0x00000000080017c4                ai_check_custom_types
                0x00000000080017ec                ai_layer_type_name
                0x00000000080018fc                ai_layer_type_is_valid
                0x0000000008001918                ai_layers_forward_all
 .text          0x0000000008001a10     0x20e4 ../Middlewares/ST/AI/Lib\NetworkRuntime500_CM7_GCC.a(layers_conv2d_stm32_integer.o)
                0x0000000008001ad4                forward_conv2d_integer
                0x0000000008002924                forward_conv2d_nl_pool_integer
                0x00000000080037e4                forward_dense_integer
 .text          0x0000000008003af4     0x1e58 ../Middlewares/ST/AI/Lib\NetworkRuntime500_CM7_GCC.a(layers_generic_float.o)
                0x0000000008003af4                forward_time_delay
                0x0000000008003d34                forward_split
                0x000000000800404c                forward_topK
                0x00000000080041c4                forward_slice
                0x0000000008004518                forward_tile
                0x00000000080045d8                forward_pad
                0x00000000080049e8                forward_upsample
                0x0000000008004dd4                forward_instanceNormalization
                0x0000000008005090                forward_add
                0x00000000080050c0                forward_concat
                0x000000000800516c                forward_transpose
                0x0000000008005284                forward_time_distributed
                0x0000000008005620                forward_eltwise
                0x0000000008005798                forward_reduce
 .text          0x000000000800594c     0x2528 ../Middlewares/ST/AI/Lib\NetworkRuntime500_CM7_GCC.a(layers_nl_generic_float.o)
                0x00000000080059a0                nl_func_acos_array_f32
                0x00000000080059d0                forward_acos
                0x0000000008005a88                nl_func_acosh_array_f32
                0x0000000008005ab8                forward_acosh
                0x0000000008005b70                nl_func_asin_array_f32
                0x0000000008005ba0                forward_asin
                0x0000000008005c58                nl_func_asinh_array_f32
                0x0000000008005c88                forward_asinh
                0x0000000008005d40                nl_func_atan_array_f32
                0x0000000008005d70                forward_atan
                0x0000000008005e28                nl_func_atanh_array_f32
                0x0000000008005e58                forward_atanh
                0x0000000008005f10                nl_func_cos_array_f32
                0x0000000008005f40                forward_cos
                0x0000000008005ff8                nl_func_cosh_array_f32
                0x0000000008006028                forward_cosh
                0x00000000080060e0                nl_func_erf_array_f32
                0x0000000008006110                forward_erf
                0x00000000080061c8                nl_func_log_array_f32
                0x00000000080061f8                forward_log
                0x00000000080062b0                nl_func_rsqrt_array_f32
                0x00000000080062e8                forward_rsqrt
                0x00000000080063ac                nl_func_sin_array_f32
                0x00000000080063dc                forward_sin
                0x0000000008006494                nl_func_sinh_array_f32
                0x00000000080064c4                forward_sinh
                0x000000000800657c                nl_func_tan_array_f32
                0x00000000080065ac                forward_tan
                0x0000000008006664                nl_func_abs_array_f32
                0x000000000800668c                forward_abs
                0x000000000800673c                nl_func_ceil_array_f32
                0x000000000800676c                forward_ceil
                0x0000000008006824                nl_func_floor_array_f32
                0x0000000008006854                forward_floor
                0x000000000800690c                nl_func_round_array_f32
                0x000000000800693c                forward_round
                0x00000000080069f4                nl_func_neg_array_f32
                0x0000000008006a64                forward_neg
                0x0000000008006b5c                nl_func_reciprocal_array_f32
                0x0000000008006bd8                forward_reciprocal
                0x0000000008006cdc                nl_func_exp_array_f32
                0x0000000008006d0c                forward_exp
                0x0000000008006dc4                nl_func_sigmoid_array_f32
                0x0000000008006e08                forward_sigmoid
                0x0000000008006ed4                nl_func_sign_array_f32
                0x0000000008006f14                forward_sign
                0x0000000008006fe4                nl_func_sqrt_array_f32
                0x0000000008007014                forward_sqrt
                0x00000000080070d0                nl_func_soft_plus_array_f32
                0x000000000800710c                forward_soft_plus
                0x00000000080071d0                nl_func_soft_sign_array_f32
                0x0000000008007208                forward_soft_sign
                0x00000000080072c8                nl_func_tanh_array_f32
                0x00000000080072f8                forward_tanh
                0x00000000080073b0                nl_func_relu_array_f32
                0x00000000080073e4                nl_func_sm_channel_f32
                0x0000000008007508                nl_func_sm_array_f32
                0x0000000008007568                nl_func_hard_sigmoid_array_f32
                0x00000000080075c8                nl_func_clip_array_f32
                0x0000000008007614                nl_func_hardmax_array_f32
                0x00000000080076fc                nl_func_relu_generic_array_f32
                0x00000000080077b8                nl_func_relu_thresholded_array_f32
                0x00000000080077f0                nl_func_elu_array_f32
                0x0000000008007874                nl_func_selu_array_f32
                0x00000000080078f8                nl_func_prelu_array_f32
                0x0000000008007958                forward_relu
                0x0000000008007a0c                forward_relu_thresholded
                0x0000000008007ad8                forward_elu
                0x0000000008007b28                forward_selu
                0x0000000008007b78                forward_prelu
                0x0000000008007c98                forward_clip
                0x0000000008007ce8                forward_hard_sigmoid
                0x0000000008007dd8                forward_sm
                0x0000000008007e2c                forward_hardmax
 .text          0x0000000008007e74      0x382 ../Middlewares/ST/AI/Lib\NetworkRuntime500_CM7_GCC.a(layers_pool_stm32_integer.o)
                0x0000000008007e74                pool_func_mp_array_integer
                0x0000000008007fb4                forward_mp_integer
                0x0000000008008034                pool_func_ap_array_integer
                0x0000000008008178                forward_ap_integer
 *fill*         0x00000000080081f6        0x2 
 .text          0x00000000080081f8      0x508 ../Middlewares/ST/AI/Lib\NetworkRuntime500_CM7_GCC.a(layers_stm32_integer.o)
                0x000000000800824c                forward_add_integer
 .text          0x0000000008008700       0xba ../Middlewares/ST/AI/Lib\NetworkRuntime500_CM7_GCC.a(st_int8_add.o)
                0x0000000008008700                st_int8_add
 *fill*         0x00000000080087ba        0x2 
 .text          0x00000000080087bc      0x22e ../Middlewares/ST/AI/Lib\NetworkRuntime500_CM7_GCC.a(st_int8_int8symwt_convolve_1x1_HWC_fast_nonsquare.o)
                0x00000000080087bc                st_int8_int8symwt_convolve_1x1_HWC_fast_nonsquare
 *fill*         0x00000000080089ea        0x2 
 .text          0x00000000080089ec      0x318 ../Middlewares/ST/AI/Lib\NetworkRuntime500_CM7_GCC.a(st_int8_int8symwt_convolve_1x1_HWC_fast_nonsquare_CH.o)
                0x00000000080089ec                st_int8_int8symwt_convolve_1x1_HWC_fast_nonsquare_CH
 .text          0x0000000008008d04      0x5c4 ../Middlewares/ST/AI/Lib\NetworkRuntime500_CM7_GCC.a(st_int8_int8symwt_convolve_HWC_basic_nonsquare.o)
                0x0000000008008d04                st_int8_int8symwt_convolve_HWC_basic_rank1upd
                0x0000000008008db8                st_int8_int8symwt_convolve_HWC_basic_nonsquare
 .text          0x00000000080092c8      0x684 ../Middlewares/ST/AI/Lib\NetworkRuntime500_CM7_GCC.a(st_int8_int8symwt_convolve_HWC_basic_nonsquare_CH.o)
                0x00000000080092c8                st_int8_int8symwt_convolve_HWC_basic_rank1upd_CH
                0x000000000800937c                st_int8_int8symwt_convolve_HWC_basic_nonsquare_CH
 .text          0x000000000800994c      0x49a ../Middlewares/ST/AI/Lib\NetworkRuntime500_CM7_GCC.a(st_int8_int8symwt_convolve_HWC_RGB.o)
                0x000000000800994c                st_int8_int8symwt_convolve_HWC_RGB
 *fill*         0x0000000008009de6        0x2 
 .text          0x0000000008009de8      0x56a ../Middlewares/ST/AI/Lib\NetworkRuntime500_CM7_GCC.a(st_int8_int8symwt_convolve_HWC_RGB_CH.o)
                0x0000000008009de8                st_int8_int8symwt_convolve_HWC_RGB_CH
 *fill*         0x000000000800a352        0x2 
 .text          0x000000000800a354      0x338 ../Middlewares/ST/AI/Lib\NetworkRuntime500_CM7_GCC.a(st_int8_int8symwt_dense.o)
                0x000000000800a354                st_int8_int8symwt_fully_connected
 .text          0x000000000800a68c      0x330 ../Middlewares/ST/AI/Lib\NetworkRuntime500_CM7_GCC.a(st_int8_int8symwt_dense_CH.o)
                0x000000000800a68c                st_int8_int8symwt_fully_connected_CH
 .text          0x000000000800a9bc      0xf5e ../Middlewares/ST/AI/Lib\NetworkRuntime500_CM7_GCC.a(st_int8_int8symwt_depthwise_separable_conv_HWC_nonsquare.o)
                0x000000000800a9bc                st_int8_int8symwt_DW_HWC_Wadapt
                0x000000000800aaf0                st_int8_int8symwt_depthwise_separable_conv_HWC_nonsquare
 *fill*         0x000000000800b91a        0x2 
 .text          0x000000000800b91c     0x115e ../Middlewares/ST/AI/Lib\NetworkRuntime500_CM7_GCC.a(st_int8_int8symwt_depthwise_separable_conv_HWC_nonsquare_CH.o)
                0x000000000800b91c                st_int8_int8symwt_DW_HWC_Wadapt_CH
                0x000000000800ba48                st_int8_int8symwt_depthwise_separable_conv_HWC_nonsquare_CH
 *fill*         0x000000000800ca7a        0x2 
 .text          0x000000000800ca7c      0x37c ../Middlewares/ST/AI/Lib\NetworkRuntime500_CM7_GCC.a(st_int8_int8symwt_nn_mat_mult_kernel.o)
                0x000000000800ca7c                st_int8_int8symwt_nn_mat_mult_kernel
 .text          0x000000000800cdf8      0x3f0 ../Middlewares/ST/AI/Lib\NetworkRuntime500_CM7_GCC.a(st_int8_int8symwt_nn_mat_mult_kernel_CH.o)
                0x000000000800cdf8                st_int8_int8symwt_nn_mat_mult_kernel_CH
 .text          0x000000000800d1e8      0x330 ../Middlewares/ST/AI/Lib\NetworkRuntime500_CM7_GCC.a(st_int8_int8symwt_nn_mat_mult_kernel_reordered.o)
                0x000000000800d1e8                st_int8_int8symwt_nn_mat_mult_kernel_reordered
 .text          0x000000000800d518      0x3de ../Middlewares/ST/AI/Lib\NetworkRuntime500_CM7_GCC.a(st_int8_int8symwt_nn_mat_mult_kernel_reordered_CH.o)
                0x000000000800d518                st_int8_int8symwt_nn_mat_mult_kernel_reordered_CH
 *fill*         0x000000000800d8f6        0x2 
 .text          0x000000000800d8f8      0x9c2 ../Middlewares/ST/AI/Lib\NetworkRuntime500_CM7_GCC.a(st_int8_pool.o)
                0x000000000800d8f8                st_int8_gloavepool
                0x000000000800da6c                st_int8_avepool
                0x000000000800dcd0                st_int8_glomaxpool
                0x000000000800ded0                st_int8_maxpool
 *fill*         0x000000000800e2ba        0x2 
 .text          0x000000000800e2bc       0x88 ../Middlewares/ST/AI/Lib\NetworkRuntime500_CM7_GCC.a(st_int8_reordered_no_shift.o)
                0x000000000800e2bc                st_int8_reordered_no_shift
                0x000000000800e2f4                st_int8_reordered_no_shift_zero
 .text          0x000000000800e344      0x22a ../Middlewares/ST/AI/Lib\NetworkRuntime500_CM7_GCC.a(st_int8symwt_convolve_1x1_HWC_fast_nonsquare.o)
                0x000000000800e344                st_int8symwt_convolve_1x1_HWC_fast_nonsquare
 *fill*         0x000000000800e56e        0x2 
 .text          0x000000000800e570      0x316 ../Middlewares/ST/AI/Lib\NetworkRuntime500_CM7_GCC.a(st_int8symwt_convolve_1x1_HWC_fast_nonsquare_CH.o)
                0x000000000800e570                st_int8symwt_convolve_1x1_HWC_fast_nonsquare_CH
 *fill*         0x000000000800e886        0x2 
 .text          0x000000000800e888      0x5c6 ../Middlewares/ST/AI/Lib\NetworkRuntime500_CM7_GCC.a(st_int8symwt_convolve_HWC_basic_nonsquare.o)
                0x000000000800e888                st_int8symwt_convolve_HWC_basic_rank1upd
                0x000000000800e93c                st_int8symwt_convolve_HWC_basic_nonsquare
 *fill*         0x000000000800ee4e        0x2 
 .text          0x000000000800ee50      0x68e ../Middlewares/ST/AI/Lib\NetworkRuntime500_CM7_GCC.a(st_int8symwt_convolve_HWC_basic_nonsquare_CH.o)
                0x000000000800ee50                st_int8symwt_convolve_HWC_basic_rank1upd_CH
                0x000000000800ef04                st_int8symwt_convolve_HWC_basic_nonsquare_CH
 *fill*         0x000000000800f4de        0x2 
 .text          0x000000000800f4e0      0x478 ../Middlewares/ST/AI/Lib\NetworkRuntime500_CM7_GCC.a(st_int8symwt_convolve_HWC_RGB.o)
                0x000000000800f4e0                st_int8symwt_convolve_HWC_RGB
 .text          0x000000000800f958      0x55a ../Middlewares/ST/AI/Lib\NetworkRuntime500_CM7_GCC.a(st_int8symwt_convolve_HWC_RGB_CH.o)
                0x000000000800f958                st_int8symwt_convolve_HWC_RGB_CH
 *fill*         0x000000000800feb2        0x2 
 .text          0x000000000800feb4      0x334 ../Middlewares/ST/AI/Lib\NetworkRuntime500_CM7_GCC.a(st_int8symwt_dense.o)
                0x000000000800feb4                st_int8symwt_fully_connected
 .text          0x00000000080101e8      0x334 ../Middlewares/ST/AI/Lib\NetworkRuntime500_CM7_GCC.a(st_int8symwt_dense_CH.o)
                0x00000000080101e8                st_int8symwt_fully_connected_CH
 .text          0x000000000801051c      0xf7e ../Middlewares/ST/AI/Lib\NetworkRuntime500_CM7_GCC.a(st_int8symwt_depthwise_separable_conv_HWC_nonsquare.o)
                0x000000000801051c                st_int8symwt_DW_HWC_Wadapt
                0x0000000008010650                st_int8symwt_depthwise_separable_conv_HWC_nonsquare
 *fill*         0x000000000801149a        0x2 
 .text          0x000000000801149c     0x117e ../Middlewares/ST/AI/Lib\NetworkRuntime500_CM7_GCC.a(st_int8symwt_depthwise_separable_conv_HWC_nonsquare_CH.o)
                0x000000000801149c                st_int8symwt_DW_HWC_Wadapt_CH
                0x00000000080115c8                st_int8symwt_depthwise_separable_conv_HWC_nonsquare_CH
 *fill*         0x000000000801261a        0x2 
 .text          0x000000000801261c      0x382 ../Middlewares/ST/AI/Lib\NetworkRuntime500_CM7_GCC.a(st_int8symwt_nn_mat_mult_kernel.o)
                0x000000000801261c                st_int8symwt_nn_mat_mult_kernel
 *fill*         0x000000000801299e        0x2 
 .text          0x00000000080129a0      0x3f0 ../Middlewares/ST/AI/Lib\NetworkRuntime500_CM7_GCC.a(st_int8symwt_nn_mat_mult_kernel_CH.o)
                0x00000000080129a0                st_int8symwt_nn_mat_mult_kernel_CH
 .text          0x0000000008012d90      0x334 ../Middlewares/ST/AI/Lib\NetworkRuntime500_CM7_GCC.a(st_int8symwt_nn_mat_mult_kernel_reordered.o)
                0x0000000008012d90                st_int8symwt_nn_mat_mult_kernel_reordered
 .text          0x00000000080130c4      0x3d6 ../Middlewares/ST/AI/Lib\NetworkRuntime500_CM7_GCC.a(st_int8symwt_nn_mat_mult_kernel_reordered_CH.o)
                0x00000000080130c4                st_int8symwt_nn_mat_mult_kernel_reordered_CH
 *fill*         0x000000000801349a        0x2 
 .text          0x000000000801349c       0xa0 ../Middlewares/ST/AI/Lib\NetworkRuntime500_CM7_GCC.a(st_uint8_add.o)
                0x000000000801349c                st_uint8_add
 .text          0x000000000801353c      0x2e4 ../Middlewares/ST/AI/Lib\NetworkRuntime500_CM7_GCC.a(st_uint8_convolve_1x1_HWC_fast_nonsquare.o)
                0x000000000801353c                st_uint8_convolve_1x1_HWC_fast_nonsquare
 .text          0x0000000008013820      0x3c2 ../Middlewares/ST/AI/Lib\NetworkRuntime500_CM7_GCC.a(st_uint8_convolve_1x1_HWC_fast_nonsquare_CH.o)
                0x0000000008013820                st_uint8_convolve_1x1_HWC_fast_nonsquare_CH
 *fill*         0x0000000008013be2        0x2 
 .text          0x0000000008013be4      0x688 ../Middlewares/ST/AI/Lib\NetworkRuntime500_CM7_GCC.a(st_uint8_convolve_HWC_basic_nonsquare.o)
                0x0000000008013be4                st_uint8_convolve_HWC_basic_rank1upd
                0x0000000008013c98                st_uint8_convolve_HWC_basic_nonsquare
 .text          0x000000000801426c      0x74c ../Middlewares/ST/AI/Lib\NetworkRuntime500_CM7_GCC.a(st_uint8_convolve_HWC_basic_nonsquare_CH.o)
                0x000000000801426c                st_uint8_convolve_HWC_basic_rank1upd_CH
                0x0000000008014320                st_uint8_convolve_HWC_basic_nonsquare_CH
 .text          0x00000000080149b8     0x1398 ../Middlewares/ST/AI/Lib\NetworkRuntime500_CM7_GCC.a(st_uint8_convolve_HWC_reference.o)
                0x00000000080149b8                st_uint8_convolve_HWC_reference
                0x0000000008014cac                st_uint8_convolve_HWC_reference_CH
                0x0000000008014fc8                st_int8symwt_convolve_HWC_reference
                0x0000000008015274                st_int8symwt_convolve_HWC_reference_CH
                0x000000000801556c                st_int8_int8symwt_convolve_HWC_reference
                0x0000000008015814                st_int8_int8symwt_convolve_HWC_reference_CH
                0x0000000008015b08                align_factor
                0x0000000008015c08                align_factor_ch
 .text          0x0000000008015d50      0x502 ../Middlewares/ST/AI/Lib\NetworkRuntime500_CM7_GCC.a(st_uint8_convolve_HWC_RGB.o)
                0x0000000008015d50                st_uint8_convolve_HWC_RGB
 *fill*         0x0000000008016252        0x2 
 .text          0x0000000008016254      0x598 ../Middlewares/ST/AI/Lib\NetworkRuntime500_CM7_GCC.a(st_uint8_convolve_HWC_RGB_CH.o)
                0x0000000008016254                st_uint8_convolve_HWC_RGB_CH
 .text          0x00000000080167ec      0x444 ../Middlewares/ST/AI/Lib\NetworkRuntime500_CM7_GCC.a(st_uint8_dense.o)
                0x00000000080167ec                st_uint8_fully_connected
 .text          0x0000000008016c30      0x3e2 ../Middlewares/ST/AI/Lib\NetworkRuntime500_CM7_GCC.a(st_uint8_dense_CH.o)
                0x0000000008016c30                st_uint8_fully_connected_CH
 *fill*         0x0000000008017012        0x2 
 .text          0x0000000008017014      0xfd2 ../Middlewares/ST/AI/Lib\NetworkRuntime500_CM7_GCC.a(st_uint8_depthwise_separable_conv_HWC_nonsquare.o)
                0x0000000008017014                st_uint8_DW_HWC_Wadapt
                0x000000000801719c                st_uint8_depthwise_separable_conv_HWC_nonsquare
 *fill*         0x0000000008017fe6        0x2 
 .text          0x0000000008017fe8     0x1216 ../Middlewares/ST/AI/Lib\NetworkRuntime500_CM7_GCC.a(st_uint8_depthwise_separable_conv_HWC_nonsquare_CH.o)
                0x0000000008017fe8                st_uint8_DW_HWC_Wadapt_CH
                0x00000000080181ac                st_uint8_depthwise_separable_conv_HWC_nonsquare_CH
 .text          0x00000000080191fe       0x38 ../Middlewares/ST/AI/Lib\NetworkRuntime500_CM7_GCC.a(st_uint8_fill.o)
                0x00000000080191fe                st_uint8_fill
 *fill*         0x0000000008019236        0x2 
 .text          0x0000000008019238      0x4be ../Middlewares/ST/AI/Lib\NetworkRuntime500_CM7_GCC.a(st_uint8_nn_mat_mult_kernel.o)
                0x0000000008019238                st_uint8_nn_mat_mult_kernel
 *fill*         0x00000000080196f6        0x2 
 .text          0x00000000080196f8      0x552 ../Middlewares/ST/AI/Lib\NetworkRuntime500_CM7_GCC.a(st_uint8_nn_mat_mult_kernel_CH.o)
                0x00000000080196f8                st_uint8_nn_mat_mult_kernel_CH
 *fill*         0x0000000008019c4a        0x2 
 .text          0x0000000008019c4c      0x43c ../Middlewares/ST/AI/Lib\NetworkRuntime500_CM7_GCC.a(st_uint8_nn_mat_mult_kernel_reordered.o)
                0x0000000008019c4c                st_uint8_nn_mat_mult_kernel_reordered
 .text          0x000000000801a088      0x4ea ../Middlewares/ST/AI/Lib\NetworkRuntime500_CM7_GCC.a(st_uint8_nn_mat_mult_kernel_reordered_CH.o)
                0x000000000801a088                st_uint8_nn_mat_mult_kernel_reordered_CH
 *fill*         0x000000000801a572        0x2 
 .text          0x000000000801a574      0x904 ../Middlewares/ST/AI/Lib\NetworkRuntime500_CM7_GCC.a(st_uint8_pool.o)
                0x000000000801a574                st_uint8_gloavepool
                0x000000000801a6cc                st_uint8_avepool
                0x000000000801a914                st_uint8_glomaxpool
                0x000000000801aac8                st_uint8_maxpool
 .text          0x000000000801ae78       0x84 ../Middlewares/ST/AI/Lib\NetworkRuntime500_CM7_GCC.a(st_uint8_reordered_no_shift.o)
                0x000000000801ae78                st_uint8_reordered_no_shift
                0x000000000801aeb0                st_uint8_reordered_no_shift_zero
 .text          0x000000000801aefc       0x40 ../Middlewares/ST/AI/Lib\NetworkRuntime500_CM7_GCC.a(st_uint8_to16_no_shift.o)
                0x000000000801aefc                st_uint8_to16_no_shift
 .text          0x000000000801af3c      0x8f0 ../Middlewares/ST/AI/Lib\NetworkRuntime500_CM7_GCC.a(ai_datatypes_format.o)
                0x000000000801af3c                ai_array_fmt_name
                0x000000000801b0e6                ai_array_fmt_exported
                0x000000000801b1ca                ai_array_fmt_valid
                0x000000000801b2b0                ai_array_fmt_get_formats
                0x000000000801b2c0                ai_buffer_fmt_name
                0x000000000801b386                ai_buffer_fmt_valid
                0x000000000801b3f4                ai_buffer_fmt_get_formats
                0x000000000801b3fc                ai_array_to_buffer_fmt
                0x000000000801b4a8                ai_buffer_to_array_fmt
                0x000000000801b5ac                ai_array_get_byte_size
                0x000000000801b602                ai_array_get_data_byte_size
                0x000000000801b62a                ai_array_get_elems_from_size
 .text          0x000000000801b82c       0x36 ../Middlewares/ST/AI/Lib\NetworkRuntime500_CM7_GCC.a(arm_copy_q7.o)
                0x000000000801b82c                arm_copy_q7
 .text          0x000000000801b862       0x34 ../Middlewares/ST/AI/Lib\NetworkRuntime500_CM7_GCC.a(arm_fill_q15.o)
                0x000000000801b862                arm_fill_q15
 *fill*         0x000000000801b896        0x2 
 .text          0x000000000801b898      0x11c ../Middlewares/ST/AI/Lib\NetworkRuntime500_CM7_GCC.a(arm_float_to_q15.o)
                0x000000000801b898                arm_float_to_q15
 .text          0x000000000801b9b4      0x128 ../Middlewares/ST/AI/Lib\NetworkRuntime500_CM7_GCC.a(arm_float_to_q7.o)
                0x000000000801b9b4                arm_float_to_q7
 .text          0x000000000801badc       0xfe ../Middlewares/ST/AI/Lib\NetworkRuntime500_CM7_GCC.a(arm_q15_to_float.o)
                0x000000000801badc                arm_q15_to_float
 *fill*         0x000000000801bbda        0x2 
 .text          0x000000000801bbdc       0x54 ../Middlewares/ST/AI/Lib\NetworkRuntime500_CM7_GCC.a(arm_q15_to_q7.o)
                0x000000000801bbdc                arm_q15_to_q7
 .text          0x000000000801bc30       0xfe ../Middlewares/ST/AI/Lib\NetworkRuntime500_CM7_GCC.a(arm_q7_to_float.o)
                0x000000000801bc30                arm_q7_to_float
 *fill*         0x000000000801bd2e        0x2 
 .text          0x000000000801bd30       0x64 ../Middlewares/ST/AI/Lib\NetworkRuntime500_CM7_GCC.a(arm_q7_to_q15.o)
                0x000000000801bd30                arm_q7_to_q15
 .text          0x000000000801bd94       0x40 ../Middlewares/ST/AI/Lib\NetworkRuntime500_CM7_GCC.a(arm_q7_to_q15_no_shift.o)
                0x000000000801bd94                arm_q7_to_q15_no_shift
 .text          0x000000000801bdd4       0xcc ../Middlewares/ST/AI/Lib\NetworkRuntime500_CM7_GCC.a(arm_shift_q15.o)
                0x000000000801bdd4                arm_shift_q15
 .text          0x000000000801bea0       0xee ../Middlewares/ST/AI/Lib\NetworkRuntime500_CM7_GCC.a(arm_shift_q7.o)
                0x000000000801bea0                arm_shift_q7
 *fill*         0x000000000801bf8e        0x2 
 .text          0x000000000801bf90      0x3d0 ../Middlewares/ST/AI/Lib\NetworkRuntime500_CM7_GCC.a(core_utils.o)
                0x000000000801c048                core_utils_compute_crc32
                0x000000000801c0f4                core_utils_generate_network_signature
                0x000000000801c13c                core_get_broadcasted_shape
                0x000000000801c1e8                core_compute_offsets
                0x000000000801c280                core_tensor_clone
                0x000000000801c352                core_array_clone
 .text          0x000000000801c360       0x7e ../Middlewares/ST/AI/Lib\NetworkRuntime500_CM7_GCC.a(core_mem_manager.o)
                0x000000000801c360                core_mem_alloc
                0x000000000801c37a                core_mem_free
                0x000000000801c3a0                core_mem_realloc
 .text          0x000000000801c3de       0x9a c:/st/stm32cubeide_1.3.0/stm32cubeide/plugins/com.st.stm32cube.ide.mcu.externaltools.gnu-tools-for-stm32.7-2018-q2-update.win32_1.0.0.201904181610/tools/bin/../lib/gcc/arm-none-eabi/7.3.1/../../../../arm-none-eabi/lib/thumb/v7e-m/fpv4-sp/hard\libc_nano.a(lib_a-aeabi_memset-soft.o)
                0x000000000801c3de                __aeabi_memset8
                0x000000000801c3de                __aeabi_memset4
                0x000000000801c3de                __aeabi_memset
 .text          0x000000000801c478      0x378 c:/st/stm32cubeide_1.3.0/stm32cubeide/plugins/com.st.stm32cube.ide.mcu.externaltools.gnu-tools-for-stm32.7-2018-q2-update.win32_1.0.0.201904181610/tools/bin/../lib/gcc/arm-none-eabi/7.3.1/thumb/v7e-m/fpv4-sp/hard\libgcc.a(_arm_addsubdf3.o)
                0x000000000801c478                __aeabi_drsub
                0x000000000801c480                __aeabi_dsub
                0x000000000801c480                __subdf3
                0x000000000801c484                __aeabi_dadd
                0x000000000801c484                __adddf3
                0x000000000801c6fc                __floatunsidf
                0x000000000801c6fc                __aeabi_ui2d
                0x000000000801c71c                __floatsidf
                0x000000000801c71c                __aeabi_i2d
                0x000000000801c740                __aeabi_f2d
                0x000000000801c740                __extendsfdf2
                0x000000000801c784                __floatundidf
                0x000000000801c784                __aeabi_ul2d
                0x000000000801c794                __floatdidf
                0x000000000801c794                __aeabi_l2d
 .text          0x000000000801c7f0      0x424 c:/st/stm32cubeide_1.3.0/stm32cubeide/plugins/com.st.stm32cube.ide.mcu.externaltools.gnu-tools-for-stm32.7-2018-q2-update.win32_1.0.0.201904181610/tools/bin/../lib/gcc/arm-none-eabi/7.3.1/thumb/v7e-m/fpv4-sp/hard\libgcc.a(_arm_muldivdf3.o)
                0x000000000801c7f0                __aeabi_dmul
                0x000000000801c7f0                __muldf3
                0x000000000801ca44                __divdf3
                0x000000000801ca44                __aeabi_ddiv
 .text          0x000000000801cc14       0xa0 c:/st/stm32cubeide_1.3.0/stm32cubeide/plugins/com.st.stm32cube.ide.mcu.externaltools.gnu-tools-for-stm32.7-2018-q2-update.win32_1.0.0.201904181610/tools/bin/../lib/gcc/arm-none-eabi/7.3.1/thumb/v7e-m/fpv4-sp/hard\libgcc.a(_arm_truncdfsf2.o)
                0x000000000801cc14                __truncdfsf2
                0x000000000801cc14                __aeabi_d2f
 .text          0x000000000801ccb4       0x30 c:/st/stm32cubeide_1.3.0/stm32cubeide/plugins/com.st.stm32cube.ide.mcu.externaltools.gnu-tools-for-stm32.7-2018-q2-update.win32_1.0.0.201904181610/tools/bin/../lib/gcc/arm-none-eabi/7.3.1/thumb/v7e-m/fpv4-sp/hard\libgcc.a(_aeabi_uldivmod.o)
                0x000000000801ccb4                __aeabi_uldivmod
 .text          0x000000000801cce4       0x24 c:/st/stm32cubeide_1.3.0/stm32cubeide/plugins/com.st.stm32cube.ide.mcu.externaltools.gnu-tools-for-stm32.7-2018-q2-update.win32_1.0.0.201904181610/tools/bin/../lib/gcc/arm-none-eabi/7.3.1/thumb/v7e-m/fpv4-sp/hard\libgcc.a(_fixsfdi.o)
                0x000000000801cce4                __fixsfdi
                0x000000000801cce4                __aeabi_f2lz
 .text          0x000000000801cd08       0x48 c:/st/stm32cubeide_1.3.0/stm32cubeide/plugins/com.st.stm32cube.ide.mcu.externaltools.gnu-tools-for-stm32.7-2018-q2-update.win32_1.0.0.201904181610/tools/bin/../lib/gcc/arm-none-eabi/7.3.1/thumb/v7e-m/fpv4-sp/hard\libgcc.a(_fixunssfdi.o)
                0x000000000801cd08                __fixunssfdi
                0x000000000801cd08                __aeabi_f2ulz
 .text          0x000000000801cd50      0x2cc c:/st/stm32cubeide_1.3.0/stm32cubeide/plugins/com.st.stm32cube.ide.mcu.externaltools.gnu-tools-for-stm32.7-2018-q2-update.win32_1.0.0.201904181610/tools/bin/../lib/gcc/arm-none-eabi/7.3.1/thumb/v7e-m/fpv4-sp/hard\libgcc.a(_udivmoddi4.o)
                0x000000000801cd50                __udivmoddi4
 .text          0x000000000801d01c        0x4 c:/st/stm32cubeide_1.3.0/stm32cubeide/plugins/com.st.stm32cube.ide.mcu.externaltools.gnu-tools-for-stm32.7-2018-q2-update.win32_1.0.0.201904181610/tools/bin/../lib/gcc/arm-none-eabi/7.3.1/thumb/v7e-m/fpv4-sp/hard\libgcc.a(_dvmd_tls.o)
                0x000000000801d01c                __aeabi_idiv0
                0x000000000801d01c                __aeabi_ldiv0
 .text          0x000000000801d020       0x40 c:/st/stm32cubeide_1.3.0/stm32cubeide/plugins/com.st.stm32cube.ide.mcu.externaltools.gnu-tools-for-stm32.7-2018-q2-update.win32_1.0.0.201904181610/tools/bin/../lib/gcc/arm-none-eabi/7.3.1/thumb/v7e-m/fpv4-sp/hard\libgcc.a(_arm_fixunsdfsi.o)
                0x000000000801d020                __aeabi_d2uiz
                0x000000000801d020                __fixunsdfsi
 *(.text*)
 .text.ResetTimer
                0x000000000801d060       0x58 Core/Src/CycleCounter.o
                0x000000000801d060                ResetTimer
 .text.StartTimer
                0x000000000801d0b8       0x24 Core/Src/CycleCounter.o
                0x000000000801d0b8                StartTimer
 .text.StopTimer
                0x000000000801d0dc       0x20 Core/Src/CycleCounter.o
                0x000000000801d0dc                StopTimer
 .text.getCycles
                0x000000000801d0fc       0x18 Core/Src/CycleCounter.o
                0x000000000801d0fc                getCycles
 .text.SCB_EnableICache
                0x000000000801d114       0x40 Core/Src/main.o
 .text.SCB_EnableDCache
                0x000000000801d154       0x80 Core/Src/main.o
 .text.main     0x000000000801d1d4      0x2b8 Core/Src/main.o
                0x000000000801d1d4                main
 .text.SystemClock_Config
                0x000000000801d48c      0x120 Core/Src/main.o
                0x000000000801d48c                SystemClock_Config
 .text.MX_CRC_Init
                0x000000000801d5ac       0x44 Core/Src/main.o
 .text.MX_USART6_UART_Init
                0x000000000801d5f0       0x60 Core/Src/main.o
 .text.MX_GPIO_Init
                0x000000000801d650       0x30 Core/Src/main.o
 .text.Error_Handler
                0x000000000801d680        0xe Core/Src/main.o
                0x000000000801d680                Error_Handler
 *fill*         0x000000000801d68e        0x2 
 .text.HAL_MspInit
                0x000000000801d690       0x48 Core/Src/stm32f7xx_hal_msp.o
                0x000000000801d690                HAL_MspInit
 .text.HAL_CRC_MspInit
                0x000000000801d6d8       0x40 Core/Src/stm32f7xx_hal_msp.o
                0x000000000801d6d8                HAL_CRC_MspInit
 .text.HAL_UART_MspInit
                0x000000000801d718       0x88 Core/Src/stm32f7xx_hal_msp.o
                0x000000000801d718                HAL_UART_MspInit
 .text.NMI_Handler
                0x000000000801d7a0        0xe Core/Src/stm32f7xx_it.o
                0x000000000801d7a0                NMI_Handler
 .text.HardFault_Handler
                0x000000000801d7ae        0x6 Core/Src/stm32f7xx_it.o
                0x000000000801d7ae                HardFault_Handler
 .text.MemManage_Handler
                0x000000000801d7b4        0x6 Core/Src/stm32f7xx_it.o
                0x000000000801d7b4                MemManage_Handler
 .text.BusFault_Handler
                0x000000000801d7ba        0x6 Core/Src/stm32f7xx_it.o
                0x000000000801d7ba                BusFault_Handler
 .text.UsageFault_Handler
                0x000000000801d7c0        0x6 Core/Src/stm32f7xx_it.o
                0x000000000801d7c0                UsageFault_Handler
 .text.SVC_Handler
                0x000000000801d7c6        0xe Core/Src/stm32f7xx_it.o
                0x000000000801d7c6                SVC_Handler
 .text.DebugMon_Handler
                0x000000000801d7d4        0xe Core/Src/stm32f7xx_it.o
                0x000000000801d7d4                DebugMon_Handler
 .text.PendSV_Handler
                0x000000000801d7e2        0xe Core/Src/stm32f7xx_it.o
                0x000000000801d7e2                PendSV_Handler
 .text.SysTick_Handler
                0x000000000801d7f0        0xc Core/Src/stm32f7xx_it.o
                0x000000000801d7f0                SysTick_Handler
 .text._sbrk    0x000000000801d7fc       0x58 Core/Src/sysmem.o
                0x000000000801d7fc                _sbrk
 .text.SystemInit
                0x000000000801d854       0x2c Core/Src/system_stm32f7xx.o
                0x000000000801d854                SystemInit
 .text.Reset_Handler
                0x000000000801d880       0x50 Core/Startup/startup_stm32f723iekx.o
                0x000000000801d880                Reset_Handler
 .text.Default_Handler
                0x000000000801d8d0        0x2 Core/Startup/startup_stm32f723iekx.o
                0x000000000801d8d0                RTC_Alarm_IRQHandler
                0x000000000801d8d0                EXTI2_IRQHandler
                0x000000000801d8d0                TIM8_CC_IRQHandler
                0x000000000801d8d0                UART8_IRQHandler
                0x000000000801d8d0                SPI4_IRQHandler
                0x000000000801d8d0                TIM1_CC_IRQHandler
                0x000000000801d8d0                DMA2_Stream5_IRQHandler
                0x000000000801d8d0                DMA1_Stream5_IRQHandler
                0x000000000801d8d0                PVD_IRQHandler
                0x000000000801d8d0                TAMP_STAMP_IRQHandler
                0x000000000801d8d0                EXTI3_IRQHandler
                0x000000000801d8d0                TIM8_TRG_COM_TIM14_IRQHandler
                0x000000000801d8d0                TIM1_UP_TIM10_IRQHandler
                0x000000000801d8d0                TIM8_UP_TIM13_IRQHandler
                0x000000000801d8d0                I2C3_ER_IRQHandler
                0x000000000801d8d0                EXTI0_IRQHandler
                0x000000000801d8d0                I2C2_EV_IRQHandler
                0x000000000801d8d0                DMA1_Stream2_IRQHandler
                0x000000000801d8d0                CAN1_RX0_IRQHandler
                0x000000000801d8d0                FPU_IRQHandler
                0x000000000801d8d0                OTG_HS_WKUP_IRQHandler
                0x000000000801d8d0                DMA2_Stream2_IRQHandler
                0x000000000801d8d0                SPI1_IRQHandler
                0x000000000801d8d0                TIM6_DAC_IRQHandler
                0x000000000801d8d0                TIM1_BRK_TIM9_IRQHandler
                0x000000000801d8d0                DMA2_Stream3_IRQHandler
                0x000000000801d8d0                SAI2_IRQHandler
                0x000000000801d8d0                USART6_IRQHandler
                0x000000000801d8d0                USART3_IRQHandler
                0x000000000801d8d0                CAN1_RX1_IRQHandler
                0x000000000801d8d0                UART5_IRQHandler
                0x000000000801d8d0                DMA2_Stream0_IRQHandler
                0x000000000801d8d0                TIM4_IRQHandler
                0x000000000801d8d0                QUADSPI_IRQHandler
                0x000000000801d8d0                I2C1_EV_IRQHandler
                0x000000000801d8d0                DMA1_Stream6_IRQHandler
                0x000000000801d8d0                DMA1_Stream1_IRQHandler
                0x000000000801d8d0                UART4_IRQHandler
                0x000000000801d8d0                TIM3_IRQHandler
                0x000000000801d8d0                RCC_IRQHandler
                0x000000000801d8d0                TIM8_BRK_TIM12_IRQHandler
                0x000000000801d8d0                Default_Handler
                0x000000000801d8d0                EXTI15_10_IRQHandler
                0x000000000801d8d0                ADC_IRQHandler
                0x000000000801d8d0                DMA1_Stream7_IRQHandler
                0x000000000801d8d0                SPI5_IRQHandler
                0x000000000801d8d0                TIM7_IRQHandler
                0x000000000801d8d0                SDMMC1_IRQHandler
                0x000000000801d8d0                TIM5_IRQHandler
                0x000000000801d8d0                DMA2_Stream7_IRQHandler
                0x000000000801d8d0                I2C3_EV_IRQHandler
                0x000000000801d8d0                EXTI9_5_IRQHandler
                0x000000000801d8d0                RTC_WKUP_IRQHandler
                0x000000000801d8d0                SPI2_IRQHandler
                0x000000000801d8d0                OTG_HS_EP1_IN_IRQHandler
                0x000000000801d8d0                DMA1_Stream0_IRQHandler
                0x000000000801d8d0                CAN1_TX_IRQHandler
                0x000000000801d8d0                EXTI4_IRQHandler
                0x000000000801d8d0                RNG_IRQHandler
                0x000000000801d8d0                OTG_HS_EP1_OUT_IRQHandler
                0x000000000801d8d0                WWDG_IRQHandler
                0x000000000801d8d0                TIM2_IRQHandler
                0x000000000801d8d0                OTG_FS_WKUP_IRQHandler
                0x000000000801d8d0                TIM1_TRG_COM_TIM11_IRQHandler
                0x000000000801d8d0                OTG_HS_IRQHandler
                0x000000000801d8d0                EXTI1_IRQHandler
                0x000000000801d8d0                SDMMC2_IRQHandler
                0x000000000801d8d0                UART7_IRQHandler
                0x000000000801d8d0                USART2_IRQHandler
                0x000000000801d8d0                I2C2_ER_IRQHandler
                0x000000000801d8d0                DMA2_Stream1_IRQHandler
                0x000000000801d8d0                CAN1_SCE_IRQHandler
                0x000000000801d8d0                FLASH_IRQHandler
                0x000000000801d8d0                DMA2_Stream4_IRQHandler
                0x000000000801d8d0                USART1_IRQHandler
                0x000000000801d8d0                OTG_FS_IRQHandler
                0x000000000801d8d0                SPI3_IRQHandler
                0x000000000801d8d0                DMA1_Stream4_IRQHandler
                0x000000000801d8d0                I2C1_ER_IRQHandler
                0x000000000801d8d0                FMC_IRQHandler
                0x000000000801d8d0                LPTIM1_IRQHandler
                0x000000000801d8d0                DMA2_Stream6_IRQHandler
                0x000000000801d8d0                SAI1_IRQHandler
                0x000000000801d8d0                DMA1_Stream3_IRQHandler
 .text.HAL_Init
                0x000000000801d8d2       0x1a Drivers/STM32F7xx_HAL_Driver/Src/stm32f7xx_hal.o
                0x000000000801d8d2                HAL_Init
 .text.HAL_InitTick
                0x000000000801d8ec       0x60 Drivers/STM32F7xx_HAL_Driver/Src/stm32f7xx_hal.o
                0x000000000801d8ec                HAL_InitTick
 .text.HAL_IncTick
                0x000000000801d94c       0x28 Drivers/STM32F7xx_HAL_Driver/Src/stm32f7xx_hal.o
                0x000000000801d94c                HAL_IncTick
 .text.HAL_GetTick
                0x000000000801d974       0x18 Drivers/STM32F7xx_HAL_Driver/Src/stm32f7xx_hal.o
                0x000000000801d974                HAL_GetTick
 .text.__NVIC_SetPriorityGrouping
                0x000000000801d98c       0x48 Drivers/STM32F7xx_HAL_Driver/Src/stm32f7xx_hal_cortex.o
 .text.__NVIC_GetPriorityGrouping
                0x000000000801d9d4       0x1c Drivers/STM32F7xx_HAL_Driver/Src/stm32f7xx_hal_cortex.o
 .text.__NVIC_SetPriority
                0x000000000801d9f0       0x54 Drivers/STM32F7xx_HAL_Driver/Src/stm32f7xx_hal_cortex.o
 .text.NVIC_EncodePriority
                0x000000000801da44       0x66 Drivers/STM32F7xx_HAL_Driver/Src/stm32f7xx_hal_cortex.o
 *fill*         0x000000000801daaa        0x2 
 .text.SysTick_Config
                0x000000000801daac       0x44 Drivers/STM32F7xx_HAL_Driver/Src/stm32f7xx_hal_cortex.o
 .text.HAL_NVIC_SetPriorityGrouping
                0x000000000801daf0       0x16 Drivers/STM32F7xx_HAL_Driver/Src/stm32f7xx_hal_cortex.o
                0x000000000801daf0                HAL_NVIC_SetPriorityGrouping
 .text.HAL_NVIC_SetPriority
                0x000000000801db06       0x38 Drivers/STM32F7xx_HAL_Driver/Src/stm32f7xx_hal_cortex.o
                0x000000000801db06                HAL_NVIC_SetPriority
 .text.HAL_SYSTICK_Config
                0x000000000801db3e       0x18 Drivers/STM32F7xx_HAL_Driver/Src/stm32f7xx_hal_cortex.o
                0x000000000801db3e                HAL_SYSTICK_Config
 *fill*         0x000000000801db56        0x2 
 .text.HAL_CRC_Init
                0x000000000801db58       0xc8 Drivers/STM32F7xx_HAL_Driver/Src/stm32f7xx_hal_crc.o
                0x000000000801db58                HAL_CRC_Init
 .text.HAL_CRCEx_Polynomial_Set
                0x000000000801dc20      0x10c Drivers/STM32F7xx_HAL_Driver/Src/stm32f7xx_hal_crc_ex.o
                0x000000000801dc20                HAL_CRCEx_Polynomial_Set
 .text.HAL_GPIO_Init
                0x000000000801dd2c      0x334 Drivers/STM32F7xx_HAL_Driver/Src/stm32f7xx_hal_gpio.o
                0x000000000801dd2c                HAL_GPIO_Init
 .text.HAL_PWREx_EnableOverDrive
                0x000000000801e060       0xa0 Drivers/STM32F7xx_HAL_Driver/Src/stm32f7xx_hal_pwr_ex.o
                0x000000000801e060                HAL_PWREx_EnableOverDrive
 .text.HAL_RCC_OscConfig
                0x000000000801e100      0x548 Drivers/STM32F7xx_HAL_Driver/Src/stm32f7xx_hal_rcc.o
                0x000000000801e100                HAL_RCC_OscConfig
 .text.HAL_RCC_ClockConfig
                0x000000000801e648      0x1d8 Drivers/STM32F7xx_HAL_Driver/Src/stm32f7xx_hal_rcc.o
                0x000000000801e648                HAL_RCC_ClockConfig
 .text.HAL_RCC_GetSysClockFreq
                0x000000000801e820      0x164 Drivers/STM32F7xx_HAL_Driver/Src/stm32f7xx_hal_rcc.o
                0x000000000801e820                HAL_RCC_GetSysClockFreq
 .text.HAL_RCC_GetHCLKFreq
                0x000000000801e984       0x18 Drivers/STM32F7xx_HAL_Driver/Src/stm32f7xx_hal_rcc.o
                0x000000000801e984                HAL_RCC_GetHCLKFreq
 .text.HAL_RCC_GetPCLK1Freq
                0x000000000801e99c       0x28 Drivers/STM32F7xx_HAL_Driver/Src/stm32f7xx_hal_rcc.o
                0x000000000801e99c                HAL_RCC_GetPCLK1Freq
 .text.HAL_RCC_GetPCLK2Freq
                0x000000000801e9c4       0x28 Drivers/STM32F7xx_HAL_Driver/Src/stm32f7xx_hal_rcc.o
                0x000000000801e9c4                HAL_RCC_GetPCLK2Freq
 .text.HAL_RCCEx_PeriphCLKConfig
                0x000000000801e9ec      0x690 Drivers/STM32F7xx_HAL_Driver/Src/stm32f7xx_hal_rcc_ex.o
                0x000000000801e9ec                HAL_RCCEx_PeriphCLKConfig
 .text.HAL_UART_Init
                0x000000000801f07c       0x9c Drivers/STM32F7xx_HAL_Driver/Src/stm32f7xx_hal_uart.o
                0x000000000801f07c                HAL_UART_Init
 .text.HAL_UART_Transmit
                0x000000000801f118      0x122 Drivers/STM32F7xx_HAL_Driver/Src/stm32f7xx_hal_uart.o
                0x000000000801f118                HAL_UART_Transmit
 .text.HAL_UART_Receive
                0x000000000801f23a      0x198 Drivers/STM32F7xx_HAL_Driver/Src/stm32f7xx_hal_uart.o
                0x000000000801f23a                HAL_UART_Receive
 *fill*         0x000000000801f3d2        0x2 
 .text.UART_SetConfig
                0x000000000801f3d4      0x554 Drivers/STM32F7xx_HAL_Driver/Src/stm32f7xx_hal_uart.o
                0x000000000801f3d4                UART_SetConfig
 .text.UART_AdvFeatureConfig
                0x000000000801f928      0x144 Drivers/STM32F7xx_HAL_Driver/Src/stm32f7xx_hal_uart.o
                0x000000000801f928                UART_AdvFeatureConfig
 .text.UART_CheckIdleState
                0x000000000801fa6c       0x5e Drivers/STM32F7xx_HAL_Driver/Src/stm32f7xx_hal_uart.o
                0x000000000801fa6c                UART_CheckIdleState
 .text.UART_WaitOnFlagUntilTimeout
                0x000000000801faca       0xf6 Drivers/STM32F7xx_HAL_Driver/Src/stm32f7xx_hal_uart.o
                0x000000000801faca                UART_WaitOnFlagUntilTimeout
 .text.aiInit   0x000000000801fbc0       0xbc X-CUBE-AI/App/app_x-cube-ai.o
                0x000000000801fbc0                aiInit
 .text.aiRun    0x000000000801fc7c       0x80 X-CUBE-AI/App/app_x-cube-ai.o
                0x000000000801fc7c                aiRun
 .text.MX_X_CUBE_AI_Init
                0x000000000801fcfc       0x14 X-CUBE-AI/App/app_x-cube-ai.o
                0x000000000801fcfc                MX_X_CUBE_AI_Init
 .text.network_configure_activations
                0x000000000801fd10      0x274 X-CUBE-AI/App/network.o
 .text.network_configure_weights
                0x000000000801ff84      0x284 X-CUBE-AI/App/network.o
 .text.ai_network_get_error
                0x0000000008020208       0x18 X-CUBE-AI/App/network.o
                0x0000000008020208                ai_network_get_error
 .text.ai_network_create
                0x0000000008020220       0x2c X-CUBE-AI/App/network.o
                0x0000000008020220                ai_network_create
 .text.ai_network_destroy
                0x000000000802024c       0x18 X-CUBE-AI/App/network.o
                0x000000000802024c                ai_network_destroy
 .text.ai_network_init
                0x0000000008020264       0x66 X-CUBE-AI/App/network.o
                0x0000000008020264                ai_network_init
 .text.ai_network_run
                0x00000000080202ca       0x20 X-CUBE-AI/App/network.o
                0x00000000080202ca                ai_network_run
 *fill*         0x00000000080202ea        0x2 
 .text.ai_network_data_weights_get
                0x00000000080202ec       0x14 X-CUBE-AI/App/network_data.o
                0x00000000080202ec                ai_network_data_weights_get
 .text.__aeabi_memclr
                0x0000000008020300        0x6 c:/st/stm32cubeide_1.3.0/stm32cubeide/plugins/com.st.stm32cube.ide.mcu.externaltools.gnu-tools-for-stm32.7-2018-q2-update.win32_1.0.0.201904181610/tools/bin/../lib/gcc/arm-none-eabi/7.3.1/../../../../arm-none-eabi/lib/thumb/v7e-m/fpv4-sp/hard\libc_nano.a(lib_a-aeabi_memclr.o)
                0x0000000008020300                __aeabi_memclr
                0x0000000008020300                __aeabi_memclr4
                0x0000000008020300                __aeabi_memclr8
 .text.__aeabi_memcpy
                0x0000000008020306        0x4 c:/st/stm32cubeide_1.3.0/stm32cubeide/plugins/com.st.stm32cube.ide.mcu.externaltools.gnu-tools-for-stm32.7-2018-q2-update.win32_1.0.0.201904181610/tools/bin/../lib/gcc/arm-none-eabi/7.3.1/../../../../arm-none-eabi/lib/thumb/v7e-m/fpv4-sp/hard\libc_nano.a(lib_a-aeabi_memcpy.o)
                0x0000000008020306                __aeabi_memcpy4
                0x0000000008020306                __aeabi_memcpy8
                0x0000000008020306                __aeabi_memcpy
 *fill*         0x000000000802030a        0x2 
 .text.__errno  0x000000000802030c        0xc c:/st/stm32cubeide_1.3.0/stm32cubeide/plugins/com.st.stm32cube.ide.mcu.externaltools.gnu-tools-for-stm32.7-2018-q2-update.win32_1.0.0.201904181610/tools/bin/../lib/gcc/arm-none-eabi/7.3.1/../../../../arm-none-eabi/lib/thumb/v7e-m/fpv4-sp/hard\libc_nano.a(lib_a-errno.o)
                0x000000000802030c                __errno
 .text.__libc_init_array
                0x0000000008020318       0x48 c:/st/stm32cubeide_1.3.0/stm32cubeide/plugins/com.st.stm32cube.ide.mcu.externaltools.gnu-tools-for-stm32.7-2018-q2-update.win32_1.0.0.201904181610/tools/bin/../lib/gcc/arm-none-eabi/7.3.1/../../../../arm-none-eabi/lib/thumb/v7e-m/fpv4-sp/hard\libc_nano.a(lib_a-init.o)
                0x0000000008020318                __libc_init_array
 .text.malloc   0x0000000008020360       0x10 c:/st/stm32cubeide_1.3.0/stm32cubeide/plugins/com.st.stm32cube.ide.mcu.externaltools.gnu-tools-for-stm32.7-2018-q2-update.win32_1.0.0.201904181610/tools/bin/../lib/gcc/arm-none-eabi/7.3.1/../../../../arm-none-eabi/lib/thumb/v7e-m/fpv4-sp/hard\libc_nano.a(lib_a-malloc.o)
                0x0000000008020360                malloc
 .text.free     0x0000000008020370       0x10 c:/st/stm32cubeide_1.3.0/stm32cubeide/plugins/com.st.stm32cube.ide.mcu.externaltools.gnu-tools-for-stm32.7-2018-q2-update.win32_1.0.0.201904181610/tools/bin/../lib/gcc/arm-none-eabi/7.3.1/../../../../arm-none-eabi/lib/thumb/v7e-m/fpv4-sp/hard\libc_nano.a(lib_a-malloc.o)
                0x0000000008020370                free
 .text.memcmp   0x0000000008020380       0x1e c:/st/stm32cubeide_1.3.0/stm32cubeide/plugins/com.st.stm32cube.ide.mcu.externaltools.gnu-tools-for-stm32.7-2018-q2-update.win32_1.0.0.201904181610/tools/bin/../lib/gcc/arm-none-eabi/7.3.1/../../../../arm-none-eabi/lib/thumb/v7e-m/fpv4-sp/hard\libc_nano.a(lib_a-memcmp.o)
                0x0000000008020380                memcmp
 .text.memcpy   0x000000000802039e       0x16 c:/st/stm32cubeide_1.3.0/stm32cubeide/plugins/com.st.stm32cube.ide.mcu.externaltools.gnu-tools-for-stm32.7-2018-q2-update.win32_1.0.0.201904181610/tools/bin/../lib/gcc/arm-none-eabi/7.3.1/../../../../arm-none-eabi/lib/thumb/v7e-m/fpv4-sp/hard\libc_nano.a(lib_a-memcpy-stub.o)
                0x000000000802039e                memcpy
 .text.memset   0x00000000080203b4       0x10 c:/st/stm32cubeide_1.3.0/stm32cubeide/plugins/com.st.stm32cube.ide.mcu.externaltools.gnu-tools-for-stm32.7-2018-q2-update.win32_1.0.0.201904181610/tools/bin/../lib/gcc/arm-none-eabi/7.3.1/../../../../arm-none-eabi/lib/thumb/v7e-m/fpv4-sp/hard\libc_nano.a(lib_a-memset.o)
                0x00000000080203b4                memset
 .text._free_r  0x00000000080203c4       0x9c c:/st/stm32cubeide_1.3.0/stm32cubeide/plugins/com.st.stm32cube.ide.mcu.externaltools.gnu-tools-for-stm32.7-2018-q2-update.win32_1.0.0.201904181610/tools/bin/../lib/gcc/arm-none-eabi/7.3.1/../../../../arm-none-eabi/lib/thumb/v7e-m/fpv4-sp/hard\libc_nano.a(lib_a-nano-freer.o)
                0x00000000080203c4                _free_r
 .text._malloc_r
                0x0000000008020460       0xb4 c:/st/stm32cubeide_1.3.0/stm32cubeide/plugins/com.st.stm32cube.ide.mcu.externaltools.gnu-tools-for-stm32.7-2018-q2-update.win32_1.0.0.201904181610/tools/bin/../lib/gcc/arm-none-eabi/7.3.1/../../../../arm-none-eabi/lib/thumb/v7e-m/fpv4-sp/hard\libc_nano.a(lib_a-nano-mallocr.o)
                0x0000000008020460                _malloc_r
 .text.realloc  0x0000000008020514       0x10 c:/st/stm32cubeide_1.3.0/stm32cubeide/plugins/com.st.stm32cube.ide.mcu.externaltools.gnu-tools-for-stm32.7-2018-q2-update.win32_1.0.0.201904181610/tools/bin/../lib/gcc/arm-none-eabi/7.3.1/../../../../arm-none-eabi/lib/thumb/v7e-m/fpv4-sp/hard\libc_nano.a(lib_a-realloc.o)
                0x0000000008020514                realloc
 .text._sbrk_r  0x0000000008020524       0x20 c:/st/stm32cubeide_1.3.0/stm32cubeide/plugins/com.st.stm32cube.ide.mcu.externaltools.gnu-tools-for-stm32.7-2018-q2-update.win32_1.0.0.201904181610/tools/bin/../lib/gcc/arm-none-eabi/7.3.1/../../../../arm-none-eabi/lib/thumb/v7e-m/fpv4-sp/hard\libc_nano.a(lib_a-sbrkr.o)
                0x0000000008020524                _sbrk_r
 .text.__malloc_lock
                0x0000000008020544        0x2 c:/st/stm32cubeide_1.3.0/stm32cubeide/plugins/com.st.stm32cube.ide.mcu.externaltools.gnu-tools-for-stm32.7-2018-q2-update.win32_1.0.0.201904181610/tools/bin/../lib/gcc/arm-none-eabi/7.3.1/../../../../arm-none-eabi/lib/thumb/v7e-m/fpv4-sp/hard\libc_nano.a(lib_a-mlock.o)
                0x0000000008020544                __malloc_lock
 .text.__malloc_unlock
                0x0000000008020546        0x2 c:/st/stm32cubeide_1.3.0/stm32cubeide/plugins/com.st.stm32cube.ide.mcu.externaltools.gnu-tools-for-stm32.7-2018-q2-update.win32_1.0.0.201904181610/tools/bin/../lib/gcc/arm-none-eabi/7.3.1/../../../../arm-none-eabi/lib/thumb/v7e-m/fpv4-sp/hard\libc_nano.a(lib_a-mlock.o)
                0x0000000008020546                __malloc_unlock
 .text._realloc_r
                0x0000000008020548       0x4c c:/st/stm32cubeide_1.3.0/stm32cubeide/plugins/com.st.stm32cube.ide.mcu.externaltools.gnu-tools-for-stm32.7-2018-q2-update.win32_1.0.0.201904181610/tools/bin/../lib/gcc/arm-none-eabi/7.3.1/../../../../arm-none-eabi/lib/thumb/v7e-m/fpv4-sp/hard\libc_nano.a(lib_a-nano-reallocr.o)
                0x0000000008020548                _realloc_r
 .text._malloc_usable_size_r
                0x0000000008020594       0x10 c:/st/stm32cubeide_1.3.0/stm32cubeide/plugins/com.st.stm32cube.ide.mcu.externaltools.gnu-tools-for-stm32.7-2018-q2-update.win32_1.0.0.201904181610/tools/bin/../lib/gcc/arm-none-eabi/7.3.1/../../../../arm-none-eabi/lib/thumb/v7e-m/fpv4-sp/hard\libc_nano.a(lib_a-nano-msizer.o)
                0x0000000008020594                _malloc_usable_size_r
 .text.asinhf   0x00000000080205a4       0xd0 c:/st/stm32cubeide_1.3.0/stm32cubeide/plugins/com.st.stm32cube.ide.mcu.externaltools.gnu-tools-for-stm32.7-2018-q2-update.win32_1.0.0.201904181610/tools/bin/../lib/gcc/arm-none-eabi/7.3.1/../../../../arm-none-eabi/lib/thumb/v7e-m/fpv4-sp/hard\libm.a(lib_a-sf_asinh.o)
                0x00000000080205a4                asinhf
 .text.atanf    0x0000000008020674      0x1a8 c:/st/stm32cubeide_1.3.0/stm32cubeide/plugins/com.st.stm32cube.ide.mcu.externaltools.gnu-tools-for-stm32.7-2018-q2-update.win32_1.0.0.201904181610/tools/bin/../lib/gcc/arm-none-eabi/7.3.1/../../../../arm-none-eabi/lib/thumb/v7e-m/fpv4-sp/hard\libm.a(lib_a-sf_atan.o)
                0x0000000008020674                atanf
 .text.ceilf    0x000000000802081c       0x80 c:/st/stm32cubeide_1.3.0/stm32cubeide/plugins/com.st.stm32cube.ide.mcu.externaltools.gnu-tools-for-stm32.7-2018-q2-update.win32_1.0.0.201904181610/tools/bin/../lib/gcc/arm-none-eabi/7.3.1/../../../../arm-none-eabi/lib/thumb/v7e-m/fpv4-sp/hard\libm.a(lib_a-sf_ceil.o)
                0x000000000802081c                ceilf
 .text.cosf     0x000000000802089c       0x80 c:/st/stm32cubeide_1.3.0/stm32cubeide/plugins/com.st.stm32cube.ide.mcu.externaltools.gnu-tools-for-stm32.7-2018-q2-update.win32_1.0.0.201904181610/tools/bin/../lib/gcc/arm-none-eabi/7.3.1/../../../../arm-none-eabi/lib/thumb/v7e-m/fpv4-sp/hard\libm.a(lib_a-sf_cos.o)
                0x000000000802089c                cosf
 .text.erff     0x000000000802091c      0x3c0 c:/st/stm32cubeide_1.3.0/stm32cubeide/plugins/com.st.stm32cube.ide.mcu.externaltools.gnu-tools-for-stm32.7-2018-q2-update.win32_1.0.0.201904181610/tools/bin/../lib/gcc/arm-none-eabi/7.3.1/../../../../arm-none-eabi/lib/thumb/v7e-m/fpv4-sp/hard\libm.a(lib_a-sf_erf.o)
                0x000000000802091c                erff
 .text.fabsf    0x0000000008020cdc        0xe c:/st/stm32cubeide_1.3.0/stm32cubeide/plugins/com.st.stm32cube.ide.mcu.externaltools.gnu-tools-for-stm32.7-2018-q2-update.win32_1.0.0.201904181610/tools/bin/../lib/gcc/arm-none-eabi/7.3.1/../../../../arm-none-eabi/lib/thumb/v7e-m/fpv4-sp/hard\libm.a(lib_a-sf_fabs.o)
                0x0000000008020cdc                fabsf
 *fill*         0x0000000008020cea        0x2 
 .text.floorf   0x0000000008020cec       0x84 c:/st/stm32cubeide_1.3.0/stm32cubeide/plugins/com.st.stm32cube.ide.mcu.externaltools.gnu-tools-for-stm32.7-2018-q2-update.win32_1.0.0.201904181610/tools/bin/../lib/gcc/arm-none-eabi/7.3.1/../../../../arm-none-eabi/lib/thumb/v7e-m/fpv4-sp/hard\libm.a(lib_a-sf_floor.o)
                0x0000000008020cec                floorf
 .text.log1pf   0x0000000008020d70      0x210 c:/st/stm32cubeide_1.3.0/stm32cubeide/plugins/com.st.stm32cube.ide.mcu.externaltools.gnu-tools-for-stm32.7-2018-q2-update.win32_1.0.0.201904181610/tools/bin/../lib/gcc/arm-none-eabi/7.3.1/../../../../arm-none-eabi/lib/thumb/v7e-m/fpv4-sp/hard\libm.a(lib_a-sf_log1p.o)
                0x0000000008020d70                log1pf
 .text.roundf   0x0000000008020f80       0x4c c:/st/stm32cubeide_1.3.0/stm32cubeide/plugins/com.st.stm32cube.ide.mcu.externaltools.gnu-tools-for-stm32.7-2018-q2-update.win32_1.0.0.201904181610/tools/bin/../lib/gcc/arm-none-eabi/7.3.1/../../../../arm-none-eabi/lib/thumb/v7e-m/fpv4-sp/hard\libm.a(lib_a-sf_round.o)
                0x0000000008020f80                roundf
 .text.sinf     0x0000000008020fcc       0x84 c:/st/stm32cubeide_1.3.0/stm32cubeide/plugins/com.st.stm32cube.ide.mcu.externaltools.gnu-tools-for-stm32.7-2018-q2-update.win32_1.0.0.201904181610/tools/bin/../lib/gcc/arm-none-eabi/7.3.1/../../../../arm-none-eabi/lib/thumb/v7e-m/fpv4-sp/hard\libm.a(lib_a-sf_sin.o)
                0x0000000008020fcc                sinf
 .text.tanf     0x0000000008021050       0x50 c:/st/stm32cubeide_1.3.0/stm32cubeide/plugins/com.st.stm32cube.ide.mcu.externaltools.gnu-tools-for-stm32.7-2018-q2-update.win32_1.0.0.201904181610/tools/bin/../lib/gcc/arm-none-eabi/7.3.1/../../../../arm-none-eabi/lib/thumb/v7e-m/fpv4-sp/hard\libm.a(lib_a-sf_tan.o)
                0x0000000008021050                tanf
 .text.tanhf    0x00000000080210a0       0xa4 c:/st/stm32cubeide_1.3.0/stm32cubeide/plugins/com.st.stm32cube.ide.mcu.externaltools.gnu-tools-for-stm32.7-2018-q2-update.win32_1.0.0.201904181610/tools/bin/../lib/gcc/arm-none-eabi/7.3.1/../../../../arm-none-eabi/lib/thumb/v7e-m/fpv4-sp/hard\libm.a(lib_a-sf_tanh.o)
                0x00000000080210a0                tanhf
 .text.acosf    0x0000000008021144       0xb0 c:/st/stm32cubeide_1.3.0/stm32cubeide/plugins/com.st.stm32cube.ide.mcu.externaltools.gnu-tools-for-stm32.7-2018-q2-update.win32_1.0.0.201904181610/tools/bin/../lib/gcc/arm-none-eabi/7.3.1/../../../../arm-none-eabi/lib/thumb/v7e-m/fpv4-sp/hard\libm.a(lib_a-wf_acos.o)
                0x0000000008021144                acosf
 .text.acoshf   0x00000000080211f4       0xa0 c:/st/stm32cubeide_1.3.0/stm32cubeide/plugins/com.st.stm32cube.ide.mcu.externaltools.gnu-tools-for-stm32.7-2018-q2-update.win32_1.0.0.201904181610/tools/bin/../lib/gcc/arm-none-eabi/7.3.1/../../../../arm-none-eabi/lib/thumb/v7e-m/fpv4-sp/hard\libm.a(lib_a-wf_acosh.o)
                0x00000000080211f4                acoshf
 .text.asinf    0x0000000008021294       0xb0 c:/st/stm32cubeide_1.3.0/stm32cubeide/plugins/com.st.stm32cube.ide.mcu.externaltools.gnu-tools-for-stm32.7-2018-q2-update.win32_1.0.0.201904181610/tools/bin/../lib/gcc/arm-none-eabi/7.3.1/../../../../arm-none-eabi/lib/thumb/v7e-m/fpv4-sp/hard\libm.a(lib_a-wf_asin.o)
                0x0000000008021294                asinf
 .text.atanhf   0x0000000008021344       0xe8 c:/st/stm32cubeide_1.3.0/stm32cubeide/plugins/com.st.stm32cube.ide.mcu.externaltools.gnu-tools-for-stm32.7-2018-q2-update.win32_1.0.0.201904181610/tools/bin/../lib/gcc/arm-none-eabi/7.3.1/../../../../arm-none-eabi/lib/thumb/v7e-m/fpv4-sp/hard\libm.a(lib_a-wf_atanh.o)
                0x0000000008021344                atanhf
 .text.coshf    0x000000000802142c       0xc0 c:/st/stm32cubeide_1.3.0/stm32cubeide/plugins/com.st.stm32cube.ide.mcu.externaltools.gnu-tools-for-stm32.7-2018-q2-update.win32_1.0.0.201904181610/tools/bin/../lib/gcc/arm-none-eabi/7.3.1/../../../../arm-none-eabi/lib/thumb/v7e-m/fpv4-sp/hard\libm.a(lib_a-wf_cosh.o)
                0x000000000802142c                coshf
 .text.expf     0x00000000080214ec       0xf4 c:/st/stm32cubeide_1.3.0/stm32cubeide/plugins/com.st.stm32cube.ide.mcu.externaltools.gnu-tools-for-stm32.7-2018-q2-update.win32_1.0.0.201904181610/tools/bin/../lib/gcc/arm-none-eabi/7.3.1/../../../../arm-none-eabi/lib/thumb/v7e-m/fpv4-sp/hard\libm.a(lib_a-wf_exp.o)
                0x00000000080214ec                expf
 .text.fmodf    0x00000000080215e0       0xb8 c:/st/stm32cubeide_1.3.0/stm32cubeide/plugins/com.st.stm32cube.ide.mcu.externaltools.gnu-tools-for-stm32.7-2018-q2-update.win32_1.0.0.201904181610/tools/bin/../lib/gcc/arm-none-eabi/7.3.1/../../../../arm-none-eabi/lib/thumb/v7e-m/fpv4-sp/hard\libm.a(lib_a-wf_fmod.o)
                0x00000000080215e0                fmodf
 .text.logf     0x0000000008021698       0xec c:/st/stm32cubeide_1.3.0/stm32cubeide/plugins/com.st.stm32cube.ide.mcu.externaltools.gnu-tools-for-stm32.7-2018-q2-update.win32_1.0.0.201904181610/tools/bin/../lib/gcc/arm-none-eabi/7.3.1/../../../../arm-none-eabi/lib/thumb/v7e-m/fpv4-sp/hard\libm.a(lib_a-wf_log.o)
                0x0000000008021698                logf
 .text.powf     0x0000000008021784      0x2c8 c:/st/stm32cubeide_1.3.0/stm32cubeide/plugins/com.st.stm32cube.ide.mcu.externaltools.gnu-tools-for-stm32.7-2018-q2-update.win32_1.0.0.201904181610/tools/bin/../lib/gcc/arm-none-eabi/7.3.1/../../../../arm-none-eabi/lib/thumb/v7e-m/fpv4-sp/hard\libm.a(lib_a-wf_pow.o)
                0x0000000008021784                powf
 .text.sinhf    0x0000000008021a4c       0xcc c:/st/stm32cubeide_1.3.0/stm32cubeide/plugins/com.st.stm32cube.ide.mcu.externaltools.gnu-tools-for-stm32.7-2018-q2-update.win32_1.0.0.201904181610/tools/bin/../lib/gcc/arm-none-eabi/7.3.1/../../../../arm-none-eabi/lib/thumb/v7e-m/fpv4-sp/hard\libm.a(lib_a-wf_sinh.o)
                0x0000000008021a4c                sinhf
 .text.sqrtf    0x0000000008021b18       0xa0 c:/st/stm32cubeide_1.3.0/stm32cubeide/plugins/com.st.stm32cube.ide.mcu.externaltools.gnu-tools-for-stm32.7-2018-q2-update.win32_1.0.0.201904181610/tools/bin/../lib/gcc/arm-none-eabi/7.3.1/../../../../arm-none-eabi/lib/thumb/v7e-m/fpv4-sp/hard\libm.a(lib_a-wf_sqrt.o)
                0x0000000008021b18                sqrtf
 .text.__ieee754_acosf
                0x0000000008021bb8      0x1f8 c:/st/stm32cubeide_1.3.0/stm32cubeide/plugins/com.st.stm32cube.ide.mcu.externaltools.gnu-tools-for-stm32.7-2018-q2-update.win32_1.0.0.201904181610/tools/bin/../lib/gcc/arm-none-eabi/7.3.1/../../../../arm-none-eabi/lib/thumb/v7e-m/fpv4-sp/hard\libm.a(lib_a-ef_acos.o)
                0x0000000008021bb8                __ieee754_acosf
 .text.__ieee754_acoshf
                0x0000000008021db0       0xa8 c:/st/stm32cubeide_1.3.0/stm32cubeide/plugins/com.st.stm32cube.ide.mcu.externaltools.gnu-tools-for-stm32.7-2018-q2-update.win32_1.0.0.201904181610/tools/bin/../lib/gcc/arm-none-eabi/7.3.1/../../../../arm-none-eabi/lib/thumb/v7e-m/fpv4-sp/hard\libm.a(lib_a-ef_acosh.o)
                0x0000000008021db0                __ieee754_acoshf
 .text.__ieee754_asinf
                0x0000000008021e58      0x1d0 c:/st/stm32cubeide_1.3.0/stm32cubeide/plugins/com.st.stm32cube.ide.mcu.externaltools.gnu-tools-for-stm32.7-2018-q2-update.win32_1.0.0.201904181610/tools/bin/../lib/gcc/arm-none-eabi/7.3.1/../../../../arm-none-eabi/lib/thumb/v7e-m/fpv4-sp/hard\libm.a(lib_a-ef_asin.o)
                0x0000000008021e58                __ieee754_asinf
 .text.__ieee754_atanhf
                0x0000000008022028       0x8c c:/st/stm32cubeide_1.3.0/stm32cubeide/plugins/com.st.stm32cube.ide.mcu.externaltools.gnu-tools-for-stm32.7-2018-q2-update.win32_1.0.0.201904181610/tools/bin/../lib/gcc/arm-none-eabi/7.3.1/../../../../arm-none-eabi/lib/thumb/v7e-m/fpv4-sp/hard\libm.a(lib_a-ef_atanh.o)
                0x0000000008022028                __ieee754_atanhf
 .text.__ieee754_coshf
                0x00000000080220b4       0xc8 c:/st/stm32cubeide_1.3.0/stm32cubeide/plugins/com.st.stm32cube.ide.mcu.externaltools.gnu-tools-for-stm32.7-2018-q2-update.win32_1.0.0.201904181610/tools/bin/../lib/gcc/arm-none-eabi/7.3.1/../../../../arm-none-eabi/lib/thumb/v7e-m/fpv4-sp/hard\libm.a(lib_a-ef_cosh.o)
                0x00000000080220b4                __ieee754_coshf
 .text.__ieee754_expf
                0x000000000802217c      0x1a8 c:/st/stm32cubeide_1.3.0/stm32cubeide/plugins/com.st.stm32cube.ide.mcu.externaltools.gnu-tools-for-stm32.7-2018-q2-update.win32_1.0.0.201904181610/tools/bin/../lib/gcc/arm-none-eabi/7.3.1/../../../../arm-none-eabi/lib/thumb/v7e-m/fpv4-sp/hard\libm.a(lib_a-ef_exp.o)
                0x000000000802217c                __ieee754_expf
 .text.__ieee754_fmodf
                0x0000000008022324      0x110 c:/st/stm32cubeide_1.3.0/stm32cubeide/plugins/com.st.stm32cube.ide.mcu.externaltools.gnu-tools-for-stm32.7-2018-q2-update.win32_1.0.0.201904181610/tools/bin/../lib/gcc/arm-none-eabi/7.3.1/../../../../arm-none-eabi/lib/thumb/v7e-m/fpv4-sp/hard\libm.a(lib_a-ef_fmod.o)
                0x0000000008022324                __ieee754_fmodf
 .text.__ieee754_logf
                0x0000000008022434      0x1dc c:/st/stm32cubeide_1.3.0/stm32cubeide/plugins/com.st.stm32cube.ide.mcu.externaltools.gnu-tools-for-stm32.7-2018-q2-update.win32_1.0.0.201904181610/tools/bin/../lib/gcc/arm-none-eabi/7.3.1/../../../../arm-none-eabi/lib/thumb/v7e-m/fpv4-sp/hard\libm.a(lib_a-ef_log.o)
                0x0000000008022434                __ieee754_logf
 .text.__ieee754_powf
                0x0000000008022610      0x580 c:/st/stm32cubeide_1.3.0/stm32cubeide/plugins/com.st.stm32cube.ide.mcu.externaltools.gnu-tools-for-stm32.7-2018-q2-update.win32_1.0.0.201904181610/tools/bin/../lib/gcc/arm-none-eabi/7.3.1/../../../../arm-none-eabi/lib/thumb/v7e-m/fpv4-sp/hard\libm.a(lib_a-ef_pow.o)
                0x0000000008022610                __ieee754_powf
 .text.__ieee754_rem_pio2f
                0x0000000008022b90      0x258 c:/st/stm32cubeide_1.3.0/stm32cubeide/plugins/com.st.stm32cube.ide.mcu.externaltools.gnu-tools-for-stm32.7-2018-q2-update.win32_1.0.0.201904181610/tools/bin/../lib/gcc/arm-none-eabi/7.3.1/../../../../arm-none-eabi/lib/thumb/v7e-m/fpv4-sp/hard\libm.a(lib_a-ef_rem_pio2.o)
                0x0000000008022b90                __ieee754_rem_pio2f
 .text.__ieee754_sinhf
                0x0000000008022de8       0xdc c:/st/stm32cubeide_1.3.0/stm32cubeide/plugins/com.st.stm32cube.ide.mcu.externaltools.gnu-tools-for-stm32.7-2018-q2-update.win32_1.0.0.201904181610/tools/bin/../lib/gcc/arm-none-eabi/7.3.1/../../../../arm-none-eabi/lib/thumb/v7e-m/fpv4-sp/hard\libm.a(lib_a-ef_sinh.o)
                0x0000000008022de8                __ieee754_sinhf
 .text.__ieee754_sqrtf
                0x0000000008022ec4        0x6 c:/st/stm32cubeide_1.3.0/stm32cubeide/plugins/com.st.stm32cube.ide.mcu.externaltools.gnu-tools-for-stm32.7-2018-q2-update.win32_1.0.0.201904181610/tools/bin/../lib/gcc/arm-none-eabi/7.3.1/../../../../arm-none-eabi/lib/thumb/v7e-m/fpv4-sp/hard\libm.a(lib_a-ef_sqrt.o)
                0x0000000008022ec4                __ieee754_sqrtf
 *fill*         0x0000000008022eca        0x2 
 .text.__kernel_cosf
                0x0000000008022ecc       0xbc c:/st/stm32cubeide_1.3.0/stm32cubeide/plugins/com.st.stm32cube.ide.mcu.externaltools.gnu-tools-for-stm32.7-2018-q2-update.win32_1.0.0.201904181610/tools/bin/../lib/gcc/arm-none-eabi/7.3.1/../../../../arm-none-eabi/lib/thumb/v7e-m/fpv4-sp/hard\libm.a(lib_a-kf_cos.o)
                0x0000000008022ecc                __kernel_cosf
 .text.__kernel_rem_pio2f
                0x0000000008022f88      0x504 c:/st/stm32cubeide_1.3.0/stm32cubeide/plugins/com.st.stm32cube.ide.mcu.externaltools.gnu-tools-for-stm32.7-2018-q2-update.win32_1.0.0.201904181610/tools/bin/../lib/gcc/arm-none-eabi/7.3.1/../../../../arm-none-eabi/lib/thumb/v7e-m/fpv4-sp/hard\libm.a(lib_a-kf_rem_pio2.o)
                0x0000000008022f88                __kernel_rem_pio2f
 .text.__kernel_sinf
                0x000000000802348c       0x90 c:/st/stm32cubeide_1.3.0/stm32cubeide/plugins/com.st.stm32cube.ide.mcu.externaltools.gnu-tools-for-stm32.7-2018-q2-update.win32_1.0.0.201904181610/tools/bin/../lib/gcc/arm-none-eabi/7.3.1/../../../../arm-none-eabi/lib/thumb/v7e-m/fpv4-sp/hard\libm.a(lib_a-kf_sin.o)
                0x000000000802348c                __kernel_sinf
 .text.__kernel_tanf
                0x000000000802351c      0x1c8 c:/st/stm32cubeide_1.3.0/stm32cubeide/plugins/com.st.stm32cube.ide.mcu.externaltools.gnu-tools-for-stm32.7-2018-q2-update.win32_1.0.0.201904181610/tools/bin/../lib/gcc/arm-none-eabi/7.3.1/../../../../arm-none-eabi/lib/thumb/v7e-m/fpv4-sp/hard\libm.a(lib_a-kf_tan.o)
                0x000000000802351c                __kernel_tanf
 .text.matherr  0x00000000080236e4        0x4 c:/st/stm32cubeide_1.3.0/stm32cubeide/plugins/com.st.stm32cube.ide.mcu.externaltools.gnu-tools-for-stm32.7-2018-q2-update.win32_1.0.0.201904181610/tools/bin/../lib/gcc/arm-none-eabi/7.3.1/../../../../arm-none-eabi/lib/thumb/v7e-m/fpv4-sp/hard\libm.a(lib_a-s_matherr.o)
                0x00000000080236e4                matherr
 .text.nan      0x00000000080236e8       0x10 c:/st/stm32cubeide_1.3.0/stm32cubeide/plugins/com.st.stm32cube.ide.mcu.externaltools.gnu-tools-for-stm32.7-2018-q2-update.win32_1.0.0.201904181610/tools/bin/../lib/gcc/arm-none-eabi/7.3.1/../../../../arm-none-eabi/lib/thumb/v7e-m/fpv4-sp/hard\libm.a(lib_a-s_nan.o)
                0x00000000080236e8                nan
 .text.expm1f   0x00000000080236f8      0x258 c:/st/stm32cubeide_1.3.0/stm32cubeide/plugins/com.st.stm32cube.ide.mcu.externaltools.gnu-tools-for-stm32.7-2018-q2-update.win32_1.0.0.201904181610/tools/bin/../lib/gcc/arm-none-eabi/7.3.1/../../../../arm-none-eabi/lib/thumb/v7e-m/fpv4-sp/hard\libm.a(lib_a-sf_expm1.o)
                0x00000000080236f8                expm1f
 .text.finitef  0x0000000008023950       0x14 c:/st/stm32cubeide_1.3.0/stm32cubeide/plugins/com.st.stm32cube.ide.mcu.externaltools.gnu-tools-for-stm32.7-2018-q2-update.win32_1.0.0.201904181610/tools/bin/../lib/gcc/arm-none-eabi/7.3.1/../../../../arm-none-eabi/lib/thumb/v7e-m/fpv4-sp/hard\libm.a(lib_a-sf_finite.o)
                0x0000000008023950                finitef
 .text.nanf     0x0000000008023964        0xc c:/st/stm32cubeide_1.3.0/stm32cubeide/plugins/com.st.stm32cube.ide.mcu.externaltools.gnu-tools-for-stm32.7-2018-q2-update.win32_1.0.0.201904181610/tools/bin/../lib/gcc/arm-none-eabi/7.3.1/../../../../arm-none-eabi/lib/thumb/v7e-m/fpv4-sp/hard\libm.a(lib_a-sf_nan.o)
                0x0000000008023964                nanf
 .text.rintf    0x0000000008023970       0xb4 c:/st/stm32cubeide_1.3.0/stm32cubeide/plugins/com.st.stm32cube.ide.mcu.externaltools.gnu-tools-for-stm32.7-2018-q2-update.win32_1.0.0.201904181610/tools/bin/../lib/gcc/arm-none-eabi/7.3.1/../../../../arm-none-eabi/lib/thumb/v7e-m/fpv4-sp/hard\libm.a(lib_a-sf_rint.o)
                0x0000000008023970                rintf
 .text.scalbnf  0x0000000008023a24       0xc0 c:/st/stm32cubeide_1.3.0/stm32cubeide/plugins/com.st.stm32cube.ide.mcu.externaltools.gnu-tools-for-stm32.7-2018-q2-update.win32_1.0.0.201904181610/tools/bin/../lib/gcc/arm-none-eabi/7.3.1/../../../../arm-none-eabi/lib/thumb/v7e-m/fpv4-sp/hard\libm.a(lib_a-sf_scalbn.o)
                0x0000000008023a24                scalbnf
 .text.copysignf
                0x0000000008023ae4       0x18 c:/st/stm32cubeide_1.3.0/stm32cubeide/plugins/com.st.stm32cube.ide.mcu.externaltools.gnu-tools-for-stm32.7-2018-q2-update.win32_1.0.0.201904181610/tools/bin/../lib/gcc/arm-none-eabi/7.3.1/../../../../arm-none-eabi/lib/thumb/v7e-m/fpv4-sp/hard\libm.a(lib_a-sf_copysign.o)
                0x0000000008023ae4                copysignf
 *(.glue_7)
 .glue_7        0x0000000008023afc        0x0 linker stubs
 *(.glue_7t)
 .glue_7t       0x0000000008023afc        0x0 linker stubs
 *(.eh_frame)
 .eh_frame      0x0000000008023afc        0x0 c:/st/stm32cubeide_1.3.0/stm32cubeide/plugins/com.st.stm32cube.ide.mcu.externaltools.gnu-tools-for-stm32.7-2018-q2-update.win32_1.0.0.201904181610/tools/bin/../lib/gcc/arm-none-eabi/7.3.1/thumb/v7e-m/fpv4-sp/hard/crtbegin.o
 *(.init)
 .init          0x0000000008023afc        0x4 c:/st/stm32cubeide_1.3.0/stm32cubeide/plugins/com.st.stm32cube.ide.mcu.externaltools.gnu-tools-for-stm32.7-2018-q2-update.win32_1.0.0.201904181610/tools/bin/../lib/gcc/arm-none-eabi/7.3.1/thumb/v7e-m/fpv4-sp/hard/crti.o
                0x0000000008023afc                _init
 .init          0x0000000008023b00        0x8 c:/st/stm32cubeide_1.3.0/stm32cubeide/plugins/com.st.stm32cube.ide.mcu.externaltools.gnu-tools-for-stm32.7-2018-q2-update.win32_1.0.0.201904181610/tools/bin/../lib/gcc/arm-none-eabi/7.3.1/thumb/v7e-m/fpv4-sp/hard/crtn.o
 *(.fini)
 .fini          0x0000000008023b08        0x4 c:/st/stm32cubeide_1.3.0/stm32cubeide/plugins/com.st.stm32cube.ide.mcu.externaltools.gnu-tools-for-stm32.7-2018-q2-update.win32_1.0.0.201904181610/tools/bin/../lib/gcc/arm-none-eabi/7.3.1/thumb/v7e-m/fpv4-sp/hard/crti.o
                0x0000000008023b08                _fini
 .fini          0x0000000008023b0c        0x8 c:/st/stm32cubeide_1.3.0/stm32cubeide/plugins/com.st.stm32cube.ide.mcu.externaltools.gnu-tools-for-stm32.7-2018-q2-update.win32_1.0.0.201904181610/tools/bin/../lib/gcc/arm-none-eabi/7.3.1/thumb/v7e-m/fpv4-sp/hard/crtn.o
                0x0000000008023b14                . = ALIGN (0x4)
                0x0000000008023b14                _etext = .

.vfp11_veneer   0x0000000008023b14        0x0
 .vfp11_veneer  0x0000000008023b14        0x0 linker stubs

.v4_bx          0x0000000008023b14        0x0
 .v4_bx         0x0000000008023b14        0x0 linker stubs

.iplt           0x0000000008023b14        0x0
 .iplt          0x0000000008023b14        0x0 c:/st/stm32cubeide_1.3.0/stm32cubeide/plugins/com.st.stm32cube.ide.mcu.externaltools.gnu-tools-for-stm32.7-2018-q2-update.win32_1.0.0.201904181610/tools/bin/../lib/gcc/arm-none-eabi/7.3.1/thumb/v7e-m/fpv4-sp/hard/crtbegin.o

.rodata         0x0000000008023b14    0x19f2c
                0x0000000008023b14                . = ALIGN (0x4)
 *(.rodata)
 .rodata        0x0000000008023b14       0x70 ../Middlewares/ST/AI/Lib\NetworkRuntime500_CM7_GCC.a(ai_datatypes_format.o)
 .rodata        0x0000000008023b84       0x30 ../Middlewares/ST/AI/Lib\NetworkRuntime500_CM7_GCC.a(ai_datatypes_format.o)
 *(.rodata*)
 .rodata.AHBPrescTable
                0x0000000008023bb4       0x10 Core/Src/system_stm32f7xx.o
                0x0000000008023bb4                AHBPrescTable
 .rodata.APBPrescTable
                0x0000000008023bc4        0x8 Core/Src/system_stm32f7xx.o
                0x0000000008023bc4                APBPrescTable
 .rodata.conversion_0_chain
                0x0000000008023bcc        0x8 X-CUBE-AI/App/network.o
 .rodata.conv2d_1_chain
                0x0000000008023bd4        0x8 X-CUBE-AI/App/network.o
 .rodata.pool_2_fmt_chain
                0x0000000008023bdc        0x8 X-CUBE-AI/App/network.o
 .rodata.eltwise_3_chain
                0x0000000008023be4        0x8 X-CUBE-AI/App/network.o
 .rodata.eltwise_3_fmt_chain
                0x0000000008023bec        0x8 X-CUBE-AI/App/network.o
 .rodata.eltwise_4_chain
                0x0000000008023bf4        0x8 X-CUBE-AI/App/network.o
 .rodata.conv2d_5_chain
                0x0000000008023bfc        0x8 X-CUBE-AI/App/network.o
 .rodata.pool_6_fmt_chain
                0x0000000008023c04        0x8 X-CUBE-AI/App/network.o
 .rodata.eltwise_7_chain
                0x0000000008023c0c        0x8 X-CUBE-AI/App/network.o
 .rodata.eltwise_7_fmt_chain
                0x0000000008023c14        0x8 X-CUBE-AI/App/network.o
 .rodata.eltwise_8_chain
                0x0000000008023c1c        0x8 X-CUBE-AI/App/network.o
 .rodata.conv2d_9_chain
                0x0000000008023c24        0x8 X-CUBE-AI/App/network.o
 .rodata.pool_10_fmt_chain
                0x0000000008023c2c        0x8 X-CUBE-AI/App/network.o
 .rodata.eltwise_11_chain
                0x0000000008023c34        0x8 X-CUBE-AI/App/network.o
 .rodata.eltwise_11_fmt_chain
                0x0000000008023c3c        0x8 X-CUBE-AI/App/network.o
 .rodata.eltwise_12_chain
                0x0000000008023c44        0x8 X-CUBE-AI/App/network.o
 .rodata.dense_13_chain
                0x0000000008023c4c        0x8 X-CUBE-AI/App/network.o
 .rodata.dense_14_chain
                0x0000000008023c54        0x8 X-CUBE-AI/App/network.o
 .rodata.dense_14_fmt_chain
                0x0000000008023c5c        0x8 X-CUBE-AI/App/network.o
 .rodata.nl_15_chain
                0x0000000008023c64        0x8 X-CUBE-AI/App/network.o
 .rodata.s_network_weights.5635
                0x0000000008023c6c    0x19968 X-CUBE-AI/App/network_data.o
 .rodata.atanhi
                0x000000000803d5d4       0x10 c:/st/stm32cubeide_1.3.0/stm32cubeide/plugins/com.st.stm32cube.ide.mcu.externaltools.gnu-tools-for-stm32.7-2018-q2-update.win32_1.0.0.201904181610/tools/bin/../lib/gcc/arm-none-eabi/7.3.1/../../../../arm-none-eabi/lib/thumb/v7e-m/fpv4-sp/hard\libm.a(lib_a-sf_atan.o)
 .rodata.atanlo
                0x000000000803d5e4       0x10 c:/st/stm32cubeide_1.3.0/stm32cubeide/plugins/com.st.stm32cube.ide.mcu.externaltools.gnu-tools-for-stm32.7-2018-q2-update.win32_1.0.0.201904181610/tools/bin/../lib/gcc/arm-none-eabi/7.3.1/../../../../arm-none-eabi/lib/thumb/v7e-m/fpv4-sp/hard\libm.a(lib_a-sf_atan.o)
 .rodata.acosf.str1.1
                0x000000000803d5f4        0x6 c:/st/stm32cubeide_1.3.0/stm32cubeide/plugins/com.st.stm32cube.ide.mcu.externaltools.gnu-tools-for-stm32.7-2018-q2-update.win32_1.0.0.201904181610/tools/bin/../lib/gcc/arm-none-eabi/7.3.1/../../../../arm-none-eabi/lib/thumb/v7e-m/fpv4-sp/hard\libm.a(lib_a-wf_acos.o)
                                          0x7 (size before relaxing)
 .rodata.acoshf.str1.1
                0x000000000803d5fa        0x7 c:/st/stm32cubeide_1.3.0/stm32cubeide/plugins/com.st.stm32cube.ide.mcu.externaltools.gnu-tools-for-stm32.7-2018-q2-update.win32_1.0.0.201904181610/tools/bin/../lib/gcc/arm-none-eabi/7.3.1/../../../../arm-none-eabi/lib/thumb/v7e-m/fpv4-sp/hard\libm.a(lib_a-wf_acosh.o)
 .rodata.asinf.str1.1
                0x000000000803d601        0x6 c:/st/stm32cubeide_1.3.0/stm32cubeide/plugins/com.st.stm32cube.ide.mcu.externaltools.gnu-tools-for-stm32.7-2018-q2-update.win32_1.0.0.201904181610/tools/bin/../lib/gcc/arm-none-eabi/7.3.1/../../../../arm-none-eabi/lib/thumb/v7e-m/fpv4-sp/hard\libm.a(lib_a-wf_asin.o)
                                          0x7 (size before relaxing)
 .rodata.atanhf.str1.1
                0x000000000803d607        0x7 c:/st/stm32cubeide_1.3.0/stm32cubeide/plugins/com.st.stm32cube.ide.mcu.externaltools.gnu-tools-for-stm32.7-2018-q2-update.win32_1.0.0.201904181610/tools/bin/../lib/gcc/arm-none-eabi/7.3.1/../../../../arm-none-eabi/lib/thumb/v7e-m/fpv4-sp/hard\libm.a(lib_a-wf_atanh.o)
 .rodata.coshf.str1.1
                0x000000000803d60e        0x7 c:/st/stm32cubeide_1.3.0/stm32cubeide/plugins/com.st.stm32cube.ide.mcu.externaltools.gnu-tools-for-stm32.7-2018-q2-update.win32_1.0.0.201904181610/tools/bin/../lib/gcc/arm-none-eabi/7.3.1/../../../../arm-none-eabi/lib/thumb/v7e-m/fpv4-sp/hard\libm.a(lib_a-wf_cosh.o)
                                          0x6 (size before relaxing)
 .rodata.expf.str1.1
                0x000000000803d60e        0x5 c:/st/stm32cubeide_1.3.0/stm32cubeide/plugins/com.st.stm32cube.ide.mcu.externaltools.gnu-tools-for-stm32.7-2018-q2-update.win32_1.0.0.201904181610/tools/bin/../lib/gcc/arm-none-eabi/7.3.1/../../../../arm-none-eabi/lib/thumb/v7e-m/fpv4-sp/hard\libm.a(lib_a-wf_exp.o)
 .rodata.fmodf.str1.1
                0x000000000803d613        0x6 c:/st/stm32cubeide_1.3.0/stm32cubeide/plugins/com.st.stm32cube.ide.mcu.externaltools.gnu-tools-for-stm32.7-2018-q2-update.win32_1.0.0.201904181610/tools/bin/../lib/gcc/arm-none-eabi/7.3.1/../../../../arm-none-eabi/lib/thumb/v7e-m/fpv4-sp/hard\libm.a(lib_a-wf_fmod.o)
 .rodata.logf.str1.1
                0x000000000803d619        0x5 c:/st/stm32cubeide_1.3.0/stm32cubeide/plugins/com.st.stm32cube.ide.mcu.externaltools.gnu-tools-for-stm32.7-2018-q2-update.win32_1.0.0.201904181610/tools/bin/../lib/gcc/arm-none-eabi/7.3.1/../../../../arm-none-eabi/lib/thumb/v7e-m/fpv4-sp/hard\libm.a(lib_a-wf_log.o)
                                          0x6 (size before relaxing)
 .rodata.powf.str1.1
                0x000000000803d61e        0x5 c:/st/stm32cubeide_1.3.0/stm32cubeide/plugins/com.st.stm32cube.ide.mcu.externaltools.gnu-tools-for-stm32.7-2018-q2-update.win32_1.0.0.201904181610/tools/bin/../lib/gcc/arm-none-eabi/7.3.1/../../../../arm-none-eabi/lib/thumb/v7e-m/fpv4-sp/hard\libm.a(lib_a-wf_pow.o)
 .rodata.sinhf.str1.1
                0x000000000803d623        0x6 c:/st/stm32cubeide_1.3.0/stm32cubeide/plugins/com.st.stm32cube.ide.mcu.externaltools.gnu-tools-for-stm32.7-2018-q2-update.win32_1.0.0.201904181610/tools/bin/../lib/gcc/arm-none-eabi/7.3.1/../../../../arm-none-eabi/lib/thumb/v7e-m/fpv4-sp/hard\libm.a(lib_a-wf_sinh.o)
 .rodata.sqrtf.str1.1
                0x000000000803d629        0x6 c:/st/stm32cubeide_1.3.0/stm32cubeide/plugins/com.st.stm32cube.ide.mcu.externaltools.gnu-tools-for-stm32.7-2018-q2-update.win32_1.0.0.201904181610/tools/bin/../lib/gcc/arm-none-eabi/7.3.1/../../../../arm-none-eabi/lib/thumb/v7e-m/fpv4-sp/hard\libm.a(lib_a-wf_sqrt.o)
 *fill*         0x000000000803d62f        0x1 
 .rodata.halF   0x000000000803d630        0x8 c:/st/stm32cubeide_1.3.0/stm32cubeide/plugins/com.st.stm32cube.ide.mcu.externaltools.gnu-tools-for-stm32.7-2018-q2-update.win32_1.0.0.201904181610/tools/bin/../lib/gcc/arm-none-eabi/7.3.1/../../../../arm-none-eabi/lib/thumb/v7e-m/fpv4-sp/hard\libm.a(lib_a-ef_exp.o)
 .rodata.ln2HI  0x000000000803d638        0x8 c:/st/stm32cubeide_1.3.0/stm32cubeide/plugins/com.st.stm32cube.ide.mcu.externaltools.gnu-tools-for-stm32.7-2018-q2-update.win32_1.0.0.201904181610/tools/bin/../lib/gcc/arm-none-eabi/7.3.1/../../../../arm-none-eabi/lib/thumb/v7e-m/fpv4-sp/hard\libm.a(lib_a-ef_exp.o)
 .rodata.ln2LO  0x000000000803d640        0x8 c:/st/stm32cubeide_1.3.0/stm32cubeide/plugins/com.st.stm32cube.ide.mcu.externaltools.gnu-tools-for-stm32.7-2018-q2-update.win32_1.0.0.201904181610/tools/bin/../lib/gcc/arm-none-eabi/7.3.1/../../../../arm-none-eabi/lib/thumb/v7e-m/fpv4-sp/hard\libm.a(lib_a-ef_exp.o)
 .rodata.Zero   0x000000000803d648        0x8 c:/st/stm32cubeide_1.3.0/stm32cubeide/plugins/com.st.stm32cube.ide.mcu.externaltools.gnu-tools-for-stm32.7-2018-q2-update.win32_1.0.0.201904181610/tools/bin/../lib/gcc/arm-none-eabi/7.3.1/../../../../arm-none-eabi/lib/thumb/v7e-m/fpv4-sp/hard\libm.a(lib_a-ef_fmod.o)
 .rodata.__ieee754_powf.str1.1
                0x000000000803d650        0x1 c:/st/stm32cubeide_1.3.0/stm32cubeide/plugins/com.st.stm32cube.ide.mcu.externaltools.gnu-tools-for-stm32.7-2018-q2-update.win32_1.0.0.201904181610/tools/bin/../lib/gcc/arm-none-eabi/7.3.1/../../../../arm-none-eabi/lib/thumb/v7e-m/fpv4-sp/hard\libm.a(lib_a-ef_pow.o)