nnom.c:242:22:model_active	0	static
nnom.c:91:22:model_add	8	static
nnom.c:202:22:model_mergex.constprop	44	static
nnom.c:236:22:model_merge	0	static
nnom.c:202:22:model_mergex	52	static
nnom.c:179:22:model_hook	24	static
nnom.c:24:7:nnom_mem	8	static
nnom.c:36:8:nnom_mem_stat	0	static
nnom.c:56:8:nnom_alignto	0	static
nnom.c:250:15:new_model	16	static
nnom.c:354:6:model_delete	32	static
nnom.c:431:8:nnom_io_length	0	static
nnom.c:446:8:nnom_hook_length	0	static
nnom.c:564:15:compile_layers	64	static
nnom.c:797:8:mem_analysis_result	24	static
nnom.c:815:15:block_mem_set	8	static
nnom.c:832:15:tensor_mem_set	0	static
nnom.c:859:15:set_tailed_activation	16	static
nnom.c:904:15:model_compile	32	static
nnom.c:966:15:sequencial_compile	0	static
nnom.c:975:15:layer_run	16	static
nnom.c:996:15:model_run_to	32	static
nnom.c:1037:15:model_run	0	static
nnom.c:1043:15:model_set_callback	0	static
nnom.c:1053:6:model_delete_callback	0	static
