Archive member included to satisfy reference by file (symbol)

../Middlewares/ST/AI/Lib\NetworkRuntime500_CM7_GCC.a(ai_platform_interface.o)
                              X-CUBE-AI/App/network.o (ai_platform_api_get_network_report)
../Middlewares/ST/AI/Lib\NetworkRuntime500_CM7_GCC.a(core_common.o)
                              ../Middlewares/ST/AI/Lib\NetworkRuntime500_CM7_GCC.a(ai_platform_interface.o) (core_get_error)
../Middlewares/ST/AI/Lib\NetworkRuntime500_CM7_GCC.a(layers.o)
                              ../Middlewares/ST/AI/Lib\NetworkRuntime500_CM7_GCC.a(ai_platform_interface.o) (ai_check_custom_types)
../Middlewares/ST/AI/Lib\NetworkRuntime500_CM7_GCC.a(layers_conv2d_generic_float.o)
                              X-CUBE-AI/App/network.o (forward_conv2d_nl_pool)
../Middlewares/ST/AI/Lib\NetworkRuntime500_CM7_GCC.a(layers_nl_generic_float.o)
                              X-CUBE-AI/App/network.o (forward_relu)
../Middlewares/ST/AI/Lib\NetworkRuntime500_CM7_GCC.a(layers_norm_generic_float.o)
                              X-CUBE-AI/App/network.o (forward_bn)
../Middlewares/ST/AI/Lib\NetworkRuntime500_CM7_GCC.a(layers_pool_generic_float.o)
                              X-CUBE-AI/App/network.o (pool_func_mp_array_f32)
../Middlewares/ST/AI/Lib\NetworkRuntime500_CM7_GCC.a(ai_datatypes_format.o)
                              ../Middlewares/ST/AI/Lib\NetworkRuntime500_CM7_GCC.a(ai_platform_interface.o) (ai_array_get_byte_size)
../Middlewares/ST/AI/Lib\NetworkRuntime500_CM7_GCC.a(ai_math_helpers.o)
                              ../Middlewares/ST/AI/Lib\NetworkRuntime500_CM7_GCC.a(layers_nl_generic_float.o) (ai_math_sqrt)
../Middlewares/ST/AI/Lib\NetworkRuntime500_CM7_GCC.a(arm_mat_init_f32.o)
                              ../Middlewares/ST/AI/Lib\NetworkRuntime500_CM7_GCC.a(layers_conv2d_generic_float.o) (arm_mat_init_f32)
c:/st/stm32cubeide_1.3.0/stm32cubeide/plugins/com.st.stm32cube.ide.mcu.externaltools.gnu-tools-for-stm32.7-2018-q2-update.win32_1.0.0.201904181610/tools/bin/../lib/gcc/arm-none-eabi/7.3.1/../../../../arm-none-eabi/lib/thumb/v7e-m/fpv4-sp/hard\libc_nano.a(lib_a-aeabi_memclr.o)
                              ../Middlewares/ST/AI/Lib\NetworkRuntime500_CM7_GCC.a(layers_nl_generic_float.o) (__aeabi_memclr)
c:/st/stm32cubeide_1.3.0/stm32cubeide/plugins/com.st.stm32cube.ide.mcu.externaltools.gnu-tools-for-stm32.7-2018-q2-update.win32_1.0.0.201904181610/tools/bin/../lib/gcc/arm-none-eabi/7.3.1/../../../../arm-none-eabi/lib/thumb/v7e-m/fpv4-sp/hard\libc_nano.a(lib_a-aeabi_memcpy.o)
                              ../Middlewares/ST/AI/Lib\NetworkRuntime500_CM7_GCC.a(ai_platform_interface.o) (__aeabi_memcpy)
c:/st/stm32cubeide_1.3.0/stm32cubeide/plugins/com.st.stm32cube.ide.mcu.externaltools.gnu-tools-for-stm32.7-2018-q2-update.win32_1.0.0.201904181610/tools/bin/../lib/gcc/arm-none-eabi/7.3.1/../../../../arm-none-eabi/lib/thumb/v7e-m/fpv4-sp/hard\libc_nano.a(lib_a-aeabi_memset-soft.o)
                              c:/st/stm32cubeide_1.3.0/stm32cubeide/plugins/com.st.stm32cube.ide.mcu.externaltools.gnu-tools-for-stm32.7-2018-q2-update.win32_1.0.0.201904181610/tools/bin/../lib/gcc/arm-none-eabi/7.3.1/../../../../arm-none-eabi/lib/thumb/v7e-m/fpv4-sp/hard\libc_nano.a(lib_a-aeabi_memclr.o) (__aeabi_memset)
c:/st/stm32cubeide_1.3.0/stm32cubeide/plugins/com.st.stm32cube.ide.mcu.externaltools.gnu-tools-for-stm32.7-2018-q2-update.win32_1.0.0.201904181610/tools/bin/../lib/gcc/arm-none-eabi/7.3.1/../../../../arm-none-eabi/lib/thumb/v7e-m/fpv4-sp/hard\libc_nano.a(lib_a-errno.o)
                              Core/Src/syscalls.o (__errno)
c:/st/stm32cubeide_1.3.0/stm32cubeide/plugins/com.st.stm32cube.ide.mcu.externaltools.gnu-tools-for-stm32.7-2018-q2-update.win32_1.0.0.201904181610/tools/bin/../lib/gcc/arm-none-eabi/7.3.1/../../../../arm-none-eabi/lib/thumb/v7e-m/fpv4-sp/hard\libc_nano.a(lib_a-exit.o)
                              c:/st/stm32cubeide_1.3.0/stm32cubeide/plugins/com.st.stm32cube.ide.mcu.externaltools.gnu-tools-for-stm32.7-2018-q2-update.win32_1.0.0.201904181610/tools/bin/../lib/gcc/arm-none-eabi/7.3.1/../../../../arm-none-eabi/lib/thumb/v7e-m/fpv4-sp/hard/crt0.o (exit)
c:/st/stm32cubeide_1.3.0/stm32cubeide/plugins/com.st.stm32cube.ide.mcu.externaltools.gnu-tools-for-stm32.7-2018-q2-update.win32_1.0.0.201904181610/tools/bin/../lib/gcc/arm-none-eabi/7.3.1/../../../../arm-none-eabi/lib/thumb/v7e-m/fpv4-sp/hard\libc_nano.a(lib_a-impure.o)
                              c:/st/stm32cubeide_1.3.0/stm32cubeide/plugins/com.st.stm32cube.ide.mcu.externaltools.gnu-tools-for-stm32.7-2018-q2-update.win32_1.0.0.201904181610/tools/bin/../lib/gcc/arm-none-eabi/7.3.1/../../../../arm-none-eabi/lib/thumb/v7e-m/fpv4-sp/hard\libc_nano.a(lib_a-exit.o) (_global_impure_ptr)
[...]
Memory Configuration

Name             Origin             Length             Attributes
RAM              0x0000000020000000 0x0000000000040000 xrw
FLASH            0x0000000008000000 0x0000000000080000 xr
*default*        0x0000000000000000 0xffffffffffffffff

Linker script and memory map

LOAD c:/st/stm32cubeide_1.3.0/stm32cubeide/plugins/com.st.stm32cube.ide.mcu.externaltools.gnu-tools-for-stm32.7-2018-q2-update.win32_1.0.0.201904181610/tools/bin/../lib/gcc/arm-none-eabi/7.3.1/thumb/v7e-m/fpv4-sp/hard/crti.o
LOAD c:/st/stm32cubeide_1.3.0/stm32cubeide/plugins/com.st.stm32cube.ide.mcu.externaltools.gnu-tools-for-stm32.7-2018-q2-update.win32_1.0.0.201904181610/tools/bin/../lib/gcc/arm-none-eabi/7.3.1/thumb/v7e-m/fpv4-sp/hard/crtbegin.o
LOAD c:/st/stm32cubeide_1.3.0/stm32cubeide/plugins/com.st.stm32cube.ide.mcu.externaltools.gnu-tools-for-stm32.7-2018-q2-update.win32_1.0.0.201904181610/tools/bin/../lib/gcc/arm-none-eabi/7.3.1/../../../../arm-none-eabi/lib/thumb/v7e-m/fpv4-sp/hard/crt0.o
LOAD Core/Src/CycleCounter.o
LOAD Core/Src/main.o
LOAD Core/Src/stm32f7xx_hal_msp.o
LOAD Core/Src/stm32f7xx_it.o
LOAD Core/Src/syscalls.o
LOAD Core/Src/sysmem.o
LOAD Core/Src/system_stm32f7xx.o
LOAD Core/Startup/startup_stm32f723iekx.o
LOAD Drivers/STM32F7xx_HAL_Driver/Src/stm32f7xx_hal.o
LOAD Drivers/STM32F7xx_HAL_Driver/Src/stm32f7xx_hal_cortex.o
LOAD Drivers/STM32F7xx_HAL_Driver/Src/stm32f7xx_hal_crc.o
LOAD Drivers/STM32F7xx_HAL_Driver/Src/stm32f7xx_hal_crc_ex.o
LOAD Drivers/STM32F7xx_HAL_Driver/Src/stm32f7xx_hal_dma.o
LOAD Drivers/STM32F7xx_HAL_Driver/Src/stm32f7xx_hal_dma_ex.o
LOAD Drivers/STM32F7xx_HAL_Driver/Src/stm32f7xx_hal_exti.o
LOAD Drivers/STM32F7xx_HAL_Driver/Src/stm32f7xx_hal_flash.o
LOAD Drivers/STM32F7xx_HAL_Driver/Src/stm32f7xx_hal_flash_ex.o
LOAD Drivers/STM32F7xx_HAL_Driver/Src/stm32f7xx_hal_gpio.o
LOAD Drivers/STM32F7xx_HAL_Driver/Src/stm32f7xx_hal_i2c.o
LOAD Drivers/STM32F7xx_HAL_Driver/Src/stm32f7xx_hal_i2c_ex.o
LOAD Drivers/STM32F7xx_HAL_Driver/Src/stm32f7xx_hal_pwr.o
LOAD Drivers/STM32F7xx_HAL_Driver/Src/stm32f7xx_hal_pwr_ex.o
LOAD Drivers/STM32F7xx_HAL_Driver/Src/stm32f7xx_hal_rcc.o
LOAD Drivers/STM32F7xx_HAL_Driver/Src/stm32f7xx_hal_rcc_ex.o
LOAD Drivers/STM32F7xx_HAL_Driver/Src/stm32f7xx_hal_tim.o
LOAD Drivers/STM32F7xx_HAL_Driver/Src/stm32f7xx_hal_tim_ex.o
LOAD Drivers/STM32F7xx_HAL_Driver/Src/stm32f7xx_hal_uart.o
LOAD Drivers/STM32F7xx_HAL_Driver/Src/stm32f7xx_hal_uart_ex.o
LOAD X-CUBE-AI/App/app_x-cube-ai.o
LOAD X-CUBE-AI/App/network.o
LOAD X-CUBE-AI/App/network_data.o
LOAD ../Middlewares/ST/AI/Lib\NetworkRuntime500_CM7_GCC.a
START GROUP
LOAD c:/st/stm32cubeide_1.3.0/stm32cubeide/plugins/com.st.stm32cube.ide.mcu.externaltools.gnu-tools-for-stm32.7-2018-q2-update.win32_1.0.0.201904181610/tools/bin/../lib/gcc/arm-none-eabi/7.3.1/../../../../arm-none-eabi/lib/thumb/v7e-m/fpv4-sp/hard\libc_nano.a
LOAD c:/st/stm32cubeide_1.3.0/stm32cubeide/plugins/com.st.stm32cube.ide.mcu.externaltools.gnu-tools-for-stm32.7-2018-q2-update.win32_1.0.0.201904181610/tools/bin/../lib/gcc/arm-none-eabi/7.3.1/../../../../arm-none-eabi/lib/thumb/v7e-m/fpv4-sp/hard\libm.a
END GROUP
START GROUP
LOAD c:/st/stm32cubeide_1.3.0/stm32cubeide/plugins/com.st.stm32cube.ide.mcu.externaltools.gnu-tools-for-stm32.7-2018-q2-update.win32_1.0.0.201904181610/tools/bin/../lib/gcc/arm-none-eabi/7.3.1/thumb/v7e-m/fpv4-sp/hard\libgcc.a
LOAD c:/st/stm32cubeide_1.3.0/stm32cubeide/plugins/com.st.stm32cube.ide.mcu.externaltools.gnu-tools-for-stm32.7-2018-q2-update.win32_1.0.0.201904181610/tools/bin/../lib/gcc/arm-none-eabi/7.3.1/../../../../arm-none-eabi/lib/thumb/v7e-m/fpv4-sp/hard\libc_nano.a
END GROUP
START GROUP
LOAD c:/st/stm32cubeide_1.3.0/stm32cubeide/plugins/com.st.stm32cube.ide.mcu.externaltools.gnu-tools-for-stm32.7-2018-q2-update.win32_1.0.0.201904181610/tools/bin/../lib/gcc/arm-none-eabi/7.3.1/thumb/v7e-m/fpv4-sp/hard\libgcc.a
LOAD c:/st/stm32cubeide_1.3.0/stm32cubeide/plugins/com.st.stm32cube.ide.mcu.externaltools.gnu-tools-for-stm32.7-2018-q2-update.win32_1.0.0.201904181610/tools/bin/../lib/gcc/arm-none-eabi/7.3.1/../../../../arm-none-eabi/lib/thumb/v7e-m/fpv4-sp/hard\libc_nano.a
LOAD c:/st/stm32cubeide_1.3.0/stm32cubeide/plugins/com.st.stm32cube.ide.mcu.externaltools.gnu-tools-for-stm32.7-2018-q2-update.win32_1.0.0.201904181610/tools/bin/../lib/gcc/arm-none-eabi/7.3.1/../../../../arm-none-eabi/lib/thumb/v7e-m/fpv4-sp/hard\libnosys.a
END GROUP
START GROUP
LOAD c:/st/stm32cubeide_1.3.0/stm32cubeide/plugins/com.st.stm32cube.ide.mcu.externaltools.gnu-tools-for-stm32.7-2018-q2-update.win32_1.0.0.201904181610/tools/bin/../lib/gcc/arm-none-eabi/7.3.1/thumb/v7e-m/fpv4-sp/hard\libgcc.a
LOAD c:/st/stm32cubeide_1.3.0/stm32cubeide/plugins/com.st.stm32cube.ide.mcu.externaltools.gnu-tools-for-stm32.7-2018-q2-update.win32_1.0.0.201904181610/tools/bin/../lib/gcc/arm-none-eabi/7.3.1/../../../../arm-none-eabi/lib/thumb/v7e-m/fpv4-sp/hard\libc_nano.a
LOAD c:/st/stm32cubeide_1.3.0/stm32cubeide/plugins/com.st.stm32cube.ide.mcu.externaltools.gnu-tools-for-stm32.7-2018-q2-update.win32_1.0.0.201904181610/tools/bin/../lib/gcc/arm-none-eabi/7.3.1/../../../../arm-none-eabi/lib/thumb/v7e-m/fpv4-sp/hard\libnosys.a
END GROUP
LOAD c:/st/stm32cubeide_1.3.0/stm32cubeide/plugins/com.st.stm32cube.ide.mcu.externaltools.gnu-tools-for-stm32.7-2018-q2-update.win32_1.0.0.201904181610/tools/bin/../lib/gcc/arm-none-eabi/7.3.1/thumb/v7e-m/fpv4-sp/hard/crtend.o
LOAD c:/st/stm32cubeide_1.3.0/stm32cubeide/plugins/com.st.stm32cube.ide.mcu.externaltools.gnu-tools-for-stm32.7-2018-q2-update.win32_1.0.0.201904181610/tools/bin/../lib/gcc/arm-none-eabi/7.3.1/thumb/v7e-m/fpv4-sp/hard/crtn.o
                0x0000000020040000                _estack = (ORIGIN (RAM) + LENGTH (RAM))
                0x0000000000000200                _Min_Heap_Size = 0x200
                0x0000000000000400                _Min_Stack_Size = 0x400

.isr_vector     0x0000000008000000      0x1e0
                0x0000000008000000                . = ALIGN (0x4)
 *(.isr_vector)
 .isr_vector    0x0000000008000000      0x1e0 Core/Startup/startup_stm32f723iekx.o
                0x0000000008000000                g_pfnVectors
                0x00000000080001e0                . = ALIGN (0x4)

.text           0x00000000080001e0     0xe184
                0x00000000080001e0                . = ALIGN (0x4)
 *(.text)
 .text          0x00000000080001e0       0x40 c:/st/stm32cubeide_1.3.0/stm32cubeide/plugins/com.st.stm32cube.ide.mcu.externaltools.gnu-tools-for-stm32.7-2018-q2-update.win32_1.0.0.201904181610/tools/bin/../lib/gcc/arm-none-eabi/7.3.1/thumb/v7e-m/fpv4-sp/hard/crtbegin.o
 .text          0x0000000008000220      0xd88 ../Middlewares/ST/AI/Lib\NetworkRuntime500_CM7_GCC.a(ai_platform_interface.o)
                0x000000000800039e                ai_platform_runtime_get_revision
                0x0000000008000438                ai_platform_runtime_get_version
                0x00000000080004d6                ai_platform_api_get_version
                0x0000000008000574                ai_platform_interface_api_get_version
                0x0000000008000612                ai_platform_context_acquire
                0x00000000080006bc                ai_platform_context_release
                0x00000000080006c8                ai_platform_network_get_error
                0x0000000008000782                ai_platform_network_set_error
                0x000000000800078e                ai_platform_api_get_network_report
                0x0000000008000908                ai_platform_network_create
                0x0000000008000974                ai_platform_network_destroy
                0x0000000008000a14                ai_platform_network_init
                0x0000000008000b44                ai_platform_network_process
 .text          0x0000000008000fa8       0x24 ../Middlewares/ST/AI/Lib\NetworkRuntime500_CM7_GCC.a(core_common.o)
                0x0000000008000fa8                core_init
                0x0000000008000fac                core_get_error
                0x0000000008000fb6                core_set_error
 .text          0x0000000008000fcc      0x260 ../Middlewares/ST/AI/Lib\NetworkRuntime500_CM7_GCC.a(layers.o)
                0x0000000008000fcc                ai_layers_forward_layer
                0x0000000008000fe0                ai_check_custom_types
                0x0000000008001008                ai_layer_type_name
                0x0000000008001118                ai_layer_type_is_valid
                0x0000000008001134                ai_layers_forward_all
 .text          0x000000000800122c     0x19c4 ../Middlewares/ST/AI/Lib\NetworkRuntime500_CM7_GCC.a(layers_conv2d_generic_float.o)
                0x0000000008001810                ai_dict8_dot_array_f32
                0x0000000008001af0                ai_dict4_dot_array_f32
                0x0000000008001c58                ai_dict_decompress_f32
                0x0000000008001d2e                forward_conv2d
                0x0000000008001fe4                forward_conv2d_nl_pool
                0x00000000080024dc                forward_dense
                0x000000000800278c                forward_gemm
                0x0000000008002a50                forward_matmul
 .text          0x0000000008002bf0     0x2528 ../Middlewares/ST/AI/Lib\NetworkRuntime500_CM7_GCC.a(layers_nl_generic_float.o)
                0x0000000008002c44                nl_func_acos_array_f32
                0x0000000008002c74                forward_acos
                0x0000000008002d2c                nl_func_acosh_array_f32
                0x0000000008002d5c                forward_acosh
                0x0000000008002e14                nl_func_asin_array_f32
                0x0000000008002e44                forward_asin
                0x0000000008002efc                nl_func_asinh_array_f32
                0x0000000008002f2c                forward_asinh
                0x0000000008002fe4                nl_func_atan_array_f32
                0x0000000008003014                forward_atan
                0x00000000080030cc                nl_func_atanh_array_f32
                0x00000000080030fc                forward_atanh
                0x00000000080031b4                nl_func_cos_array_f32
                0x00000000080031e4                forward_cos
                0x000000000800329c                nl_func_cosh_array_f32
                0x00000000080032cc                forward_cosh
                0x0000000008003384                nl_func_erf_array_f32
                0x00000000080033b4                forward_erf
                0x000000000800346c                nl_func_log_array_f32
                0x000000000800349c                forward_log
                0x0000000008003554                nl_func_rsqrt_array_f32
                0x000000000800358c                forward_rsqrt
                0x0000000008003650                nl_func_sin_array_f32
                0x0000000008003680                forward_sin
                0x0000000008003738                nl_func_sinh_array_f32
                0x0000000008003768                forward_sinh
                0x0000000008003820                nl_func_tan_array_f32
                0x0000000008003850                forward_tan
                0x0000000008003908                nl_func_abs_array_f32
                0x0000000008003930                forward_abs
                0x00000000080039e0                nl_func_ceil_array_f32
                0x0000000008003a10                forward_ceil
                0x0000000008003ac8                nl_func_floor_array_f32
                0x0000000008003af8                forward_floor
                0x0000000008003bb0                nl_func_round_array_f32
                0x0000000008003be0                forward_round
                0x0000000008003c98                nl_func_neg_array_f32
                0x0000000008003d08                forward_neg
                0x0000000008003e00                nl_func_reciprocal_array_f32
                0x0000000008003e7c                forward_reciprocal
                0x0000000008003f80                nl_func_exp_array_f32
                0x0000000008003fb0                forward_exp
                0x0000000008004068                nl_func_sigmoid_array_f32
                0x00000000080040ac                forward_sigmoid
                0x0000000008004178                nl_func_sign_array_f32
                0x00000000080041b8                forward_sign
                0x0000000008004288                nl_func_sqrt_array_f32
                0x00000000080042b8                forward_sqrt
                0x0000000008004374                nl_func_soft_plus_array_f32
                0x00000000080043b0                forward_soft_plus
                0x0000000008004474                nl_func_soft_sign_array_f32
                0x00000000080044ac                forward_soft_sign
                0x000000000800456c                nl_func_tanh_array_f32
                0x000000000800459c                forward_tanh
                0x0000000008004654                nl_func_relu_array_f32
                0x0000000008004688                nl_func_sm_channel_f32
                0x00000000080047ac                nl_func_sm_array_f32
                0x000000000800480c                nl_func_hard_sigmoid_array_f32
                0x000000000800486c                nl_func_clip_array_f32
                0x00000000080048b8                nl_func_hardmax_array_f32
                0x00000000080049a0                nl_func_relu_generic_array_f32
                0x0000000008004a5c                nl_func_relu_thresholded_array_f32
                0x0000000008004a94                nl_func_elu_array_f32
                0x0000000008004b18                nl_func_selu_array_f32
                0x0000000008004b9c                nl_func_prelu_array_f32
                0x0000000008004bfc                forward_relu
                0x0000000008004cb0                forward_relu_thresholded
                0x0000000008004d7c                forward_elu
                0x0000000008004dcc                forward_selu
                0x0000000008004e1c                forward_prelu
                0x0000000008004f3c                forward_clip
                0x0000000008004f8c                forward_hard_sigmoid
                0x000000000800507c                forward_sm
                0x00000000080050d0                forward_hardmax
 .text          0x0000000008005118      0x724 ../Middlewares/ST/AI/Lib\NetworkRuntime500_CM7_GCC.a(layers_norm_generic_float.o)
                0x000000000800516c                func_lrn_channel_f32
                0x000000000800526c                func_norm_array_f32
                0x0000000008005370                func_norm_l2_fast_array_f32
                0x0000000008005454                func_lrn_array_f32
                0x00000000080054a4                forward_bn
                0x0000000008005716                forward_lrn
                0x0000000008005782                forward_norm
 .text          0x000000000800583c      0xe8a ../Middlewares/ST/AI/Lib\NetworkRuntime500_CM7_GCC.a(layers_pool_generic_float.o)
                0x000000000800583c                pool_func_mp_array_f32
                0x0000000008005bd8                pool_func_ap_array_f32
                0x0000000008005fd0                pool_func_mp_kernel_array_f32
                0x0000000008006090                pool_func_ap_kernel_array_f32
                0x00000000080061b0                forward_mp
                0x00000000080063f0                forward_ap
 *fill*         0x00000000080066c6        0x2 
 .text          0x00000000080066c8      0x8f0 ../Middlewares/ST/AI/Lib\NetworkRuntime500_CM7_GCC.a(ai_datatypes_format.o)
                0x00000000080066c8                ai_array_fmt_name
                0x0000000008006872                ai_array_fmt_exported
                0x0000000008006956                ai_array_fmt_valid
                0x0000000008006a3c                ai_array_fmt_get_formats
                0x0000000008006a4c                ai_buffer_fmt_name
                0x0000000008006b12                ai_buffer_fmt_valid
                0x0000000008006b80                ai_buffer_fmt_get_formats
                0x0000000008006b88                ai_array_to_buffer_fmt
                0x0000000008006c34                ai_buffer_to_array_fmt
                0x0000000008006d38                ai_array_get_byte_size
                0x0000000008006d8e                ai_array_get_data_byte_size
                0x0000000008006db6                ai_array_get_elems_from_size
 .text          0x0000000008006fb8      0x10c ../Middlewares/ST/AI/Lib\NetworkRuntime500_CM7_GCC.a(ai_math_helpers.o)
                0x0000000008006fb8                ai_math_sqrt
                0x0000000008006fd0                ai_math_exp
                0x0000000008006fd4                ai_math_pow
                0x0000000008006fd8                ai_math_tanh
                0x0000000008006fdc                ai_math_cosh
                0x0000000008006fe0                ai_math_relu
                0x0000000008006ff0                ai_math_prelu
                0x0000000008007000                ai_math_sigmoid
                0x0000000008007020                ai_math_hard_sigmoid
                0x0000000008007054                ai_math_sign
                0x0000000008007080                ai_div
                0x0000000008007086                ai_floor_div
                0x000000000800708e                ai_floor_mod
                0x0000000008007092                ai_max
                0x00000000080070a2                ai_min
                0x00000000080070b2                ai_mul
                0x00000000080070b8                ai_sub
                0x00000000080070be                ai_sum
 .text          0x00000000080070c4        0x8 ../Middlewares/ST/AI/Lib\NetworkRuntime500_CM7_GCC.a(arm_mat_init_f32.o)
                0x00000000080070c4                arm_mat_init_f32
 .text          0x00000000080070cc       0x9a c:/st/stm32cubeide_1.3.0/stm32cubeide/plugins/com.st.stm32cube.ide.mcu.externaltools.gnu-tools-for-stm32.7-2018-q2-update.win32_1.0.0.201904181610/tools/bin/../lib/gcc/arm-none-eabi/7.3.1/../../../../arm-none-eabi/lib/thumb/v7e-m/fpv4-sp/hard\libc_nano.a(lib_a-aeabi_memset-soft.o)
                0x00000000080070cc                __aeabi_memset8
                0x00000000080070cc                __aeabi_memset4
                0x00000000080070cc                __aeabi_memset
 *fill*         0x0000000008007166        0x2 
 .text          0x0000000008007168      0x378 c:/st/stm32cubeide_1.3.0/stm32cubeide/plugins/com.st.stm32cube.ide.mcu.externaltools.gnu-tools-for-stm32.7-2018-q2-update.win32_1.0.0.201904181610/tools/bin/../lib/gcc/arm-none-eabi/7.3.1/thumb/v7e-m/fpv4-sp/hard\libgcc.a(_arm_addsubdf3.o)
                0x0000000008007168                __aeabi_drsub
                0x0000000008007170                __aeabi_dsub
                0x0000000008007170                __subdf3
                0x0000000008007174                __aeabi_dadd
                0x0000000008007174                __adddf3
                0x00000000080073ec                __floatunsidf
                0x00000000080073ec                __aeabi_ui2d
                0x000000000800740c                __floatsidf
                0x000000000800740c                __aeabi_i2d
                0x0000000008007430                __aeabi_f2d
                0x0000000008007430                __extendsfdf2
                0x0000000008007474                __floatundidf
                0x0000000008007474                __aeabi_ul2d
                0x0000000008007484                __floatdidf
                0x0000000008007484                __aeabi_l2d
 .text          0x00000000080074e0      0x424 c:/st/stm32cubeide_1.3.0/stm32cubeide/plugins/com.st.stm32cube.ide.mcu.externaltools.gnu-tools-for-stm32.7-2018-q2-update.win32_1.0.0.201904181610/tools/bin/../lib/gcc/arm-none-eabi/7.3.1/thumb/v7e-m/fpv4-sp/hard\libgcc.a(_arm_muldivdf3.o)
                0x00000000080074e0                __aeabi_dmul
                0x00000000080074e0                __muldf3
                0x0000000008007734                __divdf3
                0x0000000008007734                __aeabi_ddiv
 .text          0x0000000008007904       0xa0 c:/st/stm32cubeide_1.3.0/stm32cubeide/plugins/com.st.stm32cube.ide.mcu.externaltools.gnu-tools-for-stm32.7-2018-q2-update.win32_1.0.0.201904181610/tools/bin/../lib/gcc/arm-none-eabi/7.3.1/thumb/v7e-m/fpv4-sp/hard\libgcc.a(_arm_truncdfsf2.o)
                0x0000000008007904                __truncdfsf2
                0x0000000008007904                __aeabi_d2f
 .text          0x00000000080079a4       0x30 c:/st/stm32cubeide_1.3.0/stm32cubeide/plugins/com.st.stm32cube.ide.mcu.externaltools.gnu-tools-for-stm32.7-2018-q2-update.win32_1.0.0.201904181610/tools/bin/../lib/gcc/arm-none-eabi/7.3.1/thumb/v7e-m/fpv4-sp/hard\libgcc.a(_aeabi_uldivmod.o)
                0x00000000080079a4                __aeabi_uldivmod
 .text          0x00000000080079d4      0x2cc c:/st/stm32cubeide_1.3.0/stm32cubeide/plugins/com.st.stm32cube.ide.mcu.externaltools.gnu-tools-for-stm32.7-2018-q2-update.win32_1.0.0.201904181610/tools/bin/../lib/gcc/arm-none-eabi/7.3.1/thumb/v7e-m/fpv4-sp/hard\libgcc.a(_udivmoddi4.o)
                0x00000000080079d4                __udivmoddi4
 .text          0x0000000008007ca0        0x4 c:/st/stm32cubeide_1.3.0/stm32cubeide/plugins/com.st.stm32cube.ide.mcu.externaltools.gnu-tools-for-stm32.7-2018-q2-update.win32_1.0.0.201904181610/tools/bin/../lib/gcc/arm-none-eabi/7.3.1/thumb/v7e-m/fpv4-sp/hard\libgcc.a(_dvmd_tls.o)
                0x0000000008007ca0                __aeabi_idiv0
                0x0000000008007ca0                __aeabi_ldiv0
 *(.text*)
 .text.ResetTimer
                0x0000000008007ca4       0x58 Core/Src/CycleCounter.o
                0x0000000008007ca4                ResetTimer
 .text.StartTimer
                0x0000000008007cfc       0x24 Core/Src/CycleCounter.o
                0x0000000008007cfc                StartTimer
 .text.StopTimer
                0x0000000008007d20       0x20 Core/Src/CycleCounter.o
                0x0000000008007d20                StopTimer
 .text.getCycles
                0x0000000008007d40       0x18 Core/Src/CycleCounter.o
                0x0000000008007d40                getCycles
 .text.SCB_EnableICache
                0x0000000008007d58       0x40 Core/Src/main.o
 .text.SCB_EnableDCache
                0x0000000008007d98       0x80 Core/Src/main.o
 .text.main     0x0000000008007e18      0x2b8 Core/Src/main.o
                0x0000000008007e18                main
 .text.SystemClock_Config
                0x00000000080080d0      0x120 Core/Src/main.o
                0x00000000080080d0                SystemClock_Config
 .text.MX_CRC_Init
                0x00000000080081f0       0x44 Core/Src/main.o
 .text.MX_USART6_UART_Init
                0x0000000008008234       0x60 Core/Src/main.o
 .text.MX_GPIO_Init
                0x0000000008008294       0x30 Core/Src/main.o
 .text.Error_Handler
                0x00000000080082c4        0xe Core/Src/main.o
                0x00000000080082c4                Error_Handler
 *fill*         0x00000000080082d2        0x2 
 .text.HAL_MspInit
                0x00000000080082d4       0x48 Core/Src/stm32f7xx_hal_msp.o
                0x00000000080082d4                HAL_MspInit
 .text.HAL_CRC_MspInit
                0x000000000800831c       0x40 Core/Src/stm32f7xx_hal_msp.o
                0x000000000800831c                HAL_CRC_MspInit
 .text.HAL_UART_MspInit
                0x000000000800835c       0x88 Core/Src/stm32f7xx_hal_msp.o
                0x000000000800835c                HAL_UART_MspInit
 .text.NMI_Handler
                0x00000000080083e4        0xe Core/Src/stm32f7xx_it.o
                0x00000000080083e4                NMI_Handler
 .text.HardFault_Handler
                0x00000000080083f2        0x6 Core/Src/stm32f7xx_it.o
                0x00000000080083f2                HardFault_Handler
 .text.MemManage_Handler
                0x00000000080083f8        0x6 Core/Src/stm32f7xx_it.o
                0x00000000080083f8                MemManage_Handler
 .text.BusFault_Handler
                0x00000000080083fe        0x6 Core/Src/stm32f7xx_it.o
                0x00000000080083fe                BusFault_Handler
 .text.UsageFault_Handler
                0x0000000008008404        0x6 Core/Src/stm32f7xx_it.o
                0x0000000008008404                UsageFault_Handler
 .text.SVC_Handler
                0x000000000800840a        0xe Core/Src/stm32f7xx_it.o
                0x000000000800840a                SVC_Handler
 .text.DebugMon_Handler
                0x0000000008008418        0xe Core/Src/stm32f7xx_it.o
                0x0000000008008418                DebugMon_Handler
 .text.PendSV_Handler
                0x0000000008008426        0xe Core/Src/stm32f7xx_it.o
                0x0000000008008426                PendSV_Handler
 .text.SysTick_Handler
                0x0000000008008434        0xc Core/Src/stm32f7xx_it.o
                0x0000000008008434                SysTick_Handler
 .text.SystemInit
                0x0000000008008440       0x2c Core/Src/system_stm32f7xx.o
                0x0000000008008440                SystemInit
 .text.Reset_Handler
                0x000000000800846c       0x50 Core/Startup/startup_stm32f723iekx.o
                0x000000000800846c                Reset_Handler
 .text.Default_Handler
                0x00000000080084bc        0x2 Core/Startup/startup_stm32f723iekx.o
                0x00000000080084bc                RTC_Alarm_IRQHandler
                0x00000000080084bc                EXTI2_IRQHandler
                0x00000000080084bc                TIM8_CC_IRQHandler
                0x00000000080084bc                UART8_IRQHandler
                0x00000000080084bc                SPI4_IRQHandler
                0x00000000080084bc                TIM1_CC_IRQHandler
                0x00000000080084bc                DMA2_Stream5_IRQHandler
                0x00000000080084bc                DMA1_Stream5_IRQHandler
                0x00000000080084bc                PVD_IRQHandler
                0x00000000080084bc                TAMP_STAMP_IRQHandler
                0x00000000080084bc                EXTI3_IRQHandler
                0x00000000080084bc                TIM8_TRG_COM_TIM14_IRQHandler
                0x00000000080084bc                TIM1_UP_TIM10_IRQHandler
                0x00000000080084bc                TIM8_UP_TIM13_IRQHandler
                0x00000000080084bc                I2C3_ER_IRQHandler
                0x00000000080084bc                EXTI0_IRQHandler
                0x00000000080084bc                I2C2_EV_IRQHandler
                0x00000000080084bc                DMA1_Stream2_IRQHandler
                0x00000000080084bc                CAN1_RX0_IRQHandler
                0x00000000080084bc                FPU_IRQHandler
                0x00000000080084bc                OTG_HS_WKUP_IRQHandler
                0x00000000080084bc                DMA2_Stream2_IRQHandler
                0x00000000080084bc                SPI1_IRQHandler
                0x00000000080084bc                TIM6_DAC_IRQHandler
                0x00000000080084bc                TIM1_BRK_TIM9_IRQHandler
                0x00000000080084bc                DMA2_Stream3_IRQHandler
                0x00000000080084bc                SAI2_IRQHandler
                0x00000000080084bc                USART6_IRQHandler
                0x00000000080084bc                USART3_IRQHandler
                0x00000000080084bc                CAN1_RX1_IRQHandler
                0x00000000080084bc                UART5_IRQHandler
                0x00000000080084bc                DMA2_Stream0_IRQHandler
                0x00000000080084bc                TIM4_IRQHandler
                0x00000000080084bc                QUADSPI_IRQHandler
                0x00000000080084bc                I2C1_EV_IRQHandler
                0x00000000080084bc                DMA1_Stream6_IRQHandler
                0x00000000080084bc                DMA1_Stream1_IRQHandler
                0x00000000080084bc                UART4_IRQHandler
                0x00000000080084bc                TIM3_IRQHandler
                0x00000000080084bc                RCC_IRQHandler
                0x00000000080084bc                TIM8_BRK_TIM12_IRQHandler
                0x00000000080084bc                Default_Handler
                0x00000000080084bc                EXTI15_10_IRQHandler
                0x00000000080084bc                ADC_IRQHandler
                0x00000000080084bc                DMA1_Stream7_IRQHandler
                0x00000000080084bc                SPI5_IRQHandler
                0x00000000080084bc                TIM7_IRQHandler
                0x00000000080084bc                SDMMC1_IRQHandler
                0x00000000080084bc                TIM5_IRQHandler
                0x00000000080084bc                DMA2_Stream7_IRQHandler
                0x00000000080084bc                I2C3_EV_IRQHandler
                0x00000000080084bc                EXTI9_5_IRQHandler
                0x00000000080084bc                RTC_WKUP_IRQHandler
                0x00000000080084bc                SPI2_IRQHandler
                0x00000000080084bc                OTG_HS_EP1_IN_IRQHandler
                0x00000000080084bc                DMA1_Stream0_IRQHandler
                0x00000000080084bc                CAN1_TX_IRQHandler
                0x00000000080084bc                EXTI4_IRQHandler
                0x00000000080084bc                RNG_IRQHandler
                0x00000000080084bc                OTG_HS_EP1_OUT_IRQHandler
                0x00000000080084bc                WWDG_IRQHandler
                0x00000000080084bc                TIM2_IRQHandler
                0x00000000080084bc                OTG_FS_WKUP_IRQHandler
                0x00000000080084bc                TIM1_TRG_COM_TIM11_IRQHandler
                0x00000000080084bc                OTG_HS_IRQHandler
                0x00000000080084bc                EXTI1_IRQHandler
                0x00000000080084bc                SDMMC2_IRQHandler
                0x00000000080084bc                UART7_IRQHandler
                0x00000000080084bc                USART2_IRQHandler
                0x00000000080084bc                I2C2_ER_IRQHandler
                0x00000000080084bc                DMA2_Stream1_IRQHandler
                0x00000000080084bc                CAN1_SCE_IRQHandler
                0x00000000080084bc                FLASH_IRQHandler
                0x00000000080084bc                DMA2_Stream4_IRQHandler
                0x00000000080084bc                USART1_IRQHandler
                0x00000000080084bc                OTG_FS_IRQHandler
                0x00000000080084bc                SPI3_IRQHandler
                0x00000000080084bc                DMA1_Stream4_IRQHandler
                0x00000000080084bc                I2C1_ER_IRQHandler
                0x00000000080084bc                FMC_IRQHandler
                0x00000000080084bc                LPTIM1_IRQHandler
                0x00000000080084bc                DMA2_Stream6_IRQHandler
                0x00000000080084bc                SAI1_IRQHandler
                0x00000000080084bc                DMA1_Stream3_IRQHandler
 .text.HAL_Init
                0x00000000080084be       0x1a Drivers/STM32F7xx_HAL_Driver/Src/stm32f7xx_hal.o
                0x00000000080084be                HAL_Init
 .text.HAL_InitTick
                0x00000000080084d8       0x60 Drivers/STM32F7xx_HAL_Driver/Src/stm32f7xx_hal.o
                0x00000000080084d8                HAL_InitTick
 .text.HAL_IncTick
                0x0000000008008538       0x28 Drivers/STM32F7xx_HAL_Driver/Src/stm32f7xx_hal.o
                0x0000000008008538                HAL_IncTick
 .text.HAL_GetTick
                0x0000000008008560       0x18 Drivers/STM32F7xx_HAL_Driver/Src/stm32f7xx_hal.o
                0x0000000008008560                HAL_GetTick
 .text.__NVIC_SetPriorityGrouping
                0x0000000008008578       0x48 Drivers/STM32F7xx_HAL_Driver/Src/stm32f7xx_hal_cortex.o
 .text.__NVIC_GetPriorityGrouping
                0x00000000080085c0       0x1c Drivers/STM32F7xx_HAL_Driver/Src/stm32f7xx_hal_cortex.o
 .text.__NVIC_SetPriority
                0x00000000080085dc       0x54 Drivers/STM32F7xx_HAL_Driver/Src/stm32f7xx_hal_cortex.o
 .text.NVIC_EncodePriority
                0x0000000008008630       0x66 Drivers/STM32F7xx_HAL_Driver/Src/stm32f7xx_hal_cortex.o
 *fill*         0x0000000008008696        0x2 
 .text.SysTick_Config
                0x0000000008008698       0x44 Drivers/STM32F7xx_HAL_Driver/Src/stm32f7xx_hal_cortex.o
 .text.HAL_NVIC_SetPriorityGrouping
                0x00000000080086dc       0x16 Drivers/STM32F7xx_HAL_Driver/Src/stm32f7xx_hal_cortex.o
                0x00000000080086dc                HAL_NVIC_SetPriorityGrouping
 .text.HAL_NVIC_SetPriority
                0x00000000080086f2       0x38 Drivers/STM32F7xx_HAL_Driver/Src/stm32f7xx_hal_cortex.o
                0x00000000080086f2                HAL_NVIC_SetPriority
 .text.HAL_SYSTICK_Config
                0x000000000800872a       0x18 Drivers/STM32F7xx_HAL_Driver/Src/stm32f7xx_hal_cortex.o
                0x000000000800872a                HAL_SYSTICK_Config
 *fill*         0x0000000008008742        0x2 
 .text.HAL_CRC_Init
                0x0000000008008744       0xc8 Drivers/STM32F7xx_HAL_Driver/Src/stm32f7xx_hal_crc.o
                0x0000000008008744                HAL_CRC_Init
 .text.HAL_CRCEx_Polynomial_Set
                0x000000000800880c      0x10c Drivers/STM32F7xx_HAL_Driver/Src/stm32f7xx_hal_crc_ex.o
                0x000000000800880c                HAL_CRCEx_Polynomial_Set
 .text.HAL_GPIO_Init
                0x0000000008008918      0x334 Drivers/STM32F7xx_HAL_Driver/Src/stm32f7xx_hal_gpio.o
                0x0000000008008918                HAL_GPIO_Init
 .text.HAL_PWREx_EnableOverDrive
                0x0000000008008c4c       0xa0 Drivers/STM32F7xx_HAL_Driver/Src/stm32f7xx_hal_pwr_ex.o
                0x0000000008008c4c                HAL_PWREx_EnableOverDrive
 .text.HAL_RCC_OscConfig
                0x0000000008008cec      0x548 Drivers/STM32F7xx_HAL_Driver/Src/stm32f7xx_hal_rcc.o
                0x0000000008008cec                HAL_RCC_OscConfig
 .text.HAL_RCC_ClockConfig
                0x0000000008009234      0x1d8 Drivers/STM32F7xx_HAL_Driver/Src/stm32f7xx_hal_rcc.o
                0x0000000008009234                HAL_RCC_ClockConfig
 .text.HAL_RCC_GetSysClockFreq
                0x000000000800940c      0x164 Drivers/STM32F7xx_HAL_Driver/Src/stm32f7xx_hal_rcc.o
                0x000000000800940c                HAL_RCC_GetSysClockFreq
 .text.HAL_RCC_GetHCLKFreq
                0x0000000008009570       0x18 Drivers/STM32F7xx_HAL_Driver/Src/stm32f7xx_hal_rcc.o
                0x0000000008009570                HAL_RCC_GetHCLKFreq
 .text.HAL_RCC_GetPCLK1Freq
                0x0000000008009588       0x28 Drivers/STM32F7xx_HAL_Driver/Src/stm32f7xx_hal_rcc.o
                0x0000000008009588                HAL_RCC_GetPCLK1Freq
 .text.HAL_RCC_GetPCLK2Freq
                0x00000000080095b0       0x28 Drivers/STM32F7xx_HAL_Driver/Src/stm32f7xx_hal_rcc.o
                0x00000000080095b0                HAL_RCC_GetPCLK2Freq
 .text.HAL_RCCEx_PeriphCLKConfig
                0x00000000080095d8      0x690 Drivers/STM32F7xx_HAL_Driver/Src/stm32f7xx_hal_rcc_ex.o
                0x00000000080095d8                HAL_RCCEx_PeriphCLKConfig
 .text.HAL_UART_Init
                0x0000000008009c68       0x9c Drivers/STM32F7xx_HAL_Driver/Src/stm32f7xx_hal_uart.o
                0x0000000008009c68                HAL_UART_Init
 .text.HAL_UART_Transmit
                0x0000000008009d04      0x122 Drivers/STM32F7xx_HAL_Driver/Src/stm32f7xx_hal_uart.o
                0x0000000008009d04                HAL_UART_Transmit
 .text.HAL_UART_Receive
                0x0000000008009e26      0x198 Drivers/STM32F7xx_HAL_Driver/Src/stm32f7xx_hal_uart.o
                0x0000000008009e26                HAL_UART_Receive
 *fill*         0x0000000008009fbe        0x2 
 .text.UART_SetConfig
                0x0000000008009fc0      0x554 Drivers/STM32F7xx_HAL_Driver/Src/stm32f7xx_hal_uart.o
                0x0000000008009fc0                UART_SetConfig
 .text.UART_AdvFeatureConfig
                0x000000000800a514      0x144 Drivers/STM32F7xx_HAL_Driver/Src/stm32f7xx_hal_uart.o
                0x000000000800a514                UART_AdvFeatureConfig
 .text.UART_CheckIdleState
                0x000000000800a658       0x5e Drivers/STM32F7xx_HAL_Driver/Src/stm32f7xx_hal_uart.o
                0x000000000800a658                UART_CheckIdleState
 .text.UART_WaitOnFlagUntilTimeout
                0x000000000800a6b6       0xf6 Drivers/STM32F7xx_HAL_Driver/Src/stm32f7xx_hal_uart.o
                0x000000000800a6b6                UART_WaitOnFlagUntilTimeout
 .text.aiInit   0x000000000800a7ac       0xbc X-CUBE-AI/App/app_x-cube-ai.o
                0x000000000800a7ac                aiInit
 .text.aiRun    0x000000000800a868       0x80 X-CUBE-AI/App/app_x-cube-ai.o
                0x000000000800a868                aiRun
 .text.MX_X_CUBE_AI_Init
                0x000000000800a8e8       0x14 X-CUBE-AI/App/app_x-cube-ai.o
                0x000000000800a8e8                MX_X_CUBE_AI_Init
 .text.network_configure_activations
                0x000000000800a8fc      0x174 X-CUBE-AI/App/network.o
 .text.network_configure_weights
                0x000000000800aa70      0x284 X-CUBE-AI/App/network.o
 .text.ai_network_get_error
                0x000000000800acf4       0x18 X-CUBE-AI/App/network.o
                0x000000000800acf4                ai_network_get_error
 .text.ai_network_create
                0x000000000800ad0c       0x2c X-CUBE-AI/App/network.o
                0x000000000800ad0c                ai_network_create
 .text.ai_network_destroy
                0x000000000800ad38       0x18 X-CUBE-AI/App/network.o
                0x000000000800ad38                ai_network_destroy
 .text.ai_network_init
                0x000000000800ad50       0x66 X-CUBE-AI/App/network.o
                0x000000000800ad50                ai_network_init
 .text.ai_network_run
                0x000000000800adb6       0x20 X-CUBE-AI/App/network.o
                0x000000000800adb6                ai_network_run
 *fill*         0x000000000800add6        0x2 
 .text.ai_network_data_weights_get
                0x000000000800add8       0x14 X-CUBE-AI/App/network_data.o
                0x000000000800add8                ai_network_data_weights_get
 .text.__aeabi_memclr
                0x000000000800adec        0x6 c:/st/stm32cubeide_1.3.0/stm32cubeide/plugins/com.st.stm32cube.ide.mcu.externaltools.gnu-tools-for-stm32.7-2018-q2-update.win32_1.0.0.201904181610/tools/bin/../lib/gcc/arm-none-eabi/7.3.1/../../../../arm-none-eabi/lib/thumb/v7e-m/fpv4-sp/hard\libc_nano.a(lib_a-aeabi_memclr.o)
                0x000000000800adec                __aeabi_memclr
                0x000000000800adec                __aeabi_memclr4
                0x000000000800adec                __aeabi_memclr8
 .text.__aeabi_memcpy
                0x000000000800adf2        0x4 c:/st/stm32cubeide_1.3.0/stm32cubeide/plugins/com.st.stm32cube.ide.mcu.externaltools.gnu-tools-for-stm32.7-2018-q2-update.win32_1.0.0.201904181610/tools/bin/../lib/gcc/arm-none-eabi/7.3.1/../../../../arm-none-eabi/lib/thumb/v7e-m/fpv4-sp/hard\libc_nano.a(lib_a-aeabi_memcpy.o)
                0x000000000800adf2                __aeabi_memcpy4
                0x000000000800adf2                __aeabi_memcpy8
                0x000000000800adf2                __aeabi_memcpy
 *fill*         0x000000000800adf6        0x2 
 .text.__errno  0x000000000800adf8        0xc c:/st/stm32cubeide_1.3.0/stm32cubeide/plugins/com.st.stm32cube.ide.mcu.externaltools.gnu-tools-for-stm32.7-2018-q2-update.win32_1.0.0.201904181610/tools/bin/../lib/gcc/arm-none-eabi/7.3.1/../../../../arm-none-eabi/lib/thumb/v7e-m/fpv4-sp/hard\libc_nano.a(lib_a-errno.o)
                0x000000000800adf8                __errno
 .text.__libc_init_array
                0x000000000800ae04       0x48 c:/st/stm32cubeide_1.3.0/stm32cubeide/plugins/com.st.stm32cube.ide.mcu.externaltools.gnu-tools-for-stm32.7-2018-q2-update.win32_1.0.0.201904181610/tools/bin/../lib/gcc/arm-none-eabi/7.3.1/../../../../arm-none-eabi/lib/thumb/v7e-m/fpv4-sp/hard\libc_nano.a(lib_a-init.o)
                0x000000000800ae04                __libc_init_array
 .text.memcmp   0x000000000800ae4c       0x1e c:/st/stm32cubeide_1.3.0/stm32cubeide/plugins/com.st.stm32cube.ide.mcu.externaltools.gnu-tools-for-stm32.7-2018-q2-update.win32_1.0.0.201904181610/tools/bin/../lib/gcc/arm-none-eabi/7.3.1/../../../../arm-none-eabi/lib/thumb/v7e-m/fpv4-sp/hard\libc_nano.a(lib_a-memcmp.o)
                0x000000000800ae4c                memcmp
 .text.memcpy   0x000000000800ae6a       0x16 c:/st/stm32cubeide_1.3.0/stm32cubeide/plugins/com.st.stm32cube.ide.mcu.externaltools.gnu-tools-for-stm32.7-2018-q2-update.win32_1.0.0.201904181610/tools/bin/../lib/gcc/arm-none-eabi/7.3.1/../../../../arm-none-eabi/lib/thumb/v7e-m/fpv4-sp/hard\libc_nano.a(lib_a-memcpy-stub.o)
                0x000000000800ae6a                memcpy
 .text.memset   0x000000000800ae80       0x10 c:/st/stm32cubeide_1.3.0/stm32cubeide/plugins/com.st.stm32cube.ide.mcu.externaltools.gnu-tools-for-stm32.7-2018-q2-update.win32_1.0.0.201904181610/tools/bin/../lib/gcc/arm-none-eabi/7.3.1/../../../../arm-none-eabi/lib/thumb/v7e-m/fpv4-sp/hard\libc_nano.a(lib_a-memset.o)
                0x000000000800ae80                memset
 .text.asinhf   0x000000000800ae90       0xd0 c:/st/stm32cubeide_1.3.0/stm32cubeide/plugins/com.st.stm32cube.ide.mcu.externaltools.gnu-tools-for-stm32.7-2018-q2-update.win32_1.0.0.201904181610/tools/bin/../lib/gcc/arm-none-eabi/7.3.1/../../../../arm-none-eabi/lib/thumb/v7e-m/fpv4-sp/hard\libm.a(lib_a-sf_asinh.o)
                0x000000000800ae90                asinhf
 .text.atanf    0x000000000800af60      0x1a8 c:/st/stm32cubeide_1.3.0/stm32cubeide/plugins/com.st.stm32cube.ide.mcu.externaltools.gnu-tools-for-stm32.7-2018-q2-update.win32_1.0.0.201904181610/tools/bin/../lib/gcc/arm-none-eabi/7.3.1/../../../../arm-none-eabi/lib/thumb/v7e-m/fpv4-sp/hard\libm.a(lib_a-sf_atan.o)
                0x000000000800af60                atanf
 .text.ceilf    0x000000000800b108       0x80 c:/st/stm32cubeide_1.3.0/stm32cubeide/plugins/com.st.stm32cube.ide.mcu.externaltools.gnu-tools-for-stm32.7-2018-q2-update.win32_1.0.0.201904181610/tools/bin/../lib/gcc/arm-none-eabi/7.3.1/../../../../arm-none-eabi/lib/thumb/v7e-m/fpv4-sp/hard\libm.a(lib_a-sf_ceil.o)
                0x000000000800b108                ceilf
 .text.cosf     0x000000000800b188       0x80 c:/st/stm32cubeide_1.3.0/stm32cubeide/plugins/com.st.stm32cube.ide.mcu.externaltools.gnu-tools-for-stm32.7-2018-q2-update.win32_1.0.0.201904181610/tools/bin/../lib/gcc/arm-none-eabi/7.3.1/../../../../arm-none-eabi/lib/thumb/v7e-m/fpv4-sp/hard\libm.a(lib_a-sf_cos.o)
                0x000000000800b188                cosf
 .text.erff     0x000000000800b208      0x3c0 c:/st/stm32cubeide_1.3.0/stm32cubeide/plugins/com.st.stm32cube.ide.mcu.externaltools.gnu-tools-for-stm32.7-2018-q2-update.win32_1.0.0.201904181610/tools/bin/../lib/gcc/arm-none-eabi/7.3.1/../../../../arm-none-eabi/lib/thumb/v7e-m/fpv4-sp/hard\libm.a(lib_a-sf_erf.o)
                0x000000000800b208                erff
 .text.fabsf    0x000000000800b5c8        0xe c:/st/stm32cubeide_1.3.0/stm32cubeide/plugins/com.st.stm32cube.ide.mcu.externaltools.gnu-tools-for-stm32.7-2018-q2-update.win32_1.0.0.201904181610/tools/bin/../lib/gcc/arm-none-eabi/7.3.1/../../../../arm-none-eabi/lib/thumb/v7e-m/fpv4-sp/hard\libm.a(lib_a-sf_fabs.o)
                0x000000000800b5c8                fabsf
 *fill*         0x000000000800b5d6        0x2 
 .text.floorf   0x000000000800b5d8       0x84 c:/st/stm32cubeide_1.3.0/stm32cubeide/plugins/com.st.stm32cube.ide.mcu.externaltools.gnu-tools-for-stm32.7-2018-q2-update.win32_1.0.0.201904181610/tools/bin/../lib/gcc/arm-none-eabi/7.3.1/../../../../arm-none-eabi/lib/thumb/v7e-m/fpv4-sp/hard\libm.a(lib_a-sf_floor.o)
                0x000000000800b5d8                floorf
 .text.log1pf   0x000000000800b65c      0x210 c:/st/stm32cubeide_1.3.0/stm32cubeide/plugins/com.st.stm32cube.ide.mcu.externaltools.gnu-tools-for-stm32.7-2018-q2-update.win32_1.0.0.201904181610/tools/bin/../lib/gcc/arm-none-eabi/7.3.1/../../../../arm-none-eabi/lib/thumb/v7e-m/fpv4-sp/hard\libm.a(lib_a-sf_log1p.o)
                0x000000000800b65c                log1pf
 .text.roundf   0x000000000800b86c       0x4c c:/st/stm32cubeide_1.3.0/stm32cubeide/plugins/com.st.stm32cube.ide.mcu.externaltools.gnu-tools-for-stm32.7-2018-q2-update.win32_1.0.0.201904181610/tools/bin/../lib/gcc/arm-none-eabi/7.3.1/../../../../arm-none-eabi/lib/thumb/v7e-m/fpv4-sp/hard\libm.a(lib_a-sf_round.o)
                0x000000000800b86c                roundf
 .text.sinf     0x000000000800b8b8       0x84 c:/st/stm32cubeide_1.3.0/stm32cubeide/plugins/com.st.stm32cube.ide.mcu.externaltools.gnu-tools-for-stm32.7-2018-q2-update.win32_1.0.0.201904181610/tools/bin/../lib/gcc/arm-none-eabi/7.3.1/../../../../arm-none-eabi/lib/thumb/v7e-m/fpv4-sp/hard\libm.a(lib_a-sf_sin.o)
                0x000000000800b8b8                sinf
 .text.tanf     0x000000000800b93c       0x50 c:/st/stm32cubeide_1.3.0/stm32cubeide/plugins/com.st.stm32cube.ide.mcu.externaltools.gnu-tools-for-stm32.7-2018-q2-update.win32_1.0.0.201904181610/tools/bin/../lib/gcc/arm-none-eabi/7.3.1/../../../../arm-none-eabi/lib/thumb/v7e-m/fpv4-sp/hard\libm.a(lib_a-sf_tan.o)
                0x000000000800b93c                tanf
 .text.tanhf    0x000000000800b98c       0xa4 c:/st/stm32cubeide_1.3.0/stm32cubeide/plugins/com.st.stm32cube.ide.mcu.externaltools.gnu-tools-for-stm32.7-2018-q2-update.win32_1.0.0.201904181610/tools/bin/../lib/gcc/arm-none-eabi/7.3.1/../../../../arm-none-eabi/lib/thumb/v7e-m/fpv4-sp/hard\libm.a(lib_a-sf_tanh.o)
                0x000000000800b98c                tanhf
 .text.acosf    0x000000000800ba30       0xb0 c:/st/stm32cubeide_1.3.0/stm32cubeide/plugins/com.st.stm32cube.ide.mcu.externaltools.gnu-tools-for-stm32.7-2018-q2-update.win32_1.0.0.201904181610/tools/bin/../lib/gcc/arm-none-eabi/7.3.1/../../../../arm-none-eabi/lib/thumb/v7e-m/fpv4-sp/hard\libm.a(lib_a-wf_acos.o)
                0x000000000800ba30                acosf
 .text.acoshf   0x000000000800bae0       0xa0 c:/st/stm32cubeide_1.3.0/stm32cubeide/plugins/com.st.stm32cube.ide.mcu.externaltools.gnu-tools-for-stm32.7-2018-q2-update.win32_1.0.0.201904181610/tools/bin/../lib/gcc/arm-none-eabi/7.3.1/../../../../arm-none-eabi/lib/thumb/v7e-m/fpv4-sp/hard\libm.a(lib_a-wf_acosh.o)
                0x000000000800bae0                acoshf
 .text.asinf    0x000000000800bb80       0xb0 c:/st/stm32cubeide_1.3.0/stm32cubeide/plugins/com.st.stm32cube.ide.mcu.externaltools.gnu-tools-for-stm32.7-2018-q2-update.win32_1.0.0.201904181610/tools/bin/../lib/gcc/arm-none-eabi/7.3.1/../../../../arm-none-eabi/lib/thumb/v7e-m/fpv4-sp/hard\libm.a(lib_a-wf_asin.o)
                0x000000000800bb80                asinf
 .text.atanhf   0x000000000800bc30       0xe8 c:/st/stm32cubeide_1.3.0/stm32cubeide/plugins/com.st.stm32cube.ide.mcu.externaltools.gnu-tools-for-stm32.7-2018-q2-update.win32_1.0.0.201904181610/tools/bin/../lib/gcc/arm-none-eabi/7.3.1/../../../../arm-none-eabi/lib/thumb/v7e-m/fpv4-sp/hard\libm.a(lib_a-wf_atanh.o)
                0x000000000800bc30                atanhf
 .text.coshf    0x000000000800bd18       0xc0 c:/st/stm32cubeide_1.3.0/stm32cubeide/plugins/com.st.stm32cube.ide.mcu.externaltools.gnu-tools-for-stm32.7-2018-q2-update.win32_1.0.0.201904181610/tools/bin/../lib/gcc/arm-none-eabi/7.3.1/../../../../arm-none-eabi/lib/thumb/v7e-m/fpv4-sp/hard\libm.a(lib_a-wf_cosh.o)
                0x000000000800bd18                coshf
 .text.expf     0x000000000800bdd8       0xf4 c:/st/stm32cubeide_1.3.0/stm32cubeide/plugins/com.st.stm32cube.ide.mcu.externaltools.gnu-tools-for-stm32.7-2018-q2-update.win32_1.0.0.201904181610/tools/bin/../lib/gcc/arm-none-eabi/7.3.1/../../../../arm-none-eabi/lib/thumb/v7e-m/fpv4-sp/hard\libm.a(lib_a-wf_exp.o)
                0x000000000800bdd8                expf
 .text.fmodf    0x000000000800becc       0xb8 c:/st/stm32cubeide_1.3.0/stm32cubeide/plugins/com.st.stm32cube.ide.mcu.externaltools.gnu-tools-for-stm32.7-2018-q2-update.win32_1.0.0.201904181610/tools/bin/../lib/gcc/arm-none-eabi/7.3.1/../../../../arm-none-eabi/lib/thumb/v7e-m/fpv4-sp/hard\libm.a(lib_a-wf_fmod.o)
                0x000000000800becc                fmodf
 .text.logf     0x000000000800bf84       0xec c:/st/stm32cubeide_1.3.0/stm32cubeide/plugins/com.st.stm32cube.ide.mcu.externaltools.gnu-tools-for-stm32.7-2018-q2-update.win32_1.0.0.201904181610/tools/bin/../lib/gcc/arm-none-eabi/7.3.1/../../../../arm-none-eabi/lib/thumb/v7e-m/fpv4-sp/hard\libm.a(lib_a-wf_log.o)
                0x000000000800bf84                logf
 .text.powf     0x000000000800c070      0x2c8 c:/st/stm32cubeide_1.3.0/stm32cubeide/plugins/com.st.stm32cube.ide.mcu.externaltools.gnu-tools-for-stm32.7-2018-q2-update.win32_1.0.0.201904181610/tools/bin/../lib/gcc/arm-none-eabi/7.3.1/../../../../arm-none-eabi/lib/thumb/v7e-m/fpv4-sp/hard\libm.a(lib_a-wf_pow.o)
                0x000000000800c070                powf
 .text.sinhf    0x000000000800c338       0xcc c:/st/stm32cubeide_1.3.0/stm32cubeide/plugins/com.st.stm32cube.ide.mcu.externaltools.gnu-tools-for-stm32.7-2018-q2-update.win32_1.0.0.201904181610/tools/bin/../lib/gcc/arm-none-eabi/7.3.1/../../../../arm-none-eabi/lib/thumb/v7e-m/fpv4-sp/hard\libm.a(lib_a-wf_sinh.o)
                0x000000000800c338                sinhf
 .text.__ieee754_acosf
                0x000000000800c404      0x1f8 c:/st/stm32cubeide_1.3.0/stm32cubeide/plugins/com.st.stm32cube.ide.mcu.externaltools.gnu-tools-for-stm32.7-2018-q2-update.win32_1.0.0.201904181610/tools/bin/../lib/gcc/arm-none-eabi/7.3.1/../../../../arm-none-eabi/lib/thumb/v7e-m/fpv4-sp/hard\libm.a(lib_a-ef_acos.o)
                0x000000000800c404                __ieee754_acosf
 .text.__ieee754_acoshf
                0x000000000800c5fc       0xa8 c:/st/stm32cubeide_1.3.0/stm32cubeide/plugins/com.st.stm32cube.ide.mcu.externaltools.gnu-tools-for-stm32.7-2018-q2-update.win32_1.0.0.201904181610/tools/bin/../lib/gcc/arm-none-eabi/7.3.1/../../../../arm-none-eabi/lib/thumb/v7e-m/fpv4-sp/hard\libm.a(lib_a-ef_acosh.o)
                0x000000000800c5fc                __ieee754_acoshf
 .text.__ieee754_asinf
                0x000000000800c6a4      0x1d0 c:/st/stm32cubeide_1.3.0/stm32cubeide/plugins/com.st.stm32cube.ide.mcu.externaltools.gnu-tools-for-stm32.7-2018-q2-update.win32_1.0.0.201904181610/tools/bin/../lib/gcc/arm-none-eabi/7.3.1/../../../../arm-none-eabi/lib/thumb/v7e-m/fpv4-sp/hard\libm.a(lib_a-ef_asin.o)
                0x000000000800c6a4                __ieee754_asinf
 .text.__ieee754_atanhf
                0x000000000800c874       0x8c c:/st/stm32cubeide_1.3.0/stm32cubeide/plugins/com.st.stm32cube.ide.mcu.externaltools.gnu-tools-for-stm32.7-2018-q2-update.win32_1.0.0.201904181610/tools/bin/../lib/gcc/arm-none-eabi/7.3.1/../../../../arm-none-eabi/lib/thumb/v7e-m/fpv4-sp/hard\libm.a(lib_a-ef_atanh.o)
                0x000000000800c874                __ieee754_atanhf
 .text.__ieee754_coshf
                0x000000000800c900       0xc8 c:/st/stm32cubeide_1.3.0/stm32cubeide/plugins/com.st.stm32cube.ide.mcu.externaltools.gnu-tools-for-stm32.7-2018-q2-update.win32_1.0.0.201904181610/tools/bin/../lib/gcc/arm-none-eabi/7.3.1/../../../../arm-none-eabi/lib/thumb/v7e-m/fpv4-sp/hard\libm.a(lib_a-ef_cosh.o)
                0x000000000800c900                __ieee754_coshf
 .text.__ieee754_expf
                0x000000000800c9c8      0x1a8 c:/st/stm32cubeide_1.3.0/stm32cubeide/plugins/com.st.stm32cube.ide.mcu.externaltools.gnu-tools-for-stm32.7-2018-q2-update.win32_1.0.0.201904181610/tools/bin/../lib/gcc/arm-none-eabi/7.3.1/../../../../arm-none-eabi/lib/thumb/v7e-m/fpv4-sp/hard\libm.a(lib_a-ef_exp.o)
                0x000000000800c9c8                __ieee754_expf
 .text.__ieee754_fmodf
                0x000000000800cb70      0x110 c:/st/stm32cubeide_1.3.0/stm32cubeide/plugins/com.st.stm32cube.ide.mcu.externaltools.gnu-tools-for-stm32.7-2018-q2-update.win32_1.0.0.201904181610/tools/bin/../lib/gcc/arm-none-eabi/7.3.1/../../../../arm-none-eabi/lib/thumb/v7e-m/fpv4-sp/hard\libm.a(lib_a-ef_fmod.o)
                0x000000000800cb70                __ieee754_fmodf
 .text.__ieee754_logf
                0x000000000800cc80      0x1dc c:/st/stm32cubeide_1.3.0/stm32cubeide/plugins/com.st.stm32cube.ide.mcu.externaltools.gnu-tools-for-stm32.7-2018-q2-update.win32_1.0.0.201904181610/tools/bin/../lib/gcc/arm-none-eabi/7.3.1/../../../../arm-none-eabi/lib/thumb/v7e-m/fpv4-sp/hard\libm.a(lib_a-ef_log.o)
                0x000000000800cc80                __ieee754_logf
 .text.__ieee754_powf
                0x000000000800ce5c      0x580 c:/st/stm32cubeide_1.3.0/stm32cubeide/plugins/com.st.stm32cube.ide.mcu.externaltools.gnu-tools-for-stm32.7-2018-q2-update.win32_1.0.0.201904181610/tools/bin/../lib/gcc/arm-none-eabi/7.3.1/../../../../arm-none-eabi/lib/thumb/v7e-m/fpv4-sp/hard\libm.a(lib_a-ef_pow.o)
                0x000000000800ce5c                __ieee754_powf
 .text.__ieee754_rem_pio2f
                0x000000000800d3dc      0x258 c:/st/stm32cubeide_1.3.0/stm32cubeide/plugins/com.st.stm32cube.ide.mcu.externaltools.gnu-tools-for-stm32.7-2018-q2-update.win32_1.0.0.201904181610/tools/bin/../lib/gcc/arm-none-eabi/7.3.1/../../../../arm-none-eabi/lib/thumb/v7e-m/fpv4-sp/hard\libm.a(lib_a-ef_rem_pio2.o)
                0x000000000800d3dc                __ieee754_rem_pio2f
 .text.__ieee754_sinhf
                0x000000000800d634       0xdc c:/st/stm32cubeide_1.3.0/stm32cubeide/plugins/com.st.stm32cube.ide.mcu.externaltools.gnu-tools-for-stm32.7-2018-q2-update.win32_1.0.0.201904181610/tools/bin/../lib/gcc/arm-none-eabi/7.3.1/../../../../arm-none-eabi/lib/thumb/v7e-m/fpv4-sp/hard\libm.a(lib_a-ef_sinh.o)
                0x000000000800d634                __ieee754_sinhf
 .text.__ieee754_sqrtf
                0x000000000800d710        0x6 c:/st/stm32cubeide_1.3.0/stm32cubeide/plugins/com.st.stm32cube.ide.mcu.externaltools.gnu-tools-for-stm32.7-2018-q2-update.win32_1.0.0.201904181610/tools/bin/../lib/gcc/arm-none-eabi/7.3.1/../../../../arm-none-eabi/lib/thumb/v7e-m/fpv4-sp/hard\libm.a(lib_a-ef_sqrt.o)
                0x000000000800d710                __ieee754_sqrtf
 *fill*         0x000000000800d716        0x2 
 .text.__kernel_cosf
                0x000000000800d718       0xbc c:/st/stm32cubeide_1.3.0/stm32cubeide/plugins/com.st.stm32cube.ide.mcu.externaltools.gnu-tools-for-stm32.7-2018-q2-update.win32_1.0.0.201904181610/tools/bin/../lib/gcc/arm-none-eabi/7.3.1/../../../../arm-none-eabi/lib/thumb/v7e-m/fpv4-sp/hard\libm.a(lib_a-kf_cos.o)
                0x000000000800d718                __kernel_cosf
 .text.__kernel_rem_pio2f
                0x000000000800d7d4      0x504 c:/st/stm32cubeide_1.3.0/stm32cubeide/plugins/com.st.stm32cube.ide.mcu.externaltools.gnu-tools-for-stm32.7-2018-q2-update.win32_1.0.0.201904181610/tools/bin/../lib/gcc/arm-none-eabi/7.3.1/../../../../arm-none-eabi/lib/thumb/v7e-m/fpv4-sp/hard\libm.a(lib_a-kf_rem_pio2.o)
                0x000000000800d7d4                __kernel_rem_pio2f
 .text.__kernel_sinf
                0x000000000800dcd8       0x90 c:/st/stm32cubeide_1.3.0/stm32cubeide/plugins/com.st.stm32cube.ide.mcu.externaltools.gnu-tools-for-stm32.7-2018-q2-update.win32_1.0.0.201904181610/tools/bin/../lib/gcc/arm-none-eabi/7.3.1/../../../../arm-none-eabi/lib/thumb/v7e-m/fpv4-sp/hard\libm.a(lib_a-kf_sin.o)
                0x000000000800dcd8                __kernel_sinf
 .text.__kernel_tanf
                0x000000000800dd68      0x1c8 c:/st/stm32cubeide_1.3.0/stm32cubeide/plugins/com.st.stm32cube.ide.mcu.externaltools.gnu-tools-for-stm32.7-2018-q2-update.win32_1.0.0.201904181610/tools/bin/../lib/gcc/arm-none-eabi/7.3.1/../../../../arm-none-eabi/lib/thumb/v7e-m/fpv4-sp/hard\libm.a(lib_a-kf_tan.o)
                0x000000000800dd68                __kernel_tanf
 .text.matherr  0x000000000800df30        0x4 c:/st/stm32cubeide_1.3.0/stm32cubeide/plugins/com.st.stm32cube.ide.mcu.externaltools.gnu-tools-for-stm32.7-2018-q2-update.win32_1.0.0.201904181610/tools/bin/../lib/gcc/arm-none-eabi/7.3.1/../../../../arm-none-eabi/lib/thumb/v7e-m/fpv4-sp/hard\libm.a(lib_a-s_matherr.o)
                0x000000000800df30                matherr
 *fill*         0x000000000800df34        0x4 
 .text.nan      0x000000000800df38       0x10 c:/st/stm32cubeide_1.3.0/stm32cubeide/plugins/com.st.stm32cube.ide.mcu.externaltools.gnu-tools-for-stm32.7-2018-q2-update.win32_1.0.0.201904181610/tools/bin/../lib/gcc/arm-none-eabi/7.3.1/../../../../arm-none-eabi/lib/thumb/v7e-m/fpv4-sp/hard\libm.a(lib_a-s_nan.o)
                0x000000000800df38                nan
 .text.expm1f   0x000000000800df48      0x258 c:/st/stm32cubeide_1.3.0/stm32cubeide/plugins/com.st.stm32cube.ide.mcu.externaltools.gnu-tools-for-stm32.7-2018-q2-update.win32_1.0.0.201904181610/tools/bin/../lib/gcc/arm-none-eabi/7.3.1/../../../../arm-none-eabi/lib/thumb/v7e-m/fpv4-sp/hard\libm.a(lib_a-sf_expm1.o)
                0x000000000800df48                expm1f
 .text.finitef  0x000000000800e1a0       0x14 c:/st/stm32cubeide_1.3.0/stm32cubeide/plugins/com.st.stm32cube.ide.mcu.externaltools.gnu-tools-for-stm32.7-2018-q2-update.win32_1.0.0.201904181610/tools/bin/../lib/gcc/arm-none-eabi/7.3.1/../../../../arm-none-eabi/lib/thumb/v7e-m/fpv4-sp/hard\libm.a(lib_a-sf_finite.o)
                0x000000000800e1a0                finitef
 .text.nanf     0x000000000800e1b4        0xc c:/st/stm32cubeide_1.3.0/stm32cubeide/plugins/com.st.stm32cube.ide.mcu.externaltools.gnu-tools-for-stm32.7-2018-q2-update.win32_1.0.0.201904181610/tools/bin/../lib/gcc/arm-none-eabi/7.3.1/../../../../arm-none-eabi/lib/thumb/v7e-m/fpv4-sp/hard\libm.a(lib_a-sf_nan.o)
                0x000000000800e1b4                nanf
 .text.rintf    0x000000000800e1c0       0xb4 c:/st/stm32cubeide_1.3.0/stm32cubeide/plugins/com.st.stm32cube.ide.mcu.externaltools.gnu-tools-for-stm32.7-2018-q2-update.win32_1.0.0.201904181610/tools/bin/../lib/gcc/arm-none-eabi/7.3.1/../../../../arm-none-eabi/lib/thumb/v7e-m/fpv4-sp/hard\libm.a(lib_a-sf_rint.o)
                0x000000000800e1c0                rintf
 .text.scalbnf  0x000000000800e274       0xc0 c:/st/stm32cubeide_1.3.0/stm32cubeide/plugins/com.st.stm32cube.ide.mcu.externaltools.gnu-tools-for-stm32.7-2018-q2-update.win32_1.0.0.201904181610/tools/bin/../lib/gcc/arm-none-eabi/7.3.1/../../../../arm-none-eabi/lib/thumb/v7e-m/fpv4-sp/hard\libm.a(lib_a-sf_scalbn.o)
                0x000000000800e274                scalbnf
 .text.copysignf
                0x000000000800e334       0x18 c:/st/stm32cubeide_1.3.0/stm32cubeide/plugins/com.st.stm32cube.ide.mcu.externaltools.gnu-tools-for-stm32.7-2018-q2-update.win32_1.0.0.201904181610/tools/bin/../lib/gcc/arm-none-eabi/7.3.1/../../../../arm-none-eabi/lib/thumb/v7e-m/fpv4-sp/hard\libm.a(lib_a-sf_copysign.o)
                0x000000000800e334                copysignf
 *(.glue_7)
 .glue_7        0x000000000800e34c        0x0 linker stubs
 *(.glue_7t)
 .glue_7t       0x000000000800e34c        0x0 linker stubs
 *(.eh_frame)
 .eh_frame      0x000000000800e34c        0x0 c:/st/stm32cubeide_1.3.0/stm32cubeide/plugins/com.st.stm32cube.ide.mcu.externaltools.gnu-tools-for-stm32.7-2018-q2-update.win32_1.0.0.201904181610/tools/bin/../lib/gcc/arm-none-eabi/7.3.1/thumb/v7e-m/fpv4-sp/hard/crtbegin.o
 *(.init)
 .init          0x000000000800e34c        0x4 c:/st/stm32cubeide_1.3.0/stm32cubeide/plugins/com.st.stm32cube.ide.mcu.externaltools.gnu-tools-for-stm32.7-2018-q2-update.win32_1.0.0.201904181610/tools/bin/../lib/gcc/arm-none-eabi/7.3.1/thumb/v7e-m/fpv4-sp/hard/crti.o
                0x000000000800e34c                _init
 .init          0x000000000800e350        0x8 c:/st/stm32cubeide_1.3.0/stm32cubeide/plugins/com.st.stm32cube.ide.mcu.externaltools.gnu-tools-for-stm32.7-2018-q2-update.win32_1.0.0.201904181610/tools/bin/../lib/gcc/arm-none-eabi/7.3.1/thumb/v7e-m/fpv4-sp/hard/crtn.o
 *(.fini)
 .fini          0x000000000800e358        0x4 c:/st/stm32cubeide_1.3.0/stm32cubeide/plugins/com.st.stm32cube.ide.mcu.externaltools.gnu-tools-for-stm32.7-2018-q2-update.win32_1.0.0.201904181610/tools/bin/../lib/gcc/arm-none-eabi/7.3.1/thumb/v7e-m/fpv4-sp/hard/crti.o
                0x000000000800e358                _fini
 .fini          0x000000000800e35c        0x8 c:/st/stm32cubeide_1.3.0/stm32cubeide/plugins/com.st.stm32cube.ide.mcu.externaltools.gnu-tools-for-stm32.7-2018-q2-update.win32_1.0.0.201904181610/tools/bin/../lib/gcc/arm-none-eabi/7.3.1/thumb/v7e-m/fpv4-sp/hard/crtn.o
                0x000000000800e364                . = ALIGN (0x4)
                0x000000000800e364                _etext = .

.vfp11_veneer   0x000000000800e364        0x0
 .vfp11_veneer  0x000000000800e364        0x0 linker stubs

.v4_bx          0x000000000800e364        0x0
 .v4_bx         0x000000000800e364        0x0 linker stubs

.iplt           0x000000000800e364        0x0
 .iplt          0x000000000800e364        0x0 c:/st/stm32cubeide_1.3.0/stm32cubeide/plugins/com.st.stm32cube.ide.mcu.externaltools.gnu-tools-for-stm32.7-2018-q2-update.win32_1.0.0.201904181610/tools/bin/../lib/gcc/arm-none-eabi/7.3.1/thumb/v7e-m/fpv4-sp/hard/crtbegin.o

.rodata         0x000000000800e364    0x65544
                0x000000000800e364                . = ALIGN (0x4)
 *(.rodata)
 .rodata        0x000000000800e364       0x70 ../Middlewares/ST/AI/Lib\NetworkRuntime500_CM7_GCC.a(ai_datatypes_format.o)
 .rodata        0x000000000800e3d4       0x30 ../Middlewares/ST/AI/Lib\NetworkRuntime500_CM7_GCC.a(ai_datatypes_format.o)
 *(.rodata*)
 .rodata.AHBPrescTable
                0x000000000800e404       0x10 Core/Src/system_stm32f7xx.o
                0x000000000800e404                AHBPrescTable
 .rodata.APBPrescTable
                0x000000000800e414        0x8 Core/Src/system_stm32f7xx.o
                0x000000000800e414                APBPrescTable
 .rodata.conv2d_4_chain
                0x000000000800e41c        0x8 X-CUBE-AI/App/network.o
 .rodata.batch_normalization_1_chain
                0x000000000800e424        0x8 X-CUBE-AI/App/network.o
 .rodata.conv2d_5_chain
                0x000000000800e42c        0x8 X-CUBE-AI/App/network.o
 .rodata.batch_normalization_2_chain
                0x000000000800e434        0x8 X-CUBE-AI/App/network.o
 .rodata.conv2d_6_chain
                0x000000000800e43c        0x8 X-CUBE-AI/App/network.o
 .rodata.batch_normalization_3_chain
                0x000000000800e444        0x8 X-CUBE-AI/App/network.o
 .rodata.dense_3_chain
                0x000000000800e44c        0x8 X-CUBE-AI/App/network.o
 .rodata.activation_9_chain
                0x000000000800e454        0x8 X-CUBE-AI/App/network.o
 .rodata.dense_4_chain
                0x000000000800e45c        0x8 X-CUBE-AI/App/network.o
 .rodata.activation_10_chain
                0x000000000800e464        0x8 X-CUBE-AI/App/network.o
 .rodata.s_network_weights.5635
                0x000000000800e46c    0x64fd4 X-CUBE-AI/App/network_data.o
 .rodata.atanhi
                0x0000000008073440       0x10 c:/st/stm32cubeide_1.3.0/stm32cubeide/plugins/com.st.stm32cube.ide.mcu.externaltools.gnu-tools-for-stm32.7-2018-q2-update.win32_1.0.0.201904181610/tools/bin/../lib/gcc/arm-none-eabi/7.3.1/../../../../arm-none-eabi/lib/thumb/v7e-m/fpv4-sp/hard\libm.a(lib_a-sf_atan.o)
 .rodata.atanlo
                0x0000000008073450       0x10 c:/st/stm32cubeide_1.3.0/stm32cubeide/plugins/com.st.stm32cube.ide.mcu.externaltools.gnu-tools-for-stm32.7-2018-q2-update.win32_1.0.0.201904181610/tools/bin/../lib/gcc/arm-none-eabi/7.3.1/../../../../arm-none-eabi/lib/thumb/v7e-m/fpv4-sp/hard\libm.a(lib_a-sf_atan.o)
 .rodata.acosf.str1.1
                0x0000000008073460        0x6 c:/st/stm32cubeide_1.3.0/stm32cubeide/plugins/com.st.stm32cube.ide.mcu.externaltools.gnu-tools-for-stm32.7-2018-q2-update.win32_1.0.0.201904181610/tools/bin/../lib/gcc/arm-none-eabi/7.3.1/../../../../arm-none-eabi/lib/thumb/v7e-m/fpv4-sp/hard\libm.a(lib_a-wf_acos.o)
                                          0x7 (size before relaxing)
 .rodata.acoshf.str1.1
                0x0000000008073466        0x7 c:/st/stm32cubeide_1.3.0/stm32cubeide/plugins/com.st.stm32cube.ide.mcu.externaltools.gnu-tools-for-stm32.7-2018-q2-update.win32_1.0.0.201904181610/tools/bin/../lib/gcc/arm-none-eabi/7.3.1/../../../../arm-none-eabi/lib/thumb/v7e-m/fpv4-sp/hard\libm.a(lib_a-wf_acosh.o)
 .rodata.asinf.str1.1
                0x000000000807346d        0x6 c:/st/stm32cubeide_1.3.0/stm32cubeide/plugins/com.st.stm32cube.ide.mcu.externaltools.gnu-tools-for-stm32.7-2018-q2-update.win32_1.0.0.201904181610/tools/bin/../lib/gcc/arm-none-eabi/7.3.1/../../../../arm-none-eabi/lib/thumb/v7e-m/fpv4-sp/hard\libm.a(lib_a-wf_asin.o)
                                          0x7 (size before relaxing)
 .rodata.atanhf.str1.1
                0x0000000008073473        0x7 c:/st/stm32cubeide_1.3.0/stm32cubeide/plugins/com.st.stm32cube.ide.mcu.externaltools.gnu-tools-for-stm32.7-2018-q2-update.win32_1.0.0.201904181610/tools/bin/../lib/gcc/arm-none-eabi/7.3.1/../../../../arm-none-eabi/lib/thumb/v7e-m/fpv4-sp/hard\libm.a(lib_a-wf_atanh.o)
 .rodata.coshf.str1.1
                0x000000000807347a        0x7 c:/st/stm32cubeide_1.3.0/stm32cubeide/plugins/com.st.stm32cube.ide.mcu.externaltools.gnu-tools-for-stm32.7-2018-q2-update.win32_1.0.0.201904181610/tools/bin/../lib/gcc/arm-none-eabi/7.3.1/../../../../arm-none-eabi/lib/thumb/v7e-m/fpv4-sp/hard\libm.a(lib_a-wf_cosh.o)
                                          0x6 (size before relaxing)
 .rodata.expf.str1.1
                0x000000000807347a        0x5 c:/st/stm32cubeide_1.3.0/stm32cubeide/plugins/com.st.stm32cube.ide.mcu.externaltools.gnu-tools-for-stm32.7-2018-q2-update.win32_1.0.0.201904181610/tools/bin/../lib/gcc/arm-none-eabi/7.3.1/../../../../arm-none-eabi/lib/thumb/v7e-m/fpv4-sp/hard\libm.a(lib_a-wf_exp.o)
 .rodata.fmodf.str1.1
                0x000000000807347f        0x6 c:/st/stm32cubeide_1.3.0/stm32cubeide/plugins/com.st.stm32cube.ide.mcu.externaltools.gnu-tools-for-stm32.7-2018-q2-update.win32_1.0.0.201904181610/tools/bin/../lib/gcc/arm-none-eabi/7.3.1/../../../../arm-none-eabi/lib/thumb/v7e-m/fpv4-sp/hard\libm.a(lib_a-wf_fmod.o)
 .rodata.logf.str1.1
                0x0000000008073485        0x5 c:/st/stm32cubeide_1.3.0/stm32cubeide/plugins/com.st.stm32cube.ide.mcu.externaltools.gnu-tools-for-stm32.7-2018-q2-update.win32_1.0.0.201904181610/tools/bin/../lib/gcc/arm-none-eabi/7.3.1/../../../../arm-none-eabi/lib/thumb/v7e-m/fpv4-sp/hard\libm.a(lib_a-wf_log.o)
                                          0x6 (size before relaxing)
 .rodata.powf.str1.1
                0x000000000807348a        0x5 c:/st/stm32cubeide_1.3.0/stm32cubeide/plugins/com.st.stm32cube.ide.mcu.externaltools.gnu-tools-for-stm32.7-2018-q2-update.win32_1.0.0.201904181610/tools/bin/../lib/gcc/arm-none-eabi/7.3.1/../../../../arm-none-eabi/lib/thumb/v7e-m/fpv4-sp/hard\libm.a(lib_a-wf_pow.o)
 .rodata.sinhf.str1.1
                0x000000000807348f        0x6 c:/st/stm32cubeide_1.3.0/stm32cubeide/plugins/com.st.stm32cube.ide.mcu.externaltools.gnu-tools-for-stm32.7-2018-q2-update.win32_1.0.0.201904181610/tools/bin/../lib/gcc/arm-none-eabi/7.3.1/../../../../arm-none-eabi/lib/thumb/v7e-m/fpv4-sp/hard\libm.a(lib_a-wf_sinh.o)
 *fill*         0x0000000008073495        0x3 
 .rodata.halF   0x0000000008073498        0x8 c:/st/stm32cubeide_1.3.0/stm32cubeide/plugins/com.st.stm32cube.ide.mcu.externaltools.gnu-tools-for-stm32.7-2018-q2-update.win32_1.0.0.201904181610/tools/bin/../lib/gcc/arm-none-eabi/7.3.1/../../../../arm-none-eabi/lib/thumb/v7e-m/fpv4-sp/hard\libm.a(lib_a-ef_exp.o)
 .rodata.ln2HI  0x00000000080734a0        0x8 c:/st/stm32cubeide_1.3.0/stm32cubeide/plugins/com.st.stm32cube.ide.mcu.externaltools.gnu-tools-for-stm32.7-2018-q2-update.win32_1.0.0.201904181610/tools/bin/../lib/gcc/arm-none-eabi/7.3.1/../../../../arm-none-eabi/lib/thumb/v7e-m/fpv4-sp/hard\libm.a(lib_a-ef_exp.o)
 .rodata.ln2LO  0x00000000080734a8        0x8 c:/st/stm32cubeide_1.3.0/stm32cubeide/plugins/com.st.stm32cube.ide.mcu.externaltools.gnu-tools-for-stm32.7-2018-q2-update.win32_1.0.0.201904181610/tools/bin/../lib/gcc/arm-none-eabi/7.3.1/../../../../arm-none-eabi/lib/thumb/v7e-m/fpv4-sp/hard\libm.a(lib_a-ef_exp.o)
 .rodata.Zero   0x00000000080734b0        0x8 c:/st/stm32cubeide_1.3.0/stm32cubeide/plugins/com.st.stm32cube.ide.mcu.externaltools.gnu-tools-for-stm32.7-2018-q2-update.win32_1.0.0.201904181610/tools/bin/../lib/gcc/arm-none-eabi/7.3.1/../../../../arm-none-eabi/lib/thumb/v7e-m/fpv4-sp/hard\libm.a(lib_a-ef_fmod.o)
 .rodata.__ieee754_powf.str1.1
                0x00000000080734b8        0x1 c:/st/stm32cubeide_1.3.0/stm32cubeide/plugins/com.st.stm32cube.ide.mcu.externaltools.gnu-tools-for-stm32.7-2018-q2-update.win32_1.0.0.201904181610/tools/bin/../lib/gcc/arm-none-eabi/7.3.1/../../../../arm-none-eabi/lib/thumb/v7e-m/fpv4-sp/hard\libm.a(lib_a-ef_pow.o)
 .rodata.bp     0x00000000080734b8        0x8 c:/st/stm32cubeide_1.3.0/stm32cubeide/plugins/com.st.stm32cube.ide.mcu.externaltools.gnu-tools-for-stm32.7-2018-q2-update.win32_1.0.0.201904181610/tools/bin/../lib/gcc/arm-none-eabi/7.3.1/../../../../arm-none-eabi/lib/thumb/v7e-m/fpv4-sp/hard\libm.a(lib_a-ef_pow.o)
 .rodata.dp_h   0x00000000080734c0        0x8 c:/st/stm32cubeide_1.3.0/stm32cubeide/plugins/com.st.stm32cube.ide.mcu.externaltools.gnu-tools-for-stm32.7-2018-q2-update.win32_1.0.0.201904181610/tools/bin/../lib/gcc/arm-none-eabi/7.3.1/../../../../arm-none-eabi/lib/thumb/v7e-m/fpv4-sp/hard\libm.a(lib_a-ef_pow.o)
 .rodata.dp_l   0x00000000080734c8        0x8 c:/st/stm32cubeide_1.3.0/stm32cubeide/plugins/com.st.stm32cube.ide.mcu.externaltools.gnu-tools-for-stm32.7-2018-q2-update.win32_1.0.0.201904181610/tools/bin/../lib/gcc/arm-none-eabi/7.3.1/../../../../arm-none-eabi/lib/thumb/v7e-m/fpv4-sp/hard\libm.a(lib_a-ef_pow.o)
 .rodata.npio2_hw
                0x00000000080734d0       0x80 c:/st/stm32cubeide_1.3.0/stm32cubeide/plugins/com.st.stm32cube.ide.mcu.externaltools.gnu-tools-for-stm32.7-2018-q2-update.win32_1.0.0.201904181610/tools/bin/../lib/gcc/arm-none-eabi/7.3.1/../../../../arm-none-eabi/lib/thumb/v7e-m/fpv4-sp/hard\libm.a(lib_a-ef_rem_pio2.o)
 .rodata.two_over_pi
                0x0000000008073550      0x318 c:/st/stm32cubeide_1.3.0/stm32cubeide/plugins/com.st.stm32cube.ide.mcu.externaltools.gnu-tools-for-stm32.7-2018-q2-update.win32_1.0.0.201904181610/tools/bin/../lib/gcc/arm-none-eabi/7.3.1/../../../../arm-none-eabi/lib/thumb/v7e-m/fpv4-sp/hard\libm.a(lib_a-ef_rem_pio2.o)
 .rodata.PIo2   0x0000000008073868       0x2c c:/st/stm32cubeide_1.3.0/stm32cubeide/plugins/com.st.stm32cube.ide.mcu.externaltools.gnu-tools-for-stm32.7-2018-q2-update.win32_1.0.0.201904181610/tools/bin/../lib/gcc/arm-none-eabi/7.3.1/../../../../arm-none-eabi/lib/thumb/v7e-m/fpv4-sp/hard\libm.a(lib_a-kf_rem_pio2.o)
 .rodata.init_jk
                0x0000000008073894        0xc c:/st/stm32cubeide_1.3.0/stm32cubeide/plugins/com.st.stm32cube.ide.mcu.externaltools.gnu-tools-for-stm32.7-2018-q2-update.win32_1.0.0.201904181610/tools/bin/../lib/gcc/arm-none-eabi/7.3.1/../../../../arm-none-eabi/lib/thumb/v7e-m/fpv4-sp/hard\libm.a(lib_a-kf_rem_pio2.o)
 .rodata.TWO23  0x00000000080738a0        0x8 c:/st/stm32cubeide_1.3.0/stm32cubeide/plugins/com.st.stm32cube.ide.mcu.externaltools.gnu-tools-for-stm32.7-2018-q2-update.win32_1.0.0.201904181610/tools/bin/../lib/gcc/arm-none-eabi/7.3.1/../../../../arm-none-eabi/lib/thumb/v7e-m/fpv4-sp/hard\libm.a(lib_a-sf_rint.o)
                0x00000000080738a8                . = ALIGN (0x4)

.ARM.extab      0x00000000080738a8        0x0
                0x00000000080738a8                . = ALIGN (0x4)
 *(.ARM.extab* .gnu.linkonce.armextab.*)
                0x00000000080738a8                . = ALIGN (0x4)

.ARM            0x00000000080738a8        0x8
                0x00000000080738a8                . = ALIGN (0x4)
                0x00000000080738a8                __exidx_start = .
 *(.ARM.exidx*)
 .ARM.exidx     0x00000000080738a8        0x8 c:/st/stm32cubeide_1.3.0/stm32cubeide/plugins/com.st.stm32cube.ide.mcu.externaltools.gnu-tools-for-stm32.7-2018-q2-update.win32_1.0.0.201904181610/tools/bin/../lib/gcc/arm-none-eabi/7.3.1/thumb/v7e-m/fpv4-sp/hard\libgcc.a(_udivmoddi4.o)
                0x00000000080738b0                __exidx_end = .
                0x00000000080738b0                . = ALIGN (0x4)

.rel.dyn        0x00000000080738b0        0x0
 .rel.iplt      0x00000000080738b0        0x0 c:/st/stm32cubeide_1.3.0/stm32cubeide/plugins/com.st.stm32cube.ide.mcu.externaltools.gnu-tools-for-stm32.7-2018-q2-update.win32_1.0.0.201904181610/tools/bin/../lib/gcc/arm-none-eabi/7.3.1/thumb/v7e-m/fpv4-sp/hard/crtbegin.o

.preinit_array  0x00000000080738b0        0x0
                0x00000000080738b0                . = ALIGN (0x4)
                0x00000000080738b0                PROVIDE (__preinit_array_start = .)
 *(.preinit_array*)
                0x00000000080738b0                PROVIDE (__preinit_array_end = .)
                0x00000000080738b0                . = ALIGN (0x4)

.init_array     0x00000000080738b0        0x4
                0x00000000080738b0                . = ALIGN (0x4)
                0x00000000080738b0                PROVIDE (__init_array_start = .)
 *(SORT_BY_NAME(.init_array.*))
 *(.init_array*)
 .init_array    0x00000000080738b0        0x4 c:/st/stm32cubeide_1.3.0/stm32cubeide/plugins/com.st.stm32cube.ide.mcu.externaltools.gnu-tools-for-stm32.7-2018-q2-update.win32_1.0.0.201904181610/tools/bin/../lib/gcc/arm-none-eabi/7.3.1/thumb/v7e-m/fpv4-sp/hard/crtbegin.o
                0x00000000080738b4                PROVIDE (__init_array_end = .)
                0x00000000080738b4                . = ALIGN (0x4)

.fini_array     0x00000000080738b4        0x4
                0x00000000080738b4                . = ALIGN (0x4)
                [!provide]                        PROVIDE (__fini_array_start = .)
 *(SORT_BY_NAME(.fini_array.*))
 *(.fini_array*)
 .fini_array    0x00000000080738b4        0x4 c:/st/stm32cubeide_1.3.0/stm32cubeide/plugins/com.st.stm32cube.ide.mcu.externaltools.gnu-tools-for-stm32.7-2018-q2-update.win32_1.0.0.201904181610/tools/bin/../lib/gcc/arm-none-eabi/7.3.1/thumb/v7e-m/fpv4-sp/hard/crtbegin.o
                [!provide]                        PROVIDE (__fini_array_end = .)
                0x00000000080738b8                . = ALIGN (0x4)
                0x00000000080738b8                _sidata = LOADADDR (.data)

.data           0x0000000020000000      0xe5c load address 0x00000000080738b8
                0x0000000020000000                . = ALIGN (0x4)
                0x0000000020000000                _sdata = .
 *(.data)
 *(.data*)
 .data.SystemCoreClock
                0x0000000020000000        0x4 Core/Src/system_stm32f7xx.o
                0x0000000020000000                SystemCoreClock
 .data.uwTickPrio
                0x0000000020000004        0x4 Drivers/STM32F7xx_HAL_Driver/Src/stm32f7xx_hal.o
                0x0000000020000004                uwTickPrio
 .data.uwTickFreq
                0x0000000020000008        0x1 Drivers/STM32F7xx_HAL_Driver/Src/stm32f7xx_hal.o
                0x0000000020000008                uwTickFreq
 *fill*         0x0000000020000009        0x3 
 .data.ai_input
                0x000000002000000c       0x18 X-CUBE-AI/App/app_x-cube-ai.o
 .data.ai_output
                0x0000000020000024       0x18 X-CUBE-AI/App/app_x-cube-ai.o
 .data.g_network
                0x000000002000003c       0x58 X-CUBE-AI/App/network.o
 .data.conv2d_6_scratch0_array
                0x0000000020000094       0x10 X-CUBE-AI/App/network.o
 .data.conv2d_5_scratch0_array
                0x00000000200000a4       0x10 X-CUBE-AI/App/network.o
 .data.conv2d_4_scratch0_array
                0x00000000200000b4       0x10 X-CUBE-AI/App/network.o
 .data.dense_4_bias_array
                0x00000000200000c4       0x10 X-CUBE-AI/App/network.o
 .data.dense_4_weights_array
                0x00000000200000d4       0x10 X-CUBE-AI/App/network.o
 .data.dense_3_bias_array
                0x00000000200000e4       0x10 X-CUBE-AI/App/network.o
 .data.dense_3_weights_array
                0x00000000200000f4       0x10 X-CUBE-AI/App/network.o
 .data.batch_normalization_3_bias_array
                0x0000000020000104       0x10 X-CUBE-AI/App/network.o
 .data.batch_normalization_3_scale_array
                0x0000000020000114       0x10 X-CUBE-AI/App/network.o
 .data.conv2d_6_bias_array
                0x0000000020000124       0x10 X-CUBE-AI/App/network.o
 .data.conv2d_6_weights_array
                0x0000000020000134       0x10 X-CUBE-AI/App/network.o
 .data.batch_normalization_2_bias_array
                0x0000000020000144       0x10 X-CUBE-AI/App/network.o
 .data.batch_normalization_2_scale_array
                0x0000000020000154       0x10 X-CUBE-AI/App/network.o
 .data.conv2d_5_bias_array
                0x0000000020000164       0x10 X-CUBE-AI/App/network.o
 .data.conv2d_5_weights_array
                0x0000000020000174       0x10 X-CUBE-AI/App/network.o
 .data.batch_normalization_1_bias_array
                0x0000000020000184       0x10 X-CUBE-AI/App/network.o
 .data.batch_normalization_1_scale_array
                0x0000000020000194       0x10 X-CUBE-AI/App/network.o
 .data.conv2d_4_bias_array
                0x00000000200001a4       0x10 X-CUBE-AI/App/network.o
 .data.conv2d_4_weights_array
                0x00000000200001b4       0x10 X-CUBE-AI/App/network.o
 .data.input_0_output_array
                0x00000000200001c4       0x10 X-CUBE-AI/App/network.o
 .data.conv2d_4_output_array
                0x00000000200001d4       0x10 X-CUBE-AI/App/network.o
 .data.batch_normalization_1_output_array
                0x00000000200001e4       0x10 X-CUBE-AI/App/network.o
 .data.conv2d_5_output_array
                0x00000000200001f4       0x10 X-CUBE-AI/App/network.o
 .data.batch_normalization_2_output_array
                0x0000000020000204       0x10 X-CUBE-AI/App/network.o
 .data.conv2d_6_output_array
                0x0000000020000214       0x10 X-CUBE-AI/App/network.o
 .data.batch_normalization_3_output_array
                0x0000000020000224       0x10 X-CUBE-AI/App/network.o
 .data.dense_3_output_array
                0x0000000020000234       0x10 X-CUBE-AI/App/network.o
 .data.activation_9_output_array
                0x0000000020000244       0x10 X-CUBE-AI/App/network.o
 .data.dense_4_output_array
                0x0000000020000254       0x10 X-CUBE-AI/App/network.o
 .data.activation_10_output_array
                0x0000000020000264       0x10 X-CUBE-AI/App/network.o
 .data.conv2d_6_scratch0
                0x0000000020000274       0x1c X-CUBE-AI/App/network.o
 .data.conv2d_5_scratch0
                0x0000000020000290       0x1c X-CUBE-AI/App/network.o
 .data.conv2d_4_scratch0
                0x00000000200002ac       0x1c X-CUBE-AI/App/network.o
 .data.dense_4_bias
                0x00000000200002c8       0x1c X-CUBE-AI/App/network.o
 .data.dense_4_weights
                0x00000000200002e4       0x1c X-CUBE-AI/App/network.o
 .data.dense_3_bias
                0x0000000020000300       0x1c X-CUBE-AI/App/network.o
 .data.dense_3_weights
                0x000000002000031c       0x1c X-CUBE-AI/App/network.o
 .data.batch_normalization_3_bias
                0x0000000020000338       0x1c X-CUBE-AI/App/network.o
 .data.batch_normalization_3_scale
                0x0000000020000354       0x1c X-CUBE-AI/App/network.o
 .data.conv2d_6_bias
                0x0000000020000370       0x1c X-CUBE-AI/App/network.o
 .data.conv2d_6_weights
                0x000000002000038c       0x1c X-CUBE-AI/App/network.o
 .data.batch_normalization_2_bias
                0x00000000200003a8       0x1c X-CUBE-AI/App/network.o
 .data.batch_normalization_2_scale
                0x00000000200003c4       0x1c X-CUBE-AI/App/network.o
 .data.conv2d_5_bias
                0x00000000200003e0       0x1c X-CUBE-AI/App/network.o
 .data.conv2d_5_weights
                0x00000000200003fc       0x1c X-CUBE-AI/App/network.o
 .data.batch_normalization_1_bias
                0x0000000020000418       0x1c X-CUBE-AI/App/network.o
 .data.batch_normalization_1_scale
                0x0000000020000434       0x1c X-CUBE-AI/App/network.o
 .data.conv2d_4_bias
                0x0000000020000450       0x1c X-CUBE-AI/App/network.o
 .data.conv2d_4_weights
                0x000000002000046c       0x1c X-CUBE-AI/App/network.o
 .data.input_0_output
                0x0000000020000488       0x1c X-CUBE-AI/App/network.o
 .data.conv2d_4_output
                0x00000000200004a4       0x1c X-CUBE-AI/App/network.o
 .data.batch_normalization_1_output
                0x00000000200004c0       0x1c X-CUBE-AI/App/network.o
 .data.conv2d_5_output
                0x00000000200004dc       0x1c X-CUBE-AI/App/network.o
 .data.batch_normalization_2_output
                0x00000000200004f8       0x1c X-CUBE-AI/App/network.o
 .data.conv2d_6_output
                0x0000000020000514       0x1c X-CUBE-AI/App/network.o
 .data.batch_normalization_3_output
                0x0000000020000530       0x1c X-CUBE-AI/App/network.o
 .data.dense_3_output
                0x000000002000054c       0x1c X-CUBE-AI/App/network.o
 .data.activation_9_output
                0x0000000020000568       0x1c X-CUBE-AI/App/network.o
 .data.dense_4_output
                0x0000000020000584       0x1c X-CUBE-AI/App/network.o
 .data.activation_10_output
                0x00000000200005a0       0x1c X-CUBE-AI/App/network.o
 .data.conv2d_4_layer
                0x00000000200005bc       0x58 X-CUBE-AI/App/network.o
 .data.batch_normalization_1_layer
                0x0000000020000614       0x18 X-CUBE-AI/App/network.o
 .data.conv2d_5_layer
                0x000000002000062c       0x58 X-CUBE-AI/App/network.o
 .data.batch_normalization_2_layer
                0x0000000020000684       0x18 X-CUBE-AI/App/network.o
 .data.conv2d_6_layer
                0x000000002000069c       0x58 X-CUBE-AI/App/network.o
 .data.batch_normalization_3_layer
                0x00000000200006f4       0x18 X-CUBE-AI/App/network.o
 .data.dense_3_layer
                0x000000002000070c       0x18 X-CUBE-AI/App/network.o
 .data.activation_9_layer
                0x0000000020000724       0x1c X-CUBE-AI/App/network.o
 .data.dense_4_layer
                0x0000000020000740       0x18 X-CUBE-AI/App/network.o
 .data.activation_10_layer
                0x0000000020000758       0x1c X-CUBE-AI/App/network.o
 .data.__compound_literal.0
                0x0000000020000774       0x10 X-CUBE-AI/App/network.o
 .data.__compound_literal.1
                0x0000000020000784       0x10 X-CUBE-AI/App/network.o
 .data.__compound_literal.2
                0x0000000020000794       0x10 X-CUBE-AI/App/network.o
 .data.__compound_literal.3
                0x00000000200007a4       0x10 X-CUBE-AI/App/network.o
 .data.__compound_literal.4
                0x00000000200007b4       0x10 X-CUBE-AI/App/network.o
 .data.__compound_literal.5
                0x00000000200007c4       0x10 X-CUBE-AI/App/network.o
 .data.__compound_literal.6
                0x00000000200007d4       0x10 X-CUBE-AI/App/network.o
 .data.__compound_literal.7
                0x00000000200007e4       0x10 X-CUBE-AI/App/network.o
 .data.__compound_literal.8
                0x00000000200007f4       0x10 X-CUBE-AI/App/network.o
 .data.__compound_literal.9
                0x0000000020000804       0x10 X-CUBE-AI/App/network.o
 .data.__compound_literal.10
                0x0000000020000814       0x10 X-CUBE-AI/App/network.o
 .data.__compound_literal.11
                0x0000000020000824       0x10 X-CUBE-AI/App/network.o
 .data.__compound_literal.12
                0x0000000020000834       0x10 X-CUBE-AI/App/network.o
 .data.__compound_literal.13
                0x0000000020000844       0x10 X-CUBE-AI/App/network.o
 .data.__compound_literal.14
                0x0000000020000854       0x10 X-CUBE-AI/App/network.o
 .data.__compound_literal.15
                0x0000000020000864       0x10 X-CUBE-AI/App/network.o
 .data.__compound_literal.16
                0x0000000020000874       0x10 X-CUBE-AI/App/network.o
 .data.__compound_literal.17
                0x0000000020000884       0x10 X-CUBE-AI/App/network.o
 .data.__compound_literal.18
                0x0000000020000894       0x10 X-CUBE-AI/App/network.o
 .data.__compound_literal.19
                0x00000000200008a4       0x10 X-CUBE-AI/App/network.o
 .data.__compound_literal.20
                0x00000000200008b4       0x10 X-CUBE-AI/App/network.o
 .data.__compound_literal.21
                0x00000000200008c4       0x10 X-CUBE-AI/App/network.o
 .data.__compound_literal.22
                0x00000000200008d4       0x10 X-CUBE-AI/App/network.o
 .data.__compound_literal.23
                0x00000000200008e4       0x10 X-CUBE-AI/App/network.o
 .data.__compound_literal.24
                0x00000000200008f4       0x10 X-CUBE-AI/App/network.o
 .data.__compound_literal.25
                0x0000000020000904       0x10 X-CUBE-AI/App/network.o
 .data.__compound_literal.26
                0x0000000020000914       0x10 X-CUBE-AI/App/network.o
 .data.__compound_literal.27
                0x0000000020000924       0x10 X-CUBE-AI/App/network.o
 .data.__compound_literal.28
                0x0000000020000934       0x10 X-CUBE-AI/App/network.o
 .data.__compound_literal.29
                0x0000000020000944       0x10 X-CUBE-AI/App/network.o
 .data.__compound_literal.30
                0x0000000020000954       0x10 X-CUBE-AI/App/network.o
 .data.__compound_literal.31
                0x0000000020000964       0x10 X-CUBE-AI/App/network.o
 .data.__compound_literal.32
                0x0000000020000974       0x10 X-CUBE-AI/App/network.o
 .data.__compound_literal.33
                0x0000000020000984       0x10 X-CUBE-AI/App/network.o
 .data.__compound_literal.34
                0x0000000020000994       0x10 X-CUBE-AI/App/network.o
 .data.__compound_literal.35
                0x00000000200009a4       0x10 X-CUBE-AI/App/network.o
 .data.__compound_literal.36
                0x00000000200009b4       0x10 X-CUBE-AI/App/network.o
 .data.__compound_literal.37
                0x00000000200009c4       0x10 X-CUBE-AI/App/network.o
 .data.__compound_literal.38
                0x00000000200009d4       0x10 X-CUBE-AI/App/network.o
 .data.__compound_literal.39
                0x00000000200009e4       0x10 X-CUBE-AI/App/network.o
 .data.__compound_literal.40
                0x00000000200009f4       0x10 X-CUBE-AI/App/network.o
 .data.__compound_literal.41
                0x0000000020000a04       0x10 X-CUBE-AI/App/network.o
 .data.__compound_literal.42
                0x0000000020000a14       0x10 X-CUBE-AI/App/network.o
 .data.__compound_literal.43
                0x0000000020000a24       0x10 X-CUBE-AI/App/network.o
 .data.__compound_literal.44
                0x0000000020000a34       0x10 X-CUBE-AI/App/network.o
 .data.__compound_literal.45
                0x0000000020000a44       0x10 X-CUBE-AI/App/network.o
 .data.__compound_literal.46
                0x0000000020000a54       0x10 X-CUBE-AI/App/network.o
 .data.__compound_literal.47
                0x0000000020000a64       0x10 X-CUBE-AI/App/network.o
 .data.__compound_literal.48
                0x0000000020000a74       0x10 X-CUBE-AI/App/network.o
 .data.__compound_literal.49
                0x0000000020000a84       0x10 X-CUBE-AI/App/network.o
 .data.__compound_literal.50
                0x0000000020000a94       0x10 X-CUBE-AI/App/network.o
 .data.__compound_literal.51
                0x0000000020000aa4       0x10 X-CUBE-AI/App/network.o
 .data.__compound_literal.52
                0x0000000020000ab4       0x10 X-CUBE-AI/App/network.o
 .data.__compound_literal.53
                0x0000000020000ac4       0x10 X-CUBE-AI/App/network.o
 .data.__compound_literal.54
                0x0000000020000ad4       0x10 X-CUBE-AI/App/network.o
 .data.__compound_literal.55
                0x0000000020000ae4       0x10 X-CUBE-AI/App/network.o
 .data.__compound_literal.56
                0x0000000020000af4       0x10 X-CUBE-AI/App/network.o
 .data.__compound_literal.57
                0x0000000020000b04       0x10 X-CUBE-AI/App/network.o
 .data.__compound_literal.58
                0x0000000020000b14       0x10 X-CUBE-AI/App/network.o
 .data.__compound_literal.59
                0x0000000020000b24       0x10 X-CUBE-AI/App/network.o
 .data.__compound_literal.60
                0x0000000020000b34        0x4 X-CUBE-AI/App/network.o
 .data.__compound_literal.61
                0x0000000020000b38        0x4 X-CUBE-AI/App/network.o
 .data.__compound_literal.62
                0x0000000020000b3c        0xc X-CUBE-AI/App/network.o
 .data.__compound_literal.63
                0x0000000020000b48        0x4 X-CUBE-AI/App/network.o
 .data.__compound_literal.64
                0x0000000020000b4c       0x30 X-CUBE-AI/App/network.o
 .data.__compound_literal.67
                0x0000000020000b7c        0x4 X-CUBE-AI/App/network.o
 .data.__compound_literal.68
                0x0000000020000b80        0x4 X-CUBE-AI/App/network.o
 .data.__compound_literal.69
                0x0000000020000b84        0x8 X-CUBE-AI/App/network.o
 .data.__compound_literal.71
                0x0000000020000b8c       0x30 X-CUBE-AI/App/network.o
 .data.__compound_literal.72
                0x0000000020000bbc        0x4 X-CUBE-AI/App/network.o
 .data.__compound_literal.73
                0x0000000020000bc0        0x4 X-CUBE-AI/App/network.o
 .data.__compound_literal.74
                0x0000000020000bc4        0xc X-CUBE-AI/App/network.o
 .data.__compound_literal.75
                0x0000000020000bd0        0x4 X-CUBE-AI/App/network.o
 .data.__compound_literal.76
                0x0000000020000bd4       0x30 X-CUBE-AI/App/network.o
 .data.__compound_literal.79
                0x0000000020000c04        0x4 X-CUBE-AI/App/network.o
 .data.__compound_literal.80
                0x0000000020000c08        0x4 X-CUBE-AI/App/network.o
 .data.__compound_literal.81
                0x0000000020000c0c        0x8 X-CUBE-AI/App/network.o
 .data.__compound_literal.83
                0x0000000020000c14       0x30 X-CUBE-AI/App/network.o
 .data.__compound_literal.84
                0x0000000020000c44        0x4 X-CUBE-AI/App/network.o
 .data.__compound_literal.85
                0x0000000020000c48        0x4 X-CUBE-AI/App/network.o
 .data.__compound_literal.86
                0x0000000020000c4c        0xc X-CUBE-AI/App/network.o
 .data.__compound_literal.87
                0x0000000020000c58        0x4 X-CUBE-AI/App/network.o
 .data.__compound_literal.88
                0x0000000020000c5c       0x30 X-CUBE-AI/App/network.o
 .data.__compound_literal.91
                0x0000000020000c8c        0x4 X-CUBE-AI/App/network.o
 .data.__compound_literal.92
                0x0000000020000c90        0x4 X-CUBE-AI/App/network.o
 .data.__compound_literal.93
                0x0000000020000c94        0x8 X-CUBE-AI/App/network.o
 .data.__compound_literal.95
                0x0000000020000c9c       0x30 X-CUBE-AI/App/network.o
 .data.__compound_literal.96
                0x0000000020000ccc        0x4 X-CUBE-AI/App/network.o
 .data.__compound_literal.97
                0x0000000020000cd0        0x4 X-CUBE-AI/App/network.o
 .data.__compound_literal.98
                0x0000000020000cd4        0x8 X-CUBE-AI/App/network.o
 .data.__compound_literal.100
                0x0000000020000cdc       0x30 X-CUBE-AI/App/network.o
 .data.__compound_literal.101
                0x0000000020000d0c        0x4 X-CUBE-AI/App/network.o
 .data.__compound_literal.102
                0x0000000020000d10        0x4 X-CUBE-AI/App/network.o
 .data.__compound_literal.105
                0x0000000020000d14       0x30 X-CUBE-AI/App/network.o
 .data.__compound_literal.106
                0x0000000020000d44        0x4 X-CUBE-AI/App/network.o
 .data.__compound_literal.107
                0x0000000020000d48        0x4 X-CUBE-AI/App/network.o
 .data.__compound_literal.108
                0x0000000020000d4c        0x8 X-CUBE-AI/App/network.o
 .data.__compound_literal.110
                0x0000000020000d54       0x30 X-CUBE-AI/App/network.o
 .data.__compound_literal.111
                0x0000000020000d84        0x4 X-CUBE-AI/App/network.o
 .data.__compound_literal.112
                0x0000000020000d88        0x4 X-CUBE-AI/App/network.o
 .data.__compound_literal.115
                0x0000000020000d8c       0x30 X-CUBE-AI/App/network.o
 .data.__compound_literal.116
                0x0000000020000dbc        0x4 X-CUBE-AI/App/network.o
 .data.__compound_literal.120
                0x0000000020000dc0        0xc X-CUBE-AI/App/network.o
 .data.__compound_literal.121
                0x0000000020000dcc        0x4 X-CUBE-AI/App/network.o
 .data.__compound_literal.125
                0x0000000020000dd0        0xc X-CUBE-AI/App/network.o
 .data.__compound_literal.126
                0x0000000020000ddc       0x18 X-CUBE-AI/App/network.o
 .data._impure_ptr
                0x0000000020000df4        0x4 c:/st/stm32cubeide_1.3.0/stm32cubeide/plugins/com.st.stm32cube.ide.mcu.externaltools.gnu-tools-for-stm32.7-2018-q2-update.win32_1.0.0.201904181610/tools/bin/../lib/gcc/arm-none-eabi/7.3.1/../../../../arm-none-eabi/lib/thumb/v7e-m/fpv4-sp/hard\libc_nano.a(lib_a-impure.o)
                0x0000000020000df4                _impure_ptr
 .data.impure_data
                0x0000000020000df8       0x60 c:/st/stm32cubeide_1.3.0/stm32cubeide/plugins/com.st.stm32cube.ide.mcu.externaltools.gnu-tools-for-stm32.7-2018-q2-update.win32_1.0.0.201904181610/tools/bin/../lib/gcc/arm-none-eabi/7.3.1/../../../../arm-none-eabi/lib/thumb/v7e-m/fpv4-sp/hard\libc_nano.a(lib_a-impure.o)
 .data.__fdlib_version
                0x0000000020000e58        0x1 c:/st/stm32cubeide_1.3.0/stm32cubeide/plugins/com.st.stm32cube.ide.mcu.externaltools.gnu-tools-for-stm32.7-2018-q2-update.win32_1.0.0.201904181610/tools/bin/../lib/gcc/arm-none-eabi/7.3.1/../../../../arm-none-eabi/lib/thumb/v7e-m/fpv4-sp/hard\libm.a(lib_a-s_lib_ver.o)
                0x0000000020000e58                __fdlib_version
                0x0000000020000e5c                . = ALIGN (0x4)
 *fill*         0x0000000020000e59        0x3 