Archive member included to satisfy reference by file (symbol)

../Middlewares/ST/AI/Lib\NetworkRuntime500_CM4_GCC.a(ai_platform_interface.o)
                              X-CUBE-AI/App/keras_n_bn.o (ai_platform_api_get_network_report)
../Middlewares/ST/AI/Lib\NetworkRuntime500_CM4_GCC.a(core_common.o)
                              ../Middlewares/ST/AI/Lib\NetworkRuntime500_CM4_GCC.a(ai_platform_interface.o) (core_get_error)
../Middlewares/ST/AI/Lib\NetworkRuntime500_CM4_GCC.a(layers.o)
                              ../Middlewares/ST/AI/Lib\NetworkRuntime500_CM4_GCC.a(ai_platform_interface.o) (ai_check_custom_types)
../Middlewares/ST/AI/Lib\NetworkRuntime500_CM4_GCC.a(layers_conv2d_generic_float.o)
                              X-CUBE-AI/App/keras_n_bn.o (forward_conv2d_nl_pool)
../Middlewares/ST/AI/Lib\NetworkRuntime500_CM4_GCC.a(layers_nl_generic_float.o)
                              X-CUBE-AI/App/keras_n_bn.o (forward_relu)
../Middlewares/ST/AI/Lib\NetworkRuntime500_CM4_GCC.a(layers_norm_generic_float.o)
                              X-CUBE-AI/App/keras_n_bn.o (forward_bn)
../Middlewares/ST/AI/Lib\NetworkRuntime500_CM4_GCC.a(layers_pool_generic_float.o)
                              X-CUBE-AI/App/keras_n_bn.o (pool_func_mp_array_f32)
../Middlewares/ST/AI/Lib\NetworkRuntime500_CM4_GCC.a(ai_datatypes_format.o)
                              ../Middlewares/ST/AI/Lib\NetworkRuntime500_CM4_GCC.a(ai_platform_interface.o) (ai_array_get_byte_size)
../Middlewares/ST/AI/Lib\NetworkRuntime500_CM4_GCC.a(ai_math_helpers.o)
                              ../Middlewares/ST/AI/Lib\NetworkRuntime500_CM4_GCC.a(layers_nl_generic_float.o) (ai_math_sqrt)
../Middlewares/ST/AI/Lib\NetworkRuntime500_CM4_GCC.a(arm_mat_init_f32.o)
                              ../Middlewares/ST/AI/Lib\NetworkRuntime500_CM4_GCC.a(layers_conv2d_generic_float.o) (arm_mat_init_f32)
c:/st/stm32cubeide_1.3.0/stm32cubeide/plugins/com.st.stm32cube.ide.mcu.externaltools.gnu-tools-for-stm32.7-2018-q2-update.win32_1.0.0.201904181610/tools/bin/../lib/gcc/arm-none-eabi/7.3.1/../../../../arm-none-eabi/lib/thumb/v7e-m/fpv4-sp/hard\libc_nano.a(lib_a-aeabi_memclr.o)
                              ../Middlewares/ST/AI/Lib\NetworkRuntime500_CM4_GCC.a(layers_nl_generic_float.o) (__aeabi_memclr)
c:/st/stm32cubeide_1.3.0/stm32cubeide/plugins/com.st.stm32cube.ide.mcu.externaltools.gnu-tools-for-stm32.7-2018-q2-update.win32_1.0.0.201904181610/tools/bin/../lib/gcc/arm-none-eabi/7.3.1/../../../../arm-none-eabi/lib/thumb/v7e-m/fpv4-sp/hard\libc_nano.a(lib_a-aeabi_memcpy.o)
                              ../Middlewares/ST/AI/Lib\NetworkRuntime500_CM4_GCC.a(ai_platform_interface.o) (__aeabi_memcpy)
c:/st/stm32cubeide_1.3.0/stm32cubeide/plugins/com.st.stm32cube.ide.mcu.externaltools.gnu-tools-for-stm32.7-2018-q2-update.win32_1.0.0.201904181610/tools/bin/../lib/gcc/arm-none-eabi/7.3.1/../../../../arm-none-eabi/lib/thumb/v7e-m/fpv4-sp/hard\libc_nano.a(lib_a-aeabi_memset-soft.o)
                              c:/st/stm32cubeide_1.3.0/stm32cubeide/plugins/com.st.stm32cube.ide.mcu.externaltools.gnu-tools-for-stm32.7-2018-q2-update.win32_1.0.0.201904181610/tools/bin/../lib/gcc/arm-none-eabi/7.3.1/../../../../arm-none-eabi/lib/thumb/v7e-m/fpv4-sp/hard\libc_nano.a(lib_a-aeabi_memclr.o) (__aeabi_memset)
c:/st/stm32cubeide_1.3.0/stm32cubeide/plugins/com.st.stm32cube.ide.mcu.externaltools.gnu-tools-for-stm32.7-2018-q2-update.win32_1.0.0.201904181610/tools/bin/../lib/gcc/arm-none-eabi/7.3.1/../../../../arm-none-eabi/lib/thumb/v7e-m/fpv4-sp/hard\libc_nano.a(lib_a-errno.o)
                              Core/Src/syscalls.o (__errno)
c:/st/stm32cubeide_1.3.0/stm32cubeide/plugins/com.st.stm32cube.ide.mcu.externaltools.gnu-tools-for-stm32.7-2018-q2-update.win32_1.0.0.201904181610/tools/bin/../lib/gcc/arm-none-eabi/7.3.1/../../../../arm-none-eabi/lib/thumb/v7e-m/fpv4-sp/hard\libc_nano.a(lib_a-exit.o)
                              c:/st/stm32cubeide_1.3.0/stm32cubeide/plugins/com.st.stm32cube.ide.mcu.externaltools.gnu-tools-for-stm32.7-2018-q2-update.win32_1.0.0.201904181610/tools/bin/../lib/gcc/arm-none-eabi/7.3.1/../../../../arm-none-eabi/lib/thumb/v7e-m/fpv4-sp/hard/crt0.o (exit)
c:/st/stm32cubeide_1.3.0/stm32cubeide/plugins/com.st.stm32cube.ide.mcu.externaltools.gnu-tools-for-stm32.7-2018-q2-update.win32_1.0.0.201904181610/tools/bin/../lib/gcc/arm-none-eabi/7.3.1/../../../../arm-none-eabi/lib/thumb/v7e-m/fpv4-sp/hard\libc_nano.a(lib_a-impure.o)
                              c:/st/stm32cubeide_1.3.0/stm32cubeide/plugins/com.st.stm32cube.ide.mcu.externaltools.gnu-tools-for-stm32.7-2018-q2-update.win32_1.0.0.201904181610/tools/bin/../lib/gcc/arm-none-eabi/7.3.1/../../../../arm-none-eabi/lib/thumb/v7e-m/fpv4-sp/hard\libc_nano.a(lib_a-exit.o) (_global_impure_ptr)
[...]
Memory Configuration

Name             Origin             Length             Attributes
RAM              0x0000000020000000 0x0000000000018000 xrw
RAM2             0x0000000010000000 0x0000000000008000 xrw
FLASH            0x0000000008000000 0x0000000000100000 xr
*default*        0x0000000000000000 0xffffffffffffffff

Linker script and memory map

LOAD c:/st/stm32cubeide_1.3.0/stm32cubeide/plugins/com.st.stm32cube.ide.mcu.externaltools.gnu-tools-for-stm32.7-2018-q2-update.win32_1.0.0.201904181610/tools/bin/../lib/gcc/arm-none-eabi/7.3.1/thumb/v7e-m/fpv4-sp/hard/crti.o
LOAD c:/st/stm32cubeide_1.3.0/stm32cubeide/plugins/com.st.stm32cube.ide.mcu.externaltools.gnu-tools-for-stm32.7-2018-q2-update.win32_1.0.0.201904181610/tools/bin/../lib/gcc/arm-none-eabi/7.3.1/thumb/v7e-m/fpv4-sp/hard/crtbegin.o
LOAD c:/st/stm32cubeide_1.3.0/stm32cubeide/plugins/com.st.stm32cube.ide.mcu.externaltools.gnu-tools-for-stm32.7-2018-q2-update.win32_1.0.0.201904181610/tools/bin/../lib/gcc/arm-none-eabi/7.3.1/../../../../arm-none-eabi/lib/thumb/v7e-m/fpv4-sp/hard/crt0.o
LOAD Core/Src/CycleCounter.o
LOAD Core/Src/main.o
LOAD Core/Src/stm32l4xx_hal_msp.o
LOAD Core/Src/stm32l4xx_it.o
LOAD Core/Src/syscalls.o
LOAD Core/Src/sysmem.o
LOAD Core/Src/system_stm32l4xx.o
LOAD Core/Startup/startup_stm32l475vgtx.o
LOAD Drivers/STM32L4xx_HAL_Driver/Src/stm32l4xx_hal.o
LOAD Drivers/STM32L4xx_HAL_Driver/Src/stm32l4xx_hal_cortex.o
LOAD Drivers/STM32L4xx_HAL_Driver/Src/stm32l4xx_hal_crc.o
LOAD Drivers/STM32L4xx_HAL_Driver/Src/stm32l4xx_hal_crc_ex.o
LOAD Drivers/STM32L4xx_HAL_Driver/Src/stm32l4xx_hal_dma.o
LOAD Drivers/STM32L4xx_HAL_Driver/Src/stm32l4xx_hal_dma_ex.o
LOAD Drivers/STM32L4xx_HAL_Driver/Src/stm32l4xx_hal_exti.o
LOAD Drivers/STM32L4xx_HAL_Driver/Src/stm32l4xx_hal_flash.o
LOAD Drivers/STM32L4xx_HAL_Driver/Src/stm32l4xx_hal_flash_ex.o
LOAD Drivers/STM32L4xx_HAL_Driver/Src/stm32l4xx_hal_flash_ramfunc.o
LOAD Drivers/STM32L4xx_HAL_Driver/Src/stm32l4xx_hal_gpio.o
LOAD Drivers/STM32L4xx_HAL_Driver/Src/stm32l4xx_hal_i2c.o
LOAD Drivers/STM32L4xx_HAL_Driver/Src/stm32l4xx_hal_i2c_ex.o
LOAD Drivers/STM32L4xx_HAL_Driver/Src/stm32l4xx_hal_pwr.o
LOAD Drivers/STM32L4xx_HAL_Driver/Src/stm32l4xx_hal_pwr_ex.o
LOAD Drivers/STM32L4xx_HAL_Driver/Src/stm32l4xx_hal_rcc.o
LOAD Drivers/STM32L4xx_HAL_Driver/Src/stm32l4xx_hal_rcc_ex.o
LOAD Drivers/STM32L4xx_HAL_Driver/Src/stm32l4xx_hal_tim.o
LOAD Drivers/STM32L4xx_HAL_Driver/Src/stm32l4xx_hal_tim_ex.o
LOAD Drivers/STM32L4xx_HAL_Driver/Src/stm32l4xx_hal_uart.o
LOAD Drivers/STM32L4xx_HAL_Driver/Src/stm32l4xx_hal_uart_ex.o
LOAD X-CUBE-AI/App/app_x-cube-ai.o
LOAD X-CUBE-AI/App/keras_n_bn.o
LOAD X-CUBE-AI/App/keras_n_bn_data.o
LOAD ../Middlewares/ST/AI/Lib\NetworkRuntime500_CM4_GCC.a
START GROUP
LOAD c:/st/stm32cubeide_1.3.0/stm32cubeide/plugins/com.st.stm32cube.ide.mcu.externaltools.gnu-tools-for-stm32.7-2018-q2-update.win32_1.0.0.201904181610/tools/bin/../lib/gcc/arm-none-eabi/7.3.1/../../../../arm-none-eabi/lib/thumb/v7e-m/fpv4-sp/hard\libc_nano.a
LOAD c:/st/stm32cubeide_1.3.0/stm32cubeide/plugins/com.st.stm32cube.ide.mcu.externaltools.gnu-tools-for-stm32.7-2018-q2-update.win32_1.0.0.201904181610/tools/bin/../lib/gcc/arm-none-eabi/7.3.1/../../../../arm-none-eabi/lib/thumb/v7e-m/fpv4-sp/hard\libm.a
END GROUP
START GROUP
LOAD c:/st/stm32cubeide_1.3.0/stm32cubeide/plugins/com.st.stm32cube.ide.mcu.externaltools.gnu-tools-for-stm32.7-2018-q2-update.win32_1.0.0.201904181610/tools/bin/../lib/gcc/arm-none-eabi/7.3.1/thumb/v7e-m/fpv4-sp/hard\libgcc.a
LOAD c:/st/stm32cubeide_1.3.0/stm32cubeide/plugins/com.st.stm32cube.ide.mcu.externaltools.gnu-tools-for-stm32.7-2018-q2-update.win32_1.0.0.201904181610/tools/bin/../lib/gcc/arm-none-eabi/7.3.1/../../../../arm-none-eabi/lib/thumb/v7e-m/fpv4-sp/hard\libc_nano.a
END GROUP
START GROUP
LOAD c:/st/stm32cubeide_1.3.0/stm32cubeide/plugins/com.st.stm32cube.ide.mcu.externaltools.gnu-tools-for-stm32.7-2018-q2-update.win32_1.0.0.201904181610/tools/bin/../lib/gcc/arm-none-eabi/7.3.1/thumb/v7e-m/fpv4-sp/hard\libgcc.a
LOAD c:/st/stm32cubeide_1.3.0/stm32cubeide/plugins/com.st.stm32cube.ide.mcu.externaltools.gnu-tools-for-stm32.7-2018-q2-update.win32_1.0.0.201904181610/tools/bin/../lib/gcc/arm-none-eabi/7.3.1/../../../../arm-none-eabi/lib/thumb/v7e-m/fpv4-sp/hard\libc_nano.a
LOAD c:/st/stm32cubeide_1.3.0/stm32cubeide/plugins/com.st.stm32cube.ide.mcu.externaltools.gnu-tools-for-stm32.7-2018-q2-update.win32_1.0.0.201904181610/tools/bin/../lib/gcc/arm-none-eabi/7.3.1/../../../../arm-none-eabi/lib/thumb/v7e-m/fpv4-sp/hard\libnosys.a
END GROUP
START GROUP
LOAD c:/st/stm32cubeide_1.3.0/stm32cubeide/plugins/com.st.stm32cube.ide.mcu.externaltools.gnu-tools-for-stm32.7-2018-q2-update.win32_1.0.0.201904181610/tools/bin/../lib/gcc/arm-none-eabi/7.3.1/thumb/v7e-m/fpv4-sp/hard\libgcc.a
LOAD c:/st/stm32cubeide_1.3.0/stm32cubeide/plugins/com.st.stm32cube.ide.mcu.externaltools.gnu-tools-for-stm32.7-2018-q2-update.win32_1.0.0.201904181610/tools/bin/../lib/gcc/arm-none-eabi/7.3.1/../../../../arm-none-eabi/lib/thumb/v7e-m/fpv4-sp/hard\libc_nano.a
LOAD c:/st/stm32cubeide_1.3.0/stm32cubeide/plugins/com.st.stm32cube.ide.mcu.externaltools.gnu-tools-for-stm32.7-2018-q2-update.win32_1.0.0.201904181610/tools/bin/../lib/gcc/arm-none-eabi/7.3.1/../../../../arm-none-eabi/lib/thumb/v7e-m/fpv4-sp/hard\libnosys.a
END GROUP
LOAD c:/st/stm32cubeide_1.3.0/stm32cubeide/plugins/com.st.stm32cube.ide.mcu.externaltools.gnu-tools-for-stm32.7-2018-q2-update.win32_1.0.0.201904181610/tools/bin/../lib/gcc/arm-none-eabi/7.3.1/thumb/v7e-m/fpv4-sp/hard/crtend.o
LOAD c:/st/stm32cubeide_1.3.0/stm32cubeide/plugins/com.st.stm32cube.ide.mcu.externaltools.gnu-tools-for-stm32.7-2018-q2-update.win32_1.0.0.201904181610/tools/bin/../lib/gcc/arm-none-eabi/7.3.1/thumb/v7e-m/fpv4-sp/hard/crtn.o
                0x0000000020018000                _estack = (ORIGIN (RAM) + LENGTH (RAM))
                0x0000000000000200                _Min_Heap_Size = 0x200
                0x0000000000000400                _Min_Stack_Size = 0x400

.isr_vector     0x0000000008000000      0x188
                0x0000000008000000                . = ALIGN (0x4)
 *(.isr_vector)
 .isr_vector    0x0000000008000000      0x188 Core/Startup/startup_stm32l475vgtx.o
                0x0000000008000000                g_pfnVectors
                0x0000000008000188                . = ALIGN (0x4)

.text           0x0000000008000188     0xe194
                0x0000000008000188                . = ALIGN (0x4)
 *(.text)
 .text          0x0000000008000188       0x40 c:/st/stm32cubeide_1.3.0/stm32cubeide/plugins/com.st.stm32cube.ide.mcu.externaltools.gnu-tools-for-stm32.7-2018-q2-update.win32_1.0.0.201904181610/tools/bin/../lib/gcc/arm-none-eabi/7.3.1/thumb/v7e-m/fpv4-sp/hard/crtbegin.o
 .text          0x00000000080001c8      0x93c ../Middlewares/ST/AI/Lib\NetworkRuntime500_CM4_GCC.a(ai_platform_interface.o)
                0x00000000080002ae                ai_platform_runtime_get_revision
                0x00000000080002de                ai_platform_runtime_get_version
                0x0000000008000312                ai_platform_api_get_version
                0x0000000008000346                ai_platform_interface_api_get_version
                0x000000000800037a                ai_platform_context_acquire
                0x00000000080003b6                ai_platform_context_release
                0x00000000080003be                ai_platform_network_get_error
                0x000000000800040a                ai_platform_network_set_error
                0x0000000008000416                ai_platform_api_get_network_report
                0x0000000008000594                ai_platform_network_create
                0x000000000800061e                ai_platform_network_destroy
                0x0000000008000664                ai_platform_network_init
                0x000000000800071c                ai_platform_network_process
 .text          0x0000000008000b04       0x24 ../Middlewares/ST/AI/Lib\NetworkRuntime500_CM4_GCC.a(core_common.o)
                0x0000000008000b04                core_init
                0x0000000008000b08                core_get_error
                0x0000000008000b12                core_set_error
 .text          0x0000000008000b28      0x260 ../Middlewares/ST/AI/Lib\NetworkRuntime500_CM4_GCC.a(layers.o)
                0x0000000008000b28                ai_layers_forward_layer
                0x0000000008000b3c                ai_check_custom_types
                0x0000000008000b64                ai_layer_type_name
                0x0000000008000c74                ai_layer_type_is_valid
                0x0000000008000c90                ai_layers_forward_all
 .text          0x0000000008000d88     0x1798 ../Middlewares/ST/AI/Lib\NetworkRuntime500_CM4_GCC.a(layers_conv2d_generic_float.o)
                0x0000000008001334                ai_dict8_dot_array_f32
                0x0000000008001494                ai_dict4_dot_array_f32
                0x00000000080015fc                ai_dict_decompress_f32
                0x00000000080016d0                forward_conv2d
                0x000000000800196c                forward_conv2d_nl_pool
                0x0000000008001e24                forward_dense
                0x00000000080020cc                forward_gemm
                0x0000000008002388                forward_matmul
 .text          0x0000000008002520     0x24c4 ../Middlewares/ST/AI/Lib\NetworkRuntime500_CM4_GCC.a(layers_nl_generic_float.o)
                0x0000000008002574                nl_func_acos_array_f32
                0x00000000080025a4                forward_acos
                0x0000000008002658                nl_func_acosh_array_f32
                0x0000000008002688                forward_acosh
                0x000000000800273c                nl_func_asin_array_f32
                0x000000000800276c                forward_asin
                0x0000000008002820                nl_func_asinh_array_f32
                0x0000000008002850                forward_asinh
                0x0000000008002904                nl_func_atan_array_f32
                0x0000000008002934                forward_atan
                0x00000000080029e8                nl_func_atanh_array_f32
                0x0000000008002a18                forward_atanh
                0x0000000008002acc                nl_func_cos_array_f32
                0x0000000008002afc                forward_cos
                0x0000000008002bb0                nl_func_cosh_array_f32
                0x0000000008002be0                forward_cosh
                0x0000000008002c94                nl_func_erf_array_f32
                0x0000000008002cc4                forward_erf
                0x0000000008002d78                nl_func_log_array_f32
                0x0000000008002da8                forward_log
                0x0000000008002e5c                nl_func_rsqrt_array_f32
                0x0000000008002e94                forward_rsqrt
                0x0000000008002f54                nl_func_sin_array_f32
                0x0000000008002f84                forward_sin
                0x0000000008003038                nl_func_sinh_array_f32
                0x0000000008003068                forward_sinh
                0x000000000800311c                nl_func_tan_array_f32
                0x000000000800314c                forward_tan
                0x0000000008003200                nl_func_abs_array_f32
                0x0000000008003228                forward_abs
                0x00000000080032d8                nl_func_ceil_array_f32
                0x0000000008003308                forward_ceil
                0x00000000080033bc                nl_func_floor_array_f32
                0x00000000080033ec                forward_floor
                0x00000000080034a0                nl_func_round_array_f32
                0x00000000080034d0                forward_round
                0x0000000008003584                nl_func_neg_array_f32
                0x00000000080035f4                forward_neg
                0x00000000080036ec                nl_func_reciprocal_array_f32
                0x0000000008003768                forward_reciprocal
                0x000000000800386c                nl_func_exp_array_f32
                0x000000000800389c                forward_exp
                0x0000000008003950                nl_func_sigmoid_array_f32
                0x0000000008003994                forward_sigmoid
                0x0000000008003a5c                nl_func_sign_array_f32
                0x0000000008003a9c                forward_sign
                0x0000000008003b6c                nl_func_sqrt_array_f32
                0x0000000008003b9c                forward_sqrt
                0x0000000008003c54                nl_func_soft_plus_array_f32
                0x0000000008003c90                forward_soft_plus
                0x0000000008003d50                nl_func_soft_sign_array_f32
                0x0000000008003d88                forward_soft_sign
                0x0000000008003e48                nl_func_tanh_array_f32
                0x0000000008003e78                forward_tanh
                0x0000000008003f2c                nl_func_relu_array_f32
                0x0000000008003f60                nl_func_sm_channel_f32
                0x0000000008004084                nl_func_sm_array_f32
                0x00000000080040e0                nl_func_hard_sigmoid_array_f32
                0x0000000008004140                nl_func_clip_array_f32
                0x000000000800418c                nl_func_hardmax_array_f32
                0x0000000008004270                nl_func_relu_generic_array_f32
                0x0000000008004328                nl_func_relu_thresholded_array_f32
                0x0000000008004360                nl_func_elu_array_f32
                0x00000000080043e4                nl_func_selu_array_f32
                0x0000000008004468                nl_func_prelu_array_f32
                0x00000000080044c8                forward_relu
                0x000000000800457c                forward_relu_thresholded
                0x0000000008004644                forward_elu
                0x0000000008004694                forward_selu
                0x00000000080046e4                forward_prelu
                0x0000000008004808                forward_clip
                0x0000000008004858                forward_hard_sigmoid
                0x0000000008004948                forward_sm
                0x000000000800499c                forward_hardmax
 .text          0x00000000080049e4      0x724 ../Middlewares/ST/AI/Lib\NetworkRuntime500_CM4_GCC.a(layers_norm_generic_float.o)
                0x0000000008004a38                func_lrn_channel_f32
                0x0000000008004b40                func_norm_array_f32
                0x0000000008004c44                func_norm_l2_fast_array_f32
                0x0000000008004d28                func_lrn_array_f32
                0x0000000008004d78                forward_bn
                0x0000000008004fe2                forward_lrn
                0x000000000800504e                forward_norm
 .text          0x0000000008005108      0xe08 ../Middlewares/ST/AI/Lib\NetworkRuntime500_CM4_GCC.a(layers_pool_generic_float.o)
                0x0000000008005108                pool_func_mp_array_f32
                0x0000000008005478                pool_func_ap_array_f32
                0x0000000008005854                pool_func_mp_kernel_array_f32
                0x0000000008005914                pool_func_ap_kernel_array_f32
                0x0000000008005a34                forward_mp
                0x0000000008005c60                forward_ap
 .text          0x0000000008005f10      0x8f0 ../Middlewares/ST/AI/Lib\NetworkRuntime500_CM4_GCC.a(ai_datatypes_format.o)
                0x0000000008005f10                ai_array_fmt_name
                0x00000000080060ba                ai_array_fmt_exported
                0x000000000800619e                ai_array_fmt_valid
                0x0000000008006284                ai_array_fmt_get_formats
                0x0000000008006294                ai_buffer_fmt_name
                0x000000000800635a                ai_buffer_fmt_valid
                0x00000000080063c8                ai_buffer_fmt_get_formats
                0x00000000080063d0                ai_array_to_buffer_fmt
                0x000000000800647c                ai_buffer_to_array_fmt
                0x0000000008006580                ai_array_get_byte_size
                0x00000000080065d6                ai_array_get_data_byte_size
                0x00000000080065fe                ai_array_get_elems_from_size
 .text          0x0000000008006800      0x10c ../Middlewares/ST/AI/Lib\NetworkRuntime500_CM4_GCC.a(ai_math_helpers.o)
                0x0000000008006800                ai_math_sqrt
                0x0000000008006818                ai_math_exp
                0x000000000800681c                ai_math_pow
                0x0000000008006820                ai_math_tanh
                0x0000000008006824                ai_math_cosh
                0x0000000008006828                ai_math_relu
                0x0000000008006838                ai_math_prelu
                0x0000000008006848                ai_math_sigmoid
                0x0000000008006868                ai_math_hard_sigmoid
                0x000000000800689c                ai_math_sign
                0x00000000080068c8                ai_div
                0x00000000080068ce                ai_floor_div
                0x00000000080068d6                ai_floor_mod
                0x00000000080068da                ai_max
                0x00000000080068ea                ai_min
                0x00000000080068fa                ai_mul
                0x0000000008006900                ai_sub
                0x0000000008006906                ai_sum
 .text          0x000000000800690c        0x8 ../Middlewares/ST/AI/Lib\NetworkRuntime500_CM4_GCC.a(arm_mat_init_f32.o)
                0x000000000800690c                arm_mat_init_f32
 .text          0x0000000008006914       0x9a c:/st/stm32cubeide_1.3.0/stm32cubeide/plugins/com.st.stm32cube.ide.mcu.externaltools.gnu-tools-for-stm32.7-2018-q2-update.win32_1.0.0.201904181610/tools/bin/../lib/gcc/arm-none-eabi/7.3.1/../../../../arm-none-eabi/lib/thumb/v7e-m/fpv4-sp/hard\libc_nano.a(lib_a-aeabi_memset-soft.o)
                0x0000000008006914                __aeabi_memset8
                0x0000000008006914                __aeabi_memset4
                0x0000000008006914                __aeabi_memset
 *fill*         0x00000000080069ae        0x2 
 .text          0x00000000080069b0      0x378 c:/st/stm32cubeide_1.3.0/stm32cubeide/plugins/com.st.stm32cube.ide.mcu.externaltools.gnu-tools-for-stm32.7-2018-q2-update.win32_1.0.0.201904181610/tools/bin/../lib/gcc/arm-none-eabi/7.3.1/thumb/v7e-m/fpv4-sp/hard\libgcc.a(_arm_addsubdf3.o)
                0x00000000080069b0                __aeabi_drsub
                0x00000000080069b8                __aeabi_dsub
                0x00000000080069b8                __subdf3
                0x00000000080069bc                __aeabi_dadd
                0x00000000080069bc                __adddf3
                0x0000000008006c34                __floatunsidf
                0x0000000008006c34                __aeabi_ui2d
                0x0000000008006c54                __floatsidf
                0x0000000008006c54                __aeabi_i2d
                0x0000000008006c78                __aeabi_f2d
                0x0000000008006c78                __extendsfdf2
                0x0000000008006cbc                __floatundidf
                0x0000000008006cbc                __aeabi_ul2d
                0x0000000008006ccc                __floatdidf
                0x0000000008006ccc                __aeabi_l2d
 .text          0x0000000008006d28      0x424 c:/st/stm32cubeide_1.3.0/stm32cubeide/plugins/com.st.stm32cube.ide.mcu.externaltools.gnu-tools-for-stm32.7-2018-q2-update.win32_1.0.0.201904181610/tools/bin/../lib/gcc/arm-none-eabi/7.3.1/thumb/v7e-m/fpv4-sp/hard\libgcc.a(_arm_muldivdf3.o)
                0x0000000008006d28                __aeabi_dmul
                0x0000000008006d28                __muldf3
                0x0000000008006f7c                __divdf3
                0x0000000008006f7c                __aeabi_ddiv
 .text          0x000000000800714c       0xa0 c:/st/stm32cubeide_1.3.0/stm32cubeide/plugins/com.st.stm32cube.ide.mcu.externaltools.gnu-tools-for-stm32.7-2018-q2-update.win32_1.0.0.201904181610/tools/bin/../lib/gcc/arm-none-eabi/7.3.1/thumb/v7e-m/fpv4-sp/hard\libgcc.a(_arm_truncdfsf2.o)
                0x000000000800714c                __truncdfsf2
                0x000000000800714c                __aeabi_d2f
 .text          0x00000000080071ec       0x30 c:/st/stm32cubeide_1.3.0/stm32cubeide/plugins/com.st.stm32cube.ide.mcu.externaltools.gnu-tools-for-stm32.7-2018-q2-update.win32_1.0.0.201904181610/tools/bin/../lib/gcc/arm-none-eabi/7.3.1/thumb/v7e-m/fpv4-sp/hard\libgcc.a(_aeabi_uldivmod.o)
                0x00000000080071ec                __aeabi_uldivmod
 .text          0x000000000800721c      0x2cc c:/st/stm32cubeide_1.3.0/stm32cubeide/plugins/com.st.stm32cube.ide.mcu.externaltools.gnu-tools-for-stm32.7-2018-q2-update.win32_1.0.0.201904181610/tools/bin/../lib/gcc/arm-none-eabi/7.3.1/thumb/v7e-m/fpv4-sp/hard\libgcc.a(_udivmoddi4.o)
                0x000000000800721c                __udivmoddi4
 .text          0x00000000080074e8        0x4 c:/st/stm32cubeide_1.3.0/stm32cubeide/plugins/com.st.stm32cube.ide.mcu.externaltools.gnu-tools-for-stm32.7-2018-q2-update.win32_1.0.0.201904181610/tools/bin/../lib/gcc/arm-none-eabi/7.3.1/thumb/v7e-m/fpv4-sp/hard\libgcc.a(_dvmd_tls.o)
                0x00000000080074e8                __aeabi_idiv0
                0x00000000080074e8                __aeabi_ldiv0
 *(.text*)
 .text.ResetTimer
                0x00000000080074ec       0x58 Core/Src/CycleCounter.o
                0x00000000080074ec                ResetTimer
 .text.StartTimer
                0x0000000008007544       0x24 Core/Src/CycleCounter.o
                0x0000000008007544                StartTimer
 .text.StopTimer
                0x0000000008007568       0x20 Core/Src/CycleCounter.o
                0x0000000008007568                StopTimer
 .text.getCycles
                0x0000000008007588       0x18 Core/Src/CycleCounter.o
                0x0000000008007588                getCycles
 .text.main     0x00000000080075a0      0x2e0 Core/Src/main.o
                0x00000000080075a0                main
 .text.SystemClock_Config
                0x0000000008007880       0xea Core/Src/main.o
                0x0000000008007880                SystemClock_Config
 *fill*         0x000000000800796a        0x2 
 .text.MX_CRC_Init
                0x000000000800796c       0x44 Core/Src/main.o
 .text.MX_USART1_UART_Init
                0x00000000080079b0       0x60 Core/Src/main.o
 .text.MX_GPIO_Init
                0x0000000008007a10       0x30 Core/Src/main.o
 .text.Error_Handler
                0x0000000008007a40        0xe Core/Src/main.o
                0x0000000008007a40                Error_Handler
 *fill*         0x0000000008007a4e        0x2 
 .text.HAL_MspInit
                0x0000000008007a50       0x48 Core/Src/stm32l4xx_hal_msp.o
                0x0000000008007a50                HAL_MspInit
 .text.HAL_CRC_MspInit
                0x0000000008007a98       0x40 Core/Src/stm32l4xx_hal_msp.o
                0x0000000008007a98                HAL_CRC_MspInit
 .text.HAL_UART_MspInit
                0x0000000008007ad8       0x88 Core/Src/stm32l4xx_hal_msp.o
                0x0000000008007ad8                HAL_UART_MspInit
 .text.NMI_Handler
                0x0000000008007b60        0xe Core/Src/stm32l4xx_it.o
                0x0000000008007b60                NMI_Handler
 .text.HardFault_Handler
                0x0000000008007b6e        0x6 Core/Src/stm32l4xx_it.o
                0x0000000008007b6e                HardFault_Handler
 .text.MemManage_Handler
                0x0000000008007b74        0x6 Core/Src/stm32l4xx_it.o
                0x0000000008007b74                MemManage_Handler
 .text.BusFault_Handler
                0x0000000008007b7a        0x6 Core/Src/stm32l4xx_it.o
                0x0000000008007b7a                BusFault_Handler
 .text.UsageFault_Handler
                0x0000000008007b80        0x6 Core/Src/stm32l4xx_it.o
                0x0000000008007b80                UsageFault_Handler
 .text.SVC_Handler
                0x0000000008007b86        0xe Core/Src/stm32l4xx_it.o
                0x0000000008007b86                SVC_Handler
 .text.DebugMon_Handler
                0x0000000008007b94        0xe Core/Src/stm32l4xx_it.o
                0x0000000008007b94                DebugMon_Handler
 .text.PendSV_Handler
                0x0000000008007ba2        0xe Core/Src/stm32l4xx_it.o
                0x0000000008007ba2                PendSV_Handler
 .text.SysTick_Handler
                0x0000000008007bb0        0xc Core/Src/stm32l4xx_it.o
                0x0000000008007bb0                SysTick_Handler
 .text.SystemInit
                0x0000000008007bbc       0x6c Core/Src/system_stm32l4xx.o
                0x0000000008007bbc                SystemInit
 .text.Reset_Handler
                0x0000000008007c28       0x50 Core/Startup/startup_stm32l475vgtx.o
                0x0000000008007c28                Reset_Handler
 .text.Default_Handler
                0x0000000008007c78        0x2 Core/Startup/startup_stm32l475vgtx.o
                0x0000000008007c78                RTC_Alarm_IRQHandler
                0x0000000008007c78                EXTI2_IRQHandler
                0x0000000008007c78                TIM8_TRG_COM_IRQHandler
                0x0000000008007c78                TIM8_CC_IRQHandler
                0x0000000008007c78                TIM1_CC_IRQHandler
                0x0000000008007c78                TSC_IRQHandler
                0x0000000008007c78                TAMP_STAMP_IRQHandler
                0x0000000008007c78                EXTI3_IRQHandler
                0x0000000008007c78                LPTIM2_IRQHandler
                0x0000000008007c78                DFSDM1_FLT1_IRQHandler
                0x0000000008007c78                I2C3_ER_IRQHandler
                0x0000000008007c78                DFSDM1_FLT2_IRQHandler
                0x0000000008007c78                EXTI0_IRQHandler
                0x0000000008007c78                I2C2_EV_IRQHandler
                0x0000000008007c78                CAN1_RX0_IRQHandler
                0x0000000008007c78                FPU_IRQHandler
                0x0000000008007c78                TIM1_UP_TIM16_IRQHandler
                0x0000000008007c78                ADC1_2_IRQHandler
                0x0000000008007c78                SPI1_IRQHandler
                0x0000000008007c78                TIM6_DAC_IRQHandler
                0x0000000008007c78                TIM8_UP_IRQHandler
                0x0000000008007c78                DMA2_Channel2_IRQHandler
                0x0000000008007c78                DMA1_Channel4_IRQHandler
                0x0000000008007c78                SAI2_IRQHandler
                0x0000000008007c78                DFSDM1_FLT3_IRQHandler
                0x0000000008007c78                USART3_IRQHandler
                0x0000000008007c78                DMA1_Channel7_IRQHandler
                0x0000000008007c78                CAN1_RX1_IRQHandler
                0x0000000008007c78                UART5_IRQHandler
                0x0000000008007c78                ADC3_IRQHandler
                0x0000000008007c78                TIM4_IRQHandler
                0x0000000008007c78                DMA2_Channel1_IRQHandler
                0x0000000008007c78                QUADSPI_IRQHandler
                0x0000000008007c78                I2C1_EV_IRQHandler
                0x0000000008007c78                DMA1_Channel6_IRQHandler
                0x0000000008007c78                UART4_IRQHandler
                0x0000000008007c78                DMA2_Channel4_IRQHandler
                0x0000000008007c78                TIM3_IRQHandler
                0x0000000008007c78                RCC_IRQHandler
                0x0000000008007c78                DMA1_Channel1_IRQHandler
                0x0000000008007c78                Default_Handler
                0x0000000008007c78                DMA2_Channel7_IRQHandler
                0x0000000008007c78                EXTI15_10_IRQHandler
                0x0000000008007c78                TIM7_IRQHandler
                0x0000000008007c78                SDMMC1_IRQHandler
                0x0000000008007c78                TIM5_IRQHandler
                0x0000000008007c78                I2C3_EV_IRQHandler
                0x0000000008007c78                EXTI9_5_IRQHandler
                0x0000000008007c78                RTC_WKUP_IRQHandler
                0x0000000008007c78                PVD_PVM_IRQHandler
                0x0000000008007c78                SPI2_IRQHandler
                0x0000000008007c78                CAN1_TX_IRQHandler
                0x0000000008007c78                DMA2_Channel5_IRQHandler
                0x0000000008007c78                DMA1_Channel5_IRQHandler
                0x0000000008007c78                EXTI4_IRQHandler
                0x0000000008007c78                RNG_IRQHandler
                0x0000000008007c78                TIM1_TRG_COM_TIM17_IRQHandler
                0x0000000008007c78                DMA1_Channel3_IRQHandler
                0x0000000008007c78                COMP_IRQHandler
                0x0000000008007c78                WWDG_IRQHandler
                0x0000000008007c78                LPUART1_IRQHandler
                0x0000000008007c78                DMA2_Channel6_IRQHandler
                0x0000000008007c78                TIM2_IRQHandler
                0x0000000008007c78                EXTI1_IRQHandler
                0x0000000008007c78                USART2_IRQHandler
                0x0000000008007c78                DFSDM1_FLT0_IRQHandler
                0x0000000008007c78                I2C2_ER_IRQHandler
                0x0000000008007c78                DMA1_Channel2_IRQHandler
                0x0000000008007c78                TIM8_BRK_IRQHandler
                0x0000000008007c78                CAN1_SCE_IRQHandler
                0x0000000008007c78                FLASH_IRQHandler
                0x0000000008007c78                USART1_IRQHandler
                0x0000000008007c78                OTG_FS_IRQHandler
                0x0000000008007c78                SPI3_IRQHandler
                0x0000000008007c78                I2C1_ER_IRQHandler
                0x0000000008007c78                FMC_IRQHandler
                0x0000000008007c78                SWPMI1_IRQHandler
                0x0000000008007c78                LPTIM1_IRQHandler
                0x0000000008007c78                SAI1_IRQHandler
                0x0000000008007c78                DMA2_Channel3_IRQHandler
                0x0000000008007c78                TIM1_BRK_TIM15_IRQHandler
 .text.HAL_Init
                0x0000000008007c7a       0x30 Drivers/STM32L4xx_HAL_Driver/Src/stm32l4xx_hal.o
                0x0000000008007c7a                HAL_Init
 *fill*         0x0000000008007caa        0x2 
 .text.HAL_InitTick
                0x0000000008007cac       0x74 Drivers/STM32L4xx_HAL_Driver/Src/stm32l4xx_hal.o
                0x0000000008007cac                HAL_InitTick
 .text.HAL_IncTick
                0x0000000008007d20       0x24 Drivers/STM32L4xx_HAL_Driver/Src/stm32l4xx_hal.o
                0x0000000008007d20                HAL_IncTick
 .text.HAL_GetTick
                0x0000000008007d44       0x18 Drivers/STM32L4xx_HAL_Driver/Src/stm32l4xx_hal.o
                0x0000000008007d44                HAL_GetTick
 .text.__NVIC_SetPriorityGrouping
                0x0000000008007d5c       0x48 Drivers/STM32L4xx_HAL_Driver/Src/stm32l4xx_hal_cortex.o
 .text.__NVIC_GetPriorityGrouping
                0x0000000008007da4       0x1c Drivers/STM32L4xx_HAL_Driver/Src/stm32l4xx_hal_cortex.o
 .text.__NVIC_SetPriority
                0x0000000008007dc0       0x54 Drivers/STM32L4xx_HAL_Driver/Src/stm32l4xx_hal_cortex.o
 .text.NVIC_EncodePriority
                0x0000000008007e14       0x66 Drivers/STM32L4xx_HAL_Driver/Src/stm32l4xx_hal_cortex.o
 *fill*         0x0000000008007e7a        0x2 
 .text.SysTick_Config
                0x0000000008007e7c       0x44 Drivers/STM32L4xx_HAL_Driver/Src/stm32l4xx_hal_cortex.o
 .text.HAL_NVIC_SetPriorityGrouping
                0x0000000008007ec0       0x16 Drivers/STM32L4xx_HAL_Driver/Src/stm32l4xx_hal_cortex.o
                0x0000000008007ec0                HAL_NVIC_SetPriorityGrouping
 .text.HAL_NVIC_SetPriority
                0x0000000008007ed6       0x38 Drivers/STM32L4xx_HAL_Driver/Src/stm32l4xx_hal_cortex.o
                0x0000000008007ed6                HAL_NVIC_SetPriority
 .text.HAL_SYSTICK_Config
                0x0000000008007f0e       0x18 Drivers/STM32L4xx_HAL_Driver/Src/stm32l4xx_hal_cortex.o
                0x0000000008007f0e                HAL_SYSTICK_Config
 *fill*         0x0000000008007f26        0x2 
 .text.HAL_CRC_Init
                0x0000000008007f28       0xc8 Drivers/STM32L4xx_HAL_Driver/Src/stm32l4xx_hal_crc.o
                0x0000000008007f28                HAL_CRC_Init
 .text.HAL_CRCEx_Polynomial_Set
                0x0000000008007ff0      0x10c Drivers/STM32L4xx_HAL_Driver/Src/stm32l4xx_hal_crc_ex.o
                0x0000000008007ff0                HAL_CRCEx_Polynomial_Set
 .text.HAL_GPIO_Init
                0x00000000080080fc      0x350 Drivers/STM32L4xx_HAL_Driver/Src/stm32l4xx_hal_gpio.o
                0x00000000080080fc                HAL_GPIO_Init
 .text.HAL_PWREx_GetVoltageRange
                0x000000000800844c       0x1c Drivers/STM32L4xx_HAL_Driver/Src/stm32l4xx_hal_pwr_ex.o
                0x000000000800844c                HAL_PWREx_GetVoltageRange
 .text.HAL_PWREx_ControlVoltageScaling
                0x0000000008008468       0xac Drivers/STM32L4xx_HAL_Driver/Src/stm32l4xx_hal_pwr_ex.o
                0x0000000008008468                HAL_PWREx_ControlVoltageScaling
 .text.HAL_RCC_OscConfig
                0x0000000008008514      0x7cc Drivers/STM32L4xx_HAL_Driver/Src/stm32l4xx_hal_rcc.o
                0x0000000008008514                HAL_RCC_OscConfig
 .text.HAL_RCC_ClockConfig
                0x0000000008008ce0      0x1c4 Drivers/STM32L4xx_HAL_Driver/Src/stm32l4xx_hal_rcc.o
                0x0000000008008ce0                HAL_RCC_ClockConfig
 .text.HAL_RCC_GetSysClockFreq
                0x0000000008008ea4      0x114 Drivers/STM32L4xx_HAL_Driver/Src/stm32l4xx_hal_rcc.o
                0x0000000008008ea4                HAL_RCC_GetSysClockFreq
 .text.HAL_RCC_GetHCLKFreq
                0x0000000008008fb8       0x18 Drivers/STM32L4xx_HAL_Driver/Src/stm32l4xx_hal_rcc.o
                0x0000000008008fb8                HAL_RCC_GetHCLKFreq
 .text.HAL_RCC_GetPCLK1Freq
                0x0000000008008fd0       0x2c Drivers/STM32L4xx_HAL_Driver/Src/stm32l4xx_hal_rcc.o
                0x0000000008008fd0                HAL_RCC_GetPCLK1Freq
 .text.HAL_RCC_GetPCLK2Freq
                0x0000000008008ffc       0x2c Drivers/STM32L4xx_HAL_Driver/Src/stm32l4xx_hal_rcc.o
                0x0000000008008ffc                HAL_RCC_GetPCLK2Freq
 .text.RCC_SetFlashLatencyFromMSIRange
                0x0000000008009028       0xc0 Drivers/STM32L4xx_HAL_Driver/Src/stm32l4xx_hal_rcc.o
 .text.HAL_RCCEx_PeriphCLKConfig
                0x00000000080090e8      0x5cc Drivers/STM32L4xx_HAL_Driver/Src/stm32l4xx_hal_rcc_ex.o
                0x00000000080090e8                HAL_RCCEx_PeriphCLKConfig
 .text.RCCEx_PLLSAI1_Config
                0x00000000080096b4      0x1e0 Drivers/STM32L4xx_HAL_Driver/Src/stm32l4xx_hal_rcc_ex.o
 .text.RCCEx_PLLSAI2_Config
                0x0000000008009894      0x1b4 Drivers/STM32L4xx_HAL_Driver/Src/stm32l4xx_hal_rcc_ex.o
 .text.HAL_UART_Init
                0x0000000008009a48       0x9c Drivers/STM32L4xx_HAL_Driver/Src/stm32l4xx_hal_uart.o
                0x0000000008009a48                HAL_UART_Init
 .text.HAL_UART_Transmit
                0x0000000008009ae4      0x126 Drivers/STM32L4xx_HAL_Driver/Src/stm32l4xx_hal_uart.o
                0x0000000008009ae4                HAL_UART_Transmit
 .text.HAL_UART_Receive
                0x0000000008009c0a      0x19a Drivers/STM32L4xx_HAL_Driver/Src/stm32l4xx_hal_uart.o
                0x0000000008009c0a                HAL_UART_Receive
 .text.UART_SetConfig
                0x0000000008009da4      0x6e4 Drivers/STM32L4xx_HAL_Driver/Src/stm32l4xx_hal_uart.o
                0x0000000008009da4                UART_SetConfig
 .text.UART_AdvFeatureConfig
                0x000000000800a488      0x144 Drivers/STM32L4xx_HAL_Driver/Src/stm32l4xx_hal_uart.o
                0x000000000800a488                UART_AdvFeatureConfig
 .text.UART_CheckIdleState
                0x000000000800a5cc       0x8a Drivers/STM32L4xx_HAL_Driver/Src/stm32l4xx_hal_uart.o
                0x000000000800a5cc                UART_CheckIdleState
 .text.UART_WaitOnFlagUntilTimeout
                0x000000000800a656       0xf6 Drivers/STM32L4xx_HAL_Driver/Src/stm32l4xx_hal_uart.o
                0x000000000800a656                UART_WaitOnFlagUntilTimeout
 .text.aiInit   0x000000000800a74c       0xbc X-CUBE-AI/App/app_x-cube-ai.o
                0x000000000800a74c                aiInit
 .text.aiRun    0x000000000800a808       0x80 X-CUBE-AI/App/app_x-cube-ai.o
                0x000000000800a808                aiRun
 .text.MX_X_CUBE_AI_Init
                0x000000000800a888       0x14 X-CUBE-AI/App/app_x-cube-ai.o
                0x000000000800a888                MX_X_CUBE_AI_Init
 .text.keras_n_bn_configure_activations
                0x000000000800a89c      0x174 X-CUBE-AI/App/keras_n_bn.o
 .text.keras_n_bn_configure_weights
                0x000000000800aa10      0x2a0 X-CUBE-AI/App/keras_n_bn.o
 .text.ai_keras_n_bn_get_error
                0x000000000800acb0       0x18 X-CUBE-AI/App/keras_n_bn.o
                0x000000000800acb0                ai_keras_n_bn_get_error
 .text.ai_keras_n_bn_create
                0x000000000800acc8       0x2c X-CUBE-AI/App/keras_n_bn.o
                0x000000000800acc8                ai_keras_n_bn_create
 .text.ai_keras_n_bn_destroy
                0x000000000800acf4       0x18 X-CUBE-AI/App/keras_n_bn.o
                0x000000000800acf4                ai_keras_n_bn_destroy
 .text.ai_keras_n_bn_init
                0x000000000800ad0c       0x66 X-CUBE-AI/App/keras_n_bn.o
                0x000000000800ad0c                ai_keras_n_bn_init
 .text.ai_keras_n_bn_run
                0x000000000800ad72       0x20 X-CUBE-AI/App/keras_n_bn.o
                0x000000000800ad72                ai_keras_n_bn_run
 *fill*         0x000000000800ad92        0x2 
 .text.ai_keras_n_bn_data_weights_get
                0x000000000800ad94       0x14 X-CUBE-AI/App/keras_n_bn_data.o
                0x000000000800ad94                ai_keras_n_bn_data_weights_get
 .text.__aeabi_memclr
                0x000000000800ada8        0x6 c:/st/stm32cubeide_1.3.0/stm32cubeide/plugins/com.st.stm32cube.ide.mcu.externaltools.gnu-tools-for-stm32.7-2018-q2-update.win32_1.0.0.201904181610/tools/bin/../lib/gcc/arm-none-eabi/7.3.1/../../../../arm-none-eabi/lib/thumb/v7e-m/fpv4-sp/hard\libc_nano.a(lib_a-aeabi_memclr.o)
                0x000000000800ada8                __aeabi_memclr
                0x000000000800ada8                __aeabi_memclr4
                0x000000000800ada8                __aeabi_memclr8
 .text.__aeabi_memcpy
                0x000000000800adae        0x4 c:/st/stm32cubeide_1.3.0/stm32cubeide/plugins/com.st.stm32cube.ide.mcu.externaltools.gnu-tools-for-stm32.7-2018-q2-update.win32_1.0.0.201904181610/tools/bin/../lib/gcc/arm-none-eabi/7.3.1/../../../../arm-none-eabi/lib/thumb/v7e-m/fpv4-sp/hard\libc_nano.a(lib_a-aeabi_memcpy.o)
                0x000000000800adae                __aeabi_memcpy4
                0x000000000800adae                __aeabi_memcpy8
                0x000000000800adae                __aeabi_memcpy
 *fill*         0x000000000800adb2        0x2 
 .text.__errno  0x000000000800adb4        0xc c:/st/stm32cubeide_1.3.0/stm32cubeide/plugins/com.st.stm32cube.ide.mcu.externaltools.gnu-tools-for-stm32.7-2018-q2-update.win32_1.0.0.201904181610/tools/bin/../lib/gcc/arm-none-eabi/7.3.1/../../../../arm-none-eabi/lib/thumb/v7e-m/fpv4-sp/hard\libc_nano.a(lib_a-errno.o)
                0x000000000800adb4                __errno
 .text.__libc_init_array
                0x000000000800adc0       0x48 c:/st/stm32cubeide_1.3.0/stm32cubeide/plugins/com.st.stm32cube.ide.mcu.externaltools.gnu-tools-for-stm32.7-2018-q2-update.win32_1.0.0.201904181610/tools/bin/../lib/gcc/arm-none-eabi/7.3.1/../../../../arm-none-eabi/lib/thumb/v7e-m/fpv4-sp/hard\libc_nano.a(lib_a-init.o)
                0x000000000800adc0                __libc_init_array
 .text.memcmp   0x000000000800ae08       0x1e c:/st/stm32cubeide_1.3.0/stm32cubeide/plugins/com.st.stm32cube.ide.mcu.externaltools.gnu-tools-for-stm32.7-2018-q2-update.win32_1.0.0.201904181610/tools/bin/../lib/gcc/arm-none-eabi/7.3.1/../../../../arm-none-eabi/lib/thumb/v7e-m/fpv4-sp/hard\libc_nano.a(lib_a-memcmp.o)
                0x000000000800ae08                memcmp
 .text.memcpy   0x000000000800ae26       0x16 c:/st/stm32cubeide_1.3.0/stm32cubeide/plugins/com.st.stm32cube.ide.mcu.externaltools.gnu-tools-for-stm32.7-2018-q2-update.win32_1.0.0.201904181610/tools/bin/../lib/gcc/arm-none-eabi/7.3.1/../../../../arm-none-eabi/lib/thumb/v7e-m/fpv4-sp/hard\libc_nano.a(lib_a-memcpy-stub.o)
                0x000000000800ae26                memcpy
 .text.memset   0x000000000800ae3c       0x10 c:/st/stm32cubeide_1.3.0/stm32cubeide/plugins/com.st.stm32cube.ide.mcu.externaltools.gnu-tools-for-stm32.7-2018-q2-update.win32_1.0.0.201904181610/tools/bin/../lib/gcc/arm-none-eabi/7.3.1/../../../../arm-none-eabi/lib/thumb/v7e-m/fpv4-sp/hard\libc_nano.a(lib_a-memset.o)
                0x000000000800ae3c                memset
 .text.asinhf   0x000000000800ae4c       0xd0 c:/st/stm32cubeide_1.3.0/stm32cubeide/plugins/com.st.stm32cube.ide.mcu.externaltools.gnu-tools-for-stm32.7-2018-q2-update.win32_1.0.0.201904181610/tools/bin/../lib/gcc/arm-none-eabi/7.3.1/../../../../arm-none-eabi/lib/thumb/v7e-m/fpv4-sp/hard\libm.a(lib_a-sf_asinh.o)
                0x000000000800ae4c                asinhf
 .text.atanf    0x000000000800af1c      0x1a8 c:/st/stm32cubeide_1.3.0/stm32cubeide/plugins/com.st.stm32cube.ide.mcu.externaltools.gnu-tools-for-stm32.7-2018-q2-update.win32_1.0.0.201904181610/tools/bin/../lib/gcc/arm-none-eabi/7.3.1/../../../../arm-none-eabi/lib/thumb/v7e-m/fpv4-sp/hard\libm.a(lib_a-sf_atan.o)
                0x000000000800af1c                atanf
 .text.ceilf    0x000000000800b0c4       0x80 c:/st/stm32cubeide_1.3.0/stm32cubeide/plugins/com.st.stm32cube.ide.mcu.externaltools.gnu-tools-for-stm32.7-2018-q2-update.win32_1.0.0.201904181610/tools/bin/../lib/gcc/arm-none-eabi/7.3.1/../../../../arm-none-eabi/lib/thumb/v7e-m/fpv4-sp/hard\libm.a(lib_a-sf_ceil.o)
                0x000000000800b0c4                ceilf
 .text.cosf     0x000000000800b144       0x80 c:/st/stm32cubeide_1.3.0/stm32cubeide/plugins/com.st.stm32cube.ide.mcu.externaltools.gnu-tools-for-stm32.7-2018-q2-update.win32_1.0.0.201904181610/tools/bin/../lib/gcc/arm-none-eabi/7.3.1/../../../../arm-none-eabi/lib/thumb/v7e-m/fpv4-sp/hard\libm.a(lib_a-sf_cos.o)
                0x000000000800b144                cosf
 .text.erff     0x000000000800b1c4      0x3c0 c:/st/stm32cubeide_1.3.0/stm32cubeide/plugins/com.st.stm32cube.ide.mcu.externaltools.gnu-tools-for-stm32.7-2018-q2-update.win32_1.0.0.201904181610/tools/bin/../lib/gcc/arm-none-eabi/7.3.1/../../../../arm-none-eabi/lib/thumb/v7e-m/fpv4-sp/hard\libm.a(lib_a-sf_erf.o)
                0x000000000800b1c4                erff
 .text.fabsf    0x000000000800b584        0xe c:/st/stm32cubeide_1.3.0/stm32cubeide/plugins/com.st.stm32cube.ide.mcu.externaltools.gnu-tools-for-stm32.7-2018-q2-update.win32_1.0.0.201904181610/tools/bin/../lib/gcc/arm-none-eabi/7.3.1/../../../../arm-none-eabi/lib/thumb/v7e-m/fpv4-sp/hard\libm.a(lib_a-sf_fabs.o)
                0x000000000800b584                fabsf
 *fill*         0x000000000800b592        0x2 
 .text.floorf   0x000000000800b594       0x84 c:/st/stm32cubeide_1.3.0/stm32cubeide/plugins/com.st.stm32cube.ide.mcu.externaltools.gnu-tools-for-stm32.7-2018-q2-update.win32_1.0.0.201904181610/tools/bin/../lib/gcc/arm-none-eabi/7.3.1/../../../../arm-none-eabi/lib/thumb/v7e-m/fpv4-sp/hard\libm.a(lib_a-sf_floor.o)
                0x000000000800b594                floorf
 .text.log1pf   0x000000000800b618      0x210 c:/st/stm32cubeide_1.3.0/stm32cubeide/plugins/com.st.stm32cube.ide.mcu.externaltools.gnu-tools-for-stm32.7-2018-q2-update.win32_1.0.0.201904181610/tools/bin/../lib/gcc/arm-none-eabi/7.3.1/../../../../arm-none-eabi/lib/thumb/v7e-m/fpv4-sp/hard\libm.a(lib_a-sf_log1p.o)
                0x000000000800b618                log1pf
 .text.roundf   0x000000000800b828       0x4c c:/st/stm32cubeide_1.3.0/stm32cubeide/plugins/com.st.stm32cube.ide.mcu.externaltools.gnu-tools-for-stm32.7-2018-q2-update.win32_1.0.0.201904181610/tools/bin/../lib/gcc/arm-none-eabi/7.3.1/../../../../arm-none-eabi/lib/thumb/v7e-m/fpv4-sp/hard\libm.a(lib_a-sf_round.o)
                0x000000000800b828                roundf
 .text.sinf     0x000000000800b874       0x84 c:/st/stm32cubeide_1.3.0/stm32cubeide/plugins/com.st.stm32cube.ide.mcu.externaltools.gnu-tools-for-stm32.7-2018-q2-update.win32_1.0.0.201904181610/tools/bin/../lib/gcc/arm-none-eabi/7.3.1/../../../../arm-none-eabi/lib/thumb/v7e-m/fpv4-sp/hard\libm.a(lib_a-sf_sin.o)
                0x000000000800b874                sinf
 .text.tanf     0x000000000800b8f8       0x50 c:/st/stm32cubeide_1.3.0/stm32cubeide/plugins/com.st.stm32cube.ide.mcu.externaltools.gnu-tools-for-stm32.7-2018-q2-update.win32_1.0.0.201904181610/tools/bin/../lib/gcc/arm-none-eabi/7.3.1/../../../../arm-none-eabi/lib/thumb/v7e-m/fpv4-sp/hard\libm.a(lib_a-sf_tan.o)
                0x000000000800b8f8                tanf
 .text.tanhf    0x000000000800b948       0xa4 c:/st/stm32cubeide_1.3.0/stm32cubeide/plugins/com.st.stm32cube.ide.mcu.externaltools.gnu-tools-for-stm32.7-2018-q2-update.win32_1.0.0.201904181610/tools/bin/../lib/gcc/arm-none-eabi/7.3.1/../../../../arm-none-eabi/lib/thumb/v7e-m/fpv4-sp/hard\libm.a(lib_a-sf_tanh.o)
                0x000000000800b948                tanhf
 .text.acosf    0x000000000800b9ec       0xb0 c:/st/stm32cubeide_1.3.0/stm32cubeide/plugins/com.st.stm32cube.ide.mcu.externaltools.gnu-tools-for-stm32.7-2018-q2-update.win32_1.0.0.201904181610/tools/bin/../lib/gcc/arm-none-eabi/7.3.1/../../../../arm-none-eabi/lib/thumb/v7e-m/fpv4-sp/hard\libm.a(lib_a-wf_acos.o)
                0x000000000800b9ec                acosf
 .text.acoshf   0x000000000800ba9c       0xa0 c:/st/stm32cubeide_1.3.0/stm32cubeide/plugins/com.st.stm32cube.ide.mcu.externaltools.gnu-tools-for-stm32.7-2018-q2-update.win32_1.0.0.201904181610/tools/bin/../lib/gcc/arm-none-eabi/7.3.1/../../../../arm-none-eabi/lib/thumb/v7e-m/fpv4-sp/hard\libm.a(lib_a-wf_acosh.o)
                0x000000000800ba9c                acoshf
 .text.asinf    0x000000000800bb3c       0xb0 c:/st/stm32cubeide_1.3.0/stm32cubeide/plugins/com.st.stm32cube.ide.mcu.externaltools.gnu-tools-for-stm32.7-2018-q2-update.win32_1.0.0.201904181610/tools/bin/../lib/gcc/arm-none-eabi/7.3.1/../../../../arm-none-eabi/lib/thumb/v7e-m/fpv4-sp/hard\libm.a(lib_a-wf_asin.o)
                0x000000000800bb3c                asinf
 .text.atanhf   0x000000000800bbec       0xe8 c:/st/stm32cubeide_1.3.0/stm32cubeide/plugins/com.st.stm32cube.ide.mcu.externaltools.gnu-tools-for-stm32.7-2018-q2-update.win32_1.0.0.201904181610/tools/bin/../lib/gcc/arm-none-eabi/7.3.1/../../../../arm-none-eabi/lib/thumb/v7e-m/fpv4-sp/hard\libm.a(lib_a-wf_atanh.o)
                0x000000000800bbec                atanhf
 .text.coshf    0x000000000800bcd4       0xc0 c:/st/stm32cubeide_1.3.0/stm32cubeide/plugins/com.st.stm32cube.ide.mcu.externaltools.gnu-tools-for-stm32.7-2018-q2-update.win32_1.0.0.201904181610/tools/bin/../lib/gcc/arm-none-eabi/7.3.1/../../../../arm-none-eabi/lib/thumb/v7e-m/fpv4-sp/hard\libm.a(lib_a-wf_cosh.o)
                0x000000000800bcd4                coshf
 .text.expf     0x000000000800bd94       0xf4 c:/st/stm32cubeide_1.3.0/stm32cubeide/plugins/com.st.stm32cube.ide.mcu.externaltools.gnu-tools-for-stm32.7-2018-q2-update.win32_1.0.0.201904181610/tools/bin/../lib/gcc/arm-none-eabi/7.3.1/../../../../arm-none-eabi/lib/thumb/v7e-m/fpv4-sp/hard\libm.a(lib_a-wf_exp.o)
                0x000000000800bd94                expf
 .text.fmodf    0x000000000800be88       0xb8 c:/st/stm32cubeide_1.3.0/stm32cubeide/plugins/com.st.stm32cube.ide.mcu.externaltools.gnu-tools-for-stm32.7-2018-q2-update.win32_1.0.0.201904181610/tools/bin/../lib/gcc/arm-none-eabi/7.3.1/../../../../arm-none-eabi/lib/thumb/v7e-m/fpv4-sp/hard\libm.a(lib_a-wf_fmod.o)
                0x000000000800be88                fmodf
 .text.logf     0x000000000800bf40       0xec c:/st/stm32cubeide_1.3.0/stm32cubeide/plugins/com.st.stm32cube.ide.mcu.externaltools.gnu-tools-for-stm32.7-2018-q2-update.win32_1.0.0.201904181610/tools/bin/../lib/gcc/arm-none-eabi/7.3.1/../../../../arm-none-eabi/lib/thumb/v7e-m/fpv4-sp/hard\libm.a(lib_a-wf_log.o)
                0x000000000800bf40                logf
 .text.powf     0x000000000800c02c      0x2c8 c:/st/stm32cubeide_1.3.0/stm32cubeide/plugins/com.st.stm32cube.ide.mcu.externaltools.gnu-tools-for-stm32.7-2018-q2-update.win32_1.0.0.201904181610/tools/bin/../lib/gcc/arm-none-eabi/7.3.1/../../../../arm-none-eabi/lib/thumb/v7e-m/fpv4-sp/hard\libm.a(lib_a-wf_pow.o)
                0x000000000800c02c                powf
 .text.sinhf    0x000000000800c2f4       0xcc c:/st/stm32cubeide_1.3.0/stm32cubeide/plugins/com.st.stm32cube.ide.mcu.externaltools.gnu-tools-for-stm32.7-2018-q2-update.win32_1.0.0.201904181610/tools/bin/../lib/gcc/arm-none-eabi/7.3.1/../../../../arm-none-eabi/lib/thumb/v7e-m/fpv4-sp/hard\libm.a(lib_a-wf_sinh.o)
                0x000000000800c2f4                sinhf
 .text.__ieee754_acosf
                0x000000000800c3c0      0x1f8 c:/st/stm32cubeide_1.3.0/stm32cubeide/plugins/com.st.stm32cube.ide.mcu.externaltools.gnu-tools-for-stm32.7-2018-q2-update.win32_1.0.0.201904181610/tools/bin/../lib/gcc/arm-none-eabi/7.3.1/../../../../arm-none-eabi/lib/thumb/v7e-m/fpv4-sp/hard\libm.a(lib_a-ef_acos.o)
                0x000000000800c3c0                __ieee754_acosf
 .text.__ieee754_acoshf
                0x000000000800c5b8       0xa8 c:/st/stm32cubeide_1.3.0/stm32cubeide/plugins/com.st.stm32cube.ide.mcu.externaltools.gnu-tools-for-stm32.7-2018-q2-update.win32_1.0.0.201904181610/tools/bin/../lib/gcc/arm-none-eabi/7.3.1/../../../../arm-none-eabi/lib/thumb/v7e-m/fpv4-sp/hard\libm.a(lib_a-ef_acosh.o)
                0x000000000800c5b8                __ieee754_acoshf
 .text.__ieee754_asinf
                0x000000000800c660      0x1d0 c:/st/stm32cubeide_1.3.0/stm32cubeide/plugins/com.st.stm32cube.ide.mcu.externaltools.gnu-tools-for-stm32.7-2018-q2-update.win32_1.0.0.201904181610/tools/bin/../lib/gcc/arm-none-eabi/7.3.1/../../../../arm-none-eabi/lib/thumb/v7e-m/fpv4-sp/hard\libm.a(lib_a-ef_asin.o)
                0x000000000800c660                __ieee754_asinf
 .text.__ieee754_atanhf
                0x000000000800c830       0x8c c:/st/stm32cubeide_1.3.0/stm32cubeide/plugins/com.st.stm32cube.ide.mcu.externaltools.gnu-tools-for-stm32.7-2018-q2-update.win32_1.0.0.201904181610/tools/bin/../lib/gcc/arm-none-eabi/7.3.1/../../../../arm-none-eabi/lib/thumb/v7e-m/fpv4-sp/hard\libm.a(lib_a-ef_atanh.o)
                0x000000000800c830                __ieee754_atanhf
 .text.__ieee754_coshf
                0x000000000800c8bc       0xc8 c:/st/stm32cubeide_1.3.0/stm32cubeide/plugins/com.st.stm32cube.ide.mcu.externaltools.gnu-tools-for-stm32.7-2018-q2-update.win32_1.0.0.201904181610/tools/bin/../lib/gcc/arm-none-eabi/7.3.1/../../../../arm-none-eabi/lib/thumb/v7e-m/fpv4-sp/hard\libm.a(lib_a-ef_cosh.o)
                0x000000000800c8bc                __ieee754_coshf
 .text.__ieee754_expf
                0x000000000800c984      0x1a8 c:/st/stm32cubeide_1.3.0/stm32cubeide/plugins/com.st.stm32cube.ide.mcu.externaltools.gnu-tools-for-stm32.7-2018-q2-update.win32_1.0.0.201904181610/tools/bin/../lib/gcc/arm-none-eabi/7.3.1/../../../../arm-none-eabi/lib/thumb/v7e-m/fpv4-sp/hard\libm.a(lib_a-ef_exp.o)
                0x000000000800c984                __ieee754_expf
 .text.__ieee754_fmodf
                0x000000000800cb2c      0x110 c:/st/stm32cubeide_1.3.0/stm32cubeide/plugins/com.st.stm32cube.ide.mcu.externaltools.gnu-tools-for-stm32.7-2018-q2-update.win32_1.0.0.201904181610/tools/bin/../lib/gcc/arm-none-eabi/7.3.1/../../../../arm-none-eabi/lib/thumb/v7e-m/fpv4-sp/hard\libm.a(lib_a-ef_fmod.o)
                0x000000000800cb2c                __ieee754_fmodf
 .text.__ieee754_logf
                0x000000000800cc3c      0x1dc c:/st/stm32cubeide_1.3.0/stm32cubeide/plugins/com.st.stm32cube.ide.mcu.externaltools.gnu-tools-for-stm32.7-2018-q2-update.win32_1.0.0.201904181610/tools/bin/../lib/gcc/arm-none-eabi/7.3.1/../../../../arm-none-eabi/lib/thumb/v7e-m/fpv4-sp/hard\libm.a(lib_a-ef_log.o)
                0x000000000800cc3c                __ieee754_logf
 .text.__ieee754_powf
                0x000000000800ce18      0x580 c:/st/stm32cubeide_1.3.0/stm32cubeide/plugins/com.st.stm32cube.ide.mcu.externaltools.gnu-tools-for-stm32.7-2018-q2-update.win32_1.0.0.201904181610/tools/bin/../lib/gcc/arm-none-eabi/7.3.1/../../../../arm-none-eabi/lib/thumb/v7e-m/fpv4-sp/hard\libm.a(lib_a-ef_pow.o)
                0x000000000800ce18                __ieee754_powf
 .text.__ieee754_rem_pio2f
                0x000000000800d398      0x258 c:/st/stm32cubeide_1.3.0/stm32cubeide/plugins/com.st.stm32cube.ide.mcu.externaltools.gnu-tools-for-stm32.7-2018-q2-update.win32_1.0.0.201904181610/tools/bin/../lib/gcc/arm-none-eabi/7.3.1/../../../../arm-none-eabi/lib/thumb/v7e-m/fpv4-sp/hard\libm.a(lib_a-ef_rem_pio2.o)
                0x000000000800d398                __ieee754_rem_pio2f
 .text.__ieee754_sinhf
                0x000000000800d5f0       0xdc c:/st/stm32cubeide_1.3.0/stm32cubeide/plugins/com.st.stm32cube.ide.mcu.externaltools.gnu-tools-for-stm32.7-2018-q2-update.win32_1.0.0.201904181610/tools/bin/../lib/gcc/arm-none-eabi/7.3.1/../../../../arm-none-eabi/lib/thumb/v7e-m/fpv4-sp/hard\libm.a(lib_a-ef_sinh.o)
                0x000000000800d5f0                __ieee754_sinhf
 .text.__ieee754_sqrtf
                0x000000000800d6cc        0x6 c:/st/stm32cubeide_1.3.0/stm32cubeide/plugins/com.st.stm32cube.ide.mcu.externaltools.gnu-tools-for-stm32.7-2018-q2-update.win32_1.0.0.201904181610/tools/bin/../lib/gcc/arm-none-eabi/7.3.1/../../../../arm-none-eabi/lib/thumb/v7e-m/fpv4-sp/hard\libm.a(lib_a-ef_sqrt.o)
                0x000000000800d6cc                __ieee754_sqrtf
 *fill*         0x000000000800d6d2        0x2 
 .text.__kernel_cosf
                0x000000000800d6d4       0xbc c:/st/stm32cubeide_1.3.0/stm32cubeide/plugins/com.st.stm32cube.ide.mcu.externaltools.gnu-tools-for-stm32.7-2018-q2-update.win32_1.0.0.201904181610/tools/bin/../lib/gcc/arm-none-eabi/7.3.1/../../../../arm-none-eabi/lib/thumb/v7e-m/fpv4-sp/hard\libm.a(lib_a-kf_cos.o)
                0x000000000800d6d4                __kernel_cosf
 .text.__kernel_rem_pio2f
                0x000000000800d790      0x504 c:/st/stm32cubeide_1.3.0/stm32cubeide/plugins/com.st.stm32cube.ide.mcu.externaltools.gnu-tools-for-stm32.7-2018-q2-update.win32_1.0.0.201904181610/tools/bin/../lib/gcc/arm-none-eabi/7.3.1/../../../../arm-none-eabi/lib/thumb/v7e-m/fpv4-sp/hard\libm.a(lib_a-kf_rem_pio2.o)
                0x000000000800d790                __kernel_rem_pio2f
 .text.__kernel_sinf
                0x000000000800dc94       0x90 c:/st/stm32cubeide_1.3.0/stm32cubeide/plugins/com.st.stm32cube.ide.mcu.externaltools.gnu-tools-for-stm32.7-2018-q2-update.win32_1.0.0.201904181610/tools/bin/../lib/gcc/arm-none-eabi/7.3.1/../../../../arm-none-eabi/lib/thumb/v7e-m/fpv4-sp/hard\libm.a(lib_a-kf_sin.o)
                0x000000000800dc94                __kernel_sinf
 .text.__kernel_tanf
                0x000000000800dd24      0x1c8 c:/st/stm32cubeide_1.3.0/stm32cubeide/plugins/com.st.stm32cube.ide.mcu.externaltools.gnu-tools-for-stm32.7-2018-q2-update.win32_1.0.0.201904181610/tools/bin/../lib/gcc/arm-none-eabi/7.3.1/../../../../arm-none-eabi/lib/thumb/v7e-m/fpv4-sp/hard\libm.a(lib_a-kf_tan.o)
                0x000000000800dd24                __kernel_tanf
 .text.matherr  0x000000000800deec        0x4 c:/st/stm32cubeide_1.3.0/stm32cubeide/plugins/com.st.stm32cube.ide.mcu.externaltools.gnu-tools-for-stm32.7-2018-q2-update.win32_1.0.0.201904181610/tools/bin/../lib/gcc/arm-none-eabi/7.3.1/../../../../arm-none-eabi/lib/thumb/v7e-m/fpv4-sp/hard\libm.a(lib_a-s_matherr.o)
                0x000000000800deec                matherr
 .text.nan      0x000000000800def0       0x10 c:/st/stm32cubeide_1.3.0/stm32cubeide/plugins/com.st.stm32cube.ide.mcu.externaltools.gnu-tools-for-stm32.7-2018-q2-update.win32_1.0.0.201904181610/tools/bin/../lib/gcc/arm-none-eabi/7.3.1/../../../../arm-none-eabi/lib/thumb/v7e-m/fpv4-sp/hard\libm.a(lib_a-s_nan.o)
                0x000000000800def0                nan
 .text.expm1f   0x000000000800df00      0x258 c:/st/stm32cubeide_1.3.0/stm32cubeide/plugins/com.st.stm32cube.ide.mcu.externaltools.gnu-tools-for-stm32.7-2018-q2-update.win32_1.0.0.201904181610/tools/bin/../lib/gcc/arm-none-eabi/7.3.1/../../../../arm-none-eabi/lib/thumb/v7e-m/fpv4-sp/hard\libm.a(lib_a-sf_expm1.o)
                0x000000000800df00                expm1f
 .text.finitef  0x000000000800e158       0x14 c:/st/stm32cubeide_1.3.0/stm32cubeide/plugins/com.st.stm32cube.ide.mcu.externaltools.gnu-tools-for-stm32.7-2018-q2-update.win32_1.0.0.201904181610/tools/bin/../lib/gcc/arm-none-eabi/7.3.1/../../../../arm-none-eabi/lib/thumb/v7e-m/fpv4-sp/hard\libm.a(lib_a-sf_finite.o)
                0x000000000800e158                finitef
 .text.nanf     0x000000000800e16c        0xc c:/st/stm32cubeide_1.3.0/stm32cubeide/plugins/com.st.stm32cube.ide.mcu.externaltools.gnu-tools-for-stm32.7-2018-q2-update.win32_1.0.0.201904181610/tools/bin/../lib/gcc/arm-none-eabi/7.3.1/../../../../arm-none-eabi/lib/thumb/v7e-m/fpv4-sp/hard\libm.a(lib_a-sf_nan.o)
                0x000000000800e16c                nanf
 .text.rintf    0x000000000800e178       0xb4 c:/st/stm32cubeide_1.3.0/stm32cubeide/plugins/com.st.stm32cube.ide.mcu.externaltools.gnu-tools-for-stm32.7-2018-q2-update.win32_1.0.0.201904181610/tools/bin/../lib/gcc/arm-none-eabi/7.3.1/../../../../arm-none-eabi/lib/thumb/v7e-m/fpv4-sp/hard\libm.a(lib_a-sf_rint.o)
                0x000000000800e178                rintf
 .text.scalbnf  0x000000000800e22c       0xc0 c:/st/stm32cubeide_1.3.0/stm32cubeide/plugins/com.st.stm32cube.ide.mcu.externaltools.gnu-tools-for-stm32.7-2018-q2-update.win32_1.0.0.201904181610/tools/bin/../lib/gcc/arm-none-eabi/7.3.1/../../../../arm-none-eabi/lib/thumb/v7e-m/fpv4-sp/hard\libm.a(lib_a-sf_scalbn.o)
                0x000000000800e22c                scalbnf
 .text.copysignf
                0x000000000800e2ec       0x18 c:/st/stm32cubeide_1.3.0/stm32cubeide/plugins/com.st.stm32cube.ide.mcu.externaltools.gnu-tools-for-stm32.7-2018-q2-update.win32_1.0.0.201904181610/tools/bin/../lib/gcc/arm-none-eabi/7.3.1/../../../../arm-none-eabi/lib/thumb/v7e-m/fpv4-sp/hard\libm.a(lib_a-sf_copysign.o)
                0x000000000800e2ec                copysignf
 *(.glue_7)
 .glue_7        0x000000000800e304        0x0 linker stubs
 *(.glue_7t)
 .glue_7t       0x000000000800e304        0x0 linker stubs
 *(.eh_frame)
 .eh_frame      0x000000000800e304        0x0 c:/st/stm32cubeide_1.3.0/stm32cubeide/plugins/com.st.stm32cube.ide.mcu.externaltools.gnu-tools-for-stm32.7-2018-q2-update.win32_1.0.0.201904181610/tools/bin/../lib/gcc/arm-none-eabi/7.3.1/thumb/v7e-m/fpv4-sp/hard/crtbegin.o
 *(.init)
 .init          0x000000000800e304        0x4 c:/st/stm32cubeide_1.3.0/stm32cubeide/plugins/com.st.stm32cube.ide.mcu.externaltools.gnu-tools-for-stm32.7-2018-q2-update.win32_1.0.0.201904181610/tools/bin/../lib/gcc/arm-none-eabi/7.3.1/thumb/v7e-m/fpv4-sp/hard/crti.o
                0x000000000800e304                _init
 .init          0x000000000800e308        0x8 c:/st/stm32cubeide_1.3.0/stm32cubeide/plugins/com.st.stm32cube.ide.mcu.externaltools.gnu-tools-for-stm32.7-2018-q2-update.win32_1.0.0.201904181610/tools/bin/../lib/gcc/arm-none-eabi/7.3.1/thumb/v7e-m/fpv4-sp/hard/crtn.o
 *(.fini)
 .fini          0x000000000800e310        0x4 c:/st/stm32cubeide_1.3.0/stm32cubeide/plugins/com.st.stm32cube.ide.mcu.externaltools.gnu-tools-for-stm32.7-2018-q2-update.win32_1.0.0.201904181610/tools/bin/../lib/gcc/arm-none-eabi/7.3.1/thumb/v7e-m/fpv4-sp/hard/crti.o
                0x000000000800e310                _fini
 .fini          0x000000000800e314        0x8 c:/st/stm32cubeide_1.3.0/stm32cubeide/plugins/com.st.stm32cube.ide.mcu.externaltools.gnu-tools-for-stm32.7-2018-q2-update.win32_1.0.0.201904181610/tools/bin/../lib/gcc/arm-none-eabi/7.3.1/thumb/v7e-m/fpv4-sp/hard/crtn.o
                0x000000000800e31c                . = ALIGN (0x4)
                0x000000000800e31c                _etext = .

.vfp11_veneer   0x000000000800e31c        0x0
 .vfp11_veneer  0x000000000800e31c        0x0 linker stubs

.v4_bx          0x000000000800e31c        0x0
 .v4_bx         0x000000000800e31c        0x0 linker stubs

.iplt           0x000000000800e31c        0x0
 .iplt          0x000000000800e31c        0x0 c:/st/stm32cubeide_1.3.0/stm32cubeide/plugins/com.st.stm32cube.ide.mcu.externaltools.gnu-tools-for-stm32.7-2018-q2-update.win32_1.0.0.201904181610/tools/bin/../lib/gcc/arm-none-eabi/7.3.1/thumb/v7e-m/fpv4-sp/hard/crtbegin.o

.rodata         0x000000000800e31c    0x65574
                0x000000000800e31c                . = ALIGN (0x4)
 *(.rodata)
 .rodata        0x000000000800e31c       0x70 ../Middlewares/ST/AI/Lib\NetworkRuntime500_CM4_GCC.a(ai_datatypes_format.o)
 .rodata        0x000000000800e38c       0x30 ../Middlewares/ST/AI/Lib\NetworkRuntime500_CM4_GCC.a(ai_datatypes_format.o)
 *(.rodata*)
 .rodata.AHBPrescTable
                0x000000000800e3bc       0x10 Core/Src/system_stm32l4xx.o
                0x000000000800e3bc                AHBPrescTable
 .rodata.APBPrescTable
                0x000000000800e3cc        0x8 Core/Src/system_stm32l4xx.o
                0x000000000800e3cc                APBPrescTable
 .rodata.MSIRangeTable
                0x000000000800e3d4       0x30 Core/Src/system_stm32l4xx.o
                0x000000000800e3d4                MSIRangeTable
 .rodata.conv2d_4_chain
                0x000000000800e404        0x8 X-CUBE-AI/App/keras_n_bn.o
 .rodata.batch_normalization_1_chain
                0x000000000800e40c        0x8 X-CUBE-AI/App/keras_n_bn.o
 .rodata.conv2d_5_chain
                0x000000000800e414        0x8 X-CUBE-AI/App/keras_n_bn.o
 .rodata.batch_normalization_2_chain
                0x000000000800e41c        0x8 X-CUBE-AI/App/keras_n_bn.o
 .rodata.conv2d_6_chain
                0x000000000800e424        0x8 X-CUBE-AI/App/keras_n_bn.o
 .rodata.batch_normalization_3_chain
                0x000000000800e42c        0x8 X-CUBE-AI/App/keras_n_bn.o
 .rodata.dense_3_chain
                0x000000000800e434        0x8 X-CUBE-AI/App/keras_n_bn.o
 .rodata.activation_9_chain
                0x000000000800e43c        0x8 X-CUBE-AI/App/keras_n_bn.o
 .rodata.dense_4_chain
                0x000000000800e444        0x8 X-CUBE-AI/App/keras_n_bn.o
 .rodata.activation_10_chain
                0x000000000800e44c        0x8 X-CUBE-AI/App/keras_n_bn.o
 .rodata.s_keras_n_bn_weights.5635
                0x000000000800e454    0x64fd4 X-CUBE-AI/App/keras_n_bn_data.o
 .rodata.atanhi
                0x0000000008073428       0x10 c:/st/stm32cubeide_1.3.0/stm32cubeide/plugins/com.st.stm32cube.ide.mcu.externaltools.gnu-tools-for-stm32.7-2018-q2-update.win32_1.0.0.201904181610/tools/bin/../lib/gcc/arm-none-eabi/7.3.1/../../../../arm-none-eabi/lib/thumb/v7e-m/fpv4-sp/hard\libm.a(lib_a-sf_atan.o)
 .rodata.atanlo
                0x0000000008073438       0x10 c:/st/stm32cubeide_1.3.0/stm32cubeide/plugins/com.st.stm32cube.ide.mcu.externaltools.gnu-tools-for-stm32.7-2018-q2-update.win32_1.0.0.201904181610/tools/bin/../lib/gcc/arm-none-eabi/7.3.1/../../../../arm-none-eabi/lib/thumb/v7e-m/fpv4-sp/hard\libm.a(lib_a-sf_atan.o)
 .rodata.acosf.str1.1
                0x0000000008073448        0x6 c:/st/stm32cubeide_1.3.0/stm32cubeide/plugins/com.st.stm32cube.ide.mcu.externaltools.gnu-tools-for-stm32.7-2018-q2-update.win32_1.0.0.201904181610/tools/bin/../lib/gcc/arm-none-eabi/7.3.1/../../../../arm-none-eabi/lib/thumb/v7e-m/fpv4-sp/hard\libm.a(lib_a-wf_acos.o)
                                          0x7 (size before relaxing)
 .rodata.acoshf.str1.1
                0x000000000807344e        0x7 c:/st/stm32cubeide_1.3.0/stm32cubeide/plugins/com.st.stm32cube.ide.mcu.externaltools.gnu-tools-for-stm32.7-2018-q2-update.win32_1.0.0.201904181610/tools/bin/../lib/gcc/arm-none-eabi/7.3.1/../../../../arm-none-eabi/lib/thumb/v7e-m/fpv4-sp/hard\libm.a(lib_a-wf_acosh.o)
 .rodata.asinf.str1.1
                0x0000000008073455        0x6 c:/st/stm32cubeide_1.3.0/stm32cubeide/plugins/com.st.stm32cube.ide.mcu.externaltools.gnu-tools-for-stm32.7-2018-q2-update.win32_1.0.0.201904181610/tools/bin/../lib/gcc/arm-none-eabi/7.3.1/../../../../arm-none-eabi/lib/thumb/v7e-m/fpv4-sp/hard\libm.a(lib_a-wf_asin.o)
                                          0x7 (size before relaxing)
 .rodata.atanhf.str1.1
                0x000000000807345b        0x7 c:/st/stm32cubeide_1.3.0/stm32cubeide/plugins/com.st.stm32cube.ide.mcu.externaltools.gnu-tools-for-stm32.7-2018-q2-update.win32_1.0.0.201904181610/tools/bin/../lib/gcc/arm-none-eabi/7.3.1/../../../../arm-none-eabi/lib/thumb/v7e-m/fpv4-sp/hard\libm.a(lib_a-wf_atanh.o)
 .rodata.coshf.str1.1
                0x0000000008073462        0x7 c:/st/stm32cubeide_1.3.0/stm32cubeide/plugins/com.st.stm32cube.ide.mcu.externaltools.gnu-tools-for-stm32.7-2018-q2-update.win32_1.0.0.201904181610/tools/bin/../lib/gcc/arm-none-eabi/7.3.1/../../../../arm-none-eabi/lib/thumb/v7e-m/fpv4-sp/hard\libm.a(lib_a-wf_cosh.o)
                                          0x6 (size before relaxing)
 .rodata.expf.str1.1
                0x0000000008073462        0x5 c:/st/stm32cubeide_1.3.0/stm32cubeide/plugins/com.st.stm32cube.ide.mcu.externaltools.gnu-tools-for-stm32.7-2018-q2-update.win32_1.0.0.201904181610/tools/bin/../lib/gcc/arm-none-eabi/7.3.1/../../../../arm-none-eabi/lib/thumb/v7e-m/fpv4-sp/hard\libm.a(lib_a-wf_exp.o)
 .rodata.fmodf.str1.1
                0x0000000008073467        0x6 c:/st/stm32cubeide_1.3.0/stm32cubeide/plugins/com.st.stm32cube.ide.mcu.externaltools.gnu-tools-for-stm32.7-2018-q2-update.win32_1.0.0.201904181610/tools/bin/../lib/gcc/arm-none-eabi/7.3.1/../../../../arm-none-eabi/lib/thumb/v7e-m/fpv4-sp/hard\libm.a(lib_a-wf_fmod.o)
 .rodata.logf.str1.1
                0x000000000807346d        0x5 c:/st/stm32cubeide_1.3.0/stm32cubeide/plugins/com.st.stm32cube.ide.mcu.externaltools.gnu-tools-for-stm32.7-2018-q2-update.win32_1.0.0.201904181610/tools/bin/../lib/gcc/arm-none-eabi/7.3.1/../../../../arm-none-eabi/lib/thumb/v7e-m/fpv4-sp/hard\libm.a(lib_a-wf_log.o)
                                          0x6 (size before relaxing)
 .rodata.powf.str1.1
                0x0000000008073472        0x5 c:/st/stm32cubeide_1.3.0/stm32cubeide/plugins/com.st.stm32cube.ide.mcu.externaltools.gnu-tools-for-stm32.7-2018-q2-update.win32_1.0.0.201904181610/tools/bin/../lib/gcc/arm-none-eabi/7.3.1/../../../../arm-none-eabi/lib/thumb/v7e-m/fpv4-sp/hard\libm.a(lib_a-wf_pow.o)
 .rodata.sinhf.str1.1
                0x0000000008073477        0x6 c:/st/stm32cubeide_1.3.0/stm32cubeide/plugins/com.st.stm32cube.ide.mcu.externaltools.gnu-tools-for-stm32.7-2018-q2-update.win32_1.0.0.201904181610/tools/bin/../lib/gcc/arm-none-eabi/7.3.1/../../../../arm-none-eabi/lib/thumb/v7e-m/fpv4-sp/hard\libm.a(lib_a-wf_sinh.o)
 *fill*         0x000000000807347d        0x3 
 .rodata.halF   0x0000000008073480        0x8 c:/st/stm32cubeide_1.3.0/stm32cubeide/plugins/com.st.stm32cube.ide.mcu.externaltools.gnu-tools-for-stm32.7-2018-q2-update.win32_1.0.0.201904181610/tools/bin/../lib/gcc/arm-none-eabi/7.3.1/../../../../arm-none-eabi/lib/thumb/v7e-m/fpv4-sp/hard\libm.a(lib_a-ef_exp.o)
 .rodata.ln2HI  0x0000000008073488        0x8 c:/st/stm32cubeide_1.3.0/stm32cubeide/plugins/com.st.stm32cube.ide.mcu.externaltools.gnu-tools-for-stm32.7-2018-q2-update.win32_1.0.0.201904181610/tools/bin/../lib/gcc/arm-none-eabi/7.3.1/../../../../arm-none-eabi/lib/thumb/v7e-m/fpv4-sp/hard\libm.a(lib_a-ef_exp.o)
 .rodata.ln2LO  0x0000000008073490        0x8 c:/st/stm32cubeide_1.3.0/stm32cubeide/plugins/com.st.stm32cube.ide.mcu.externaltools.gnu-tools-for-stm32.7-2018-q2-update.win32_1.0.0.201904181610/tools/bin/../lib/gcc/arm-none-eabi/7.3.1/../../../../arm-none-eabi/lib/thumb/v7e-m/fpv4-sp/hard\libm.a(lib_a-ef_exp.o)
 .rodata.Zero   0x0000000008073498        0x8 c:/st/stm32cubeide_1.3.0/stm32cubeide/plugins/com.st.stm32cube.ide.mcu.externaltools.gnu-tools-for-stm32.7-2018-q2-update.win32_1.0.0.201904181610/tools/bin/../lib/gcc/arm-none-eabi/7.3.1/../../../../arm-none-eabi/lib/thumb/v7e-m/fpv4-sp/hard\libm.a(lib_a-ef_fmod.o)
 .rodata.__ieee754_powf.str1.1
                0x00000000080734a0        0x1 c:/st/stm32cubeide_1.3.0/stm32cubeide/plugins/com.st.stm32cube.ide.mcu.externaltools.gnu-tools-for-stm32.7-2018-q2-update.win32_1.0.0.201904181610/tools/bin/../lib/gcc/arm-none-eabi/7.3.1/../../../../arm-none-eabi/lib/thumb/v7e-m/fpv4-sp/hard\libm.a(lib_a-ef_pow.o)
 .rodata.bp     0x00000000080734a0        0x8 c:/st/stm32cubeide_1.3.0/stm32cubeide/plugins/com.st.stm32cube.ide.mcu.externaltools.gnu-tools-for-stm32.7-2018-q2-update.win32_1.0.0.201904181610/tools/bin/../lib/gcc/arm-none-eabi/7.3.1/../../../../arm-none-eabi/lib/thumb/v7e-m/fpv4-sp/hard\libm.a(lib_a-ef_pow.o)
 .rodata.dp_h   0x00000000080734a8        0x8 c:/st/stm32cubeide_1.3.0/stm32cubeide/plugins/com.st.stm32cube.ide.mcu.externaltools.gnu-tools-for-stm32.7-2018-q2-update.win32_1.0.0.201904181610/tools/bin/../lib/gcc/arm-none-eabi/7.3.1/../../../../arm-none-eabi/lib/thumb/v7e-m/fpv4-sp/hard\libm.a(lib_a-ef_pow.o)
 .rodata.dp_l   0x00000000080734b0        0x8 c:/st/stm32cubeide_1.3.0/stm32cubeide/plugins/com.st.stm32cube.ide.mcu.externaltools.gnu-tools-for-stm32.7-2018-q2-update.win32_1.0.0.201904181610/tools/bin/../lib/gcc/arm-none-eabi/7.3.1/../../../../arm-none-eabi/lib/thumb/v7e-m/fpv4-sp/hard\libm.a(lib_a-ef_pow.o)
 .rodata.npio2_hw
                0x00000000080734b8       0x80 c:/st/stm32cubeide_1.3.0/stm32cubeide/plugins/com.st.stm32cube.ide.mcu.externaltools.gnu-tools-for-stm32.7-2018-q2-update.win32_1.0.0.201904181610/tools/bin/../lib/gcc/arm-none-eabi/7.3.1/../../../../arm-none-eabi/lib/thumb/v7e-m/fpv4-sp/hard\libm.a(lib_a-ef_rem_pio2.o)
 .rodata.two_over_pi
                0x0000000008073538      0x318 c:/st/stm32cubeide_1.3.0/stm32cubeide/plugins/com.st.stm32cube.ide.mcu.externaltools.gnu-tools-for-stm32.7-2018-q2-update.win32_1.0.0.201904181610/tools/bin/../lib/gcc/arm-none-eabi/7.3.1/../../../../arm-none-eabi/lib/thumb/v7e-m/fpv4-sp/hard\libm.a(lib_a-ef_rem_pio2.o)
 .rodata.PIo2   0x0000000008073850       0x2c c:/st/stm32cubeide_1.3.0/stm32cubeide/plugins/com.st.stm32cube.ide.mcu.externaltools.gnu-tools-for-stm32.7-2018-q2-update.win32_1.0.0.201904181610/tools/bin/../lib/gcc/arm-none-eabi/7.3.1/../../../../arm-none-eabi/lib/thumb/v7e-m/fpv4-sp/hard\libm.a(lib_a-kf_rem_pio2.o)
 .rodata.init_jk
                0x000000000807387c        0xc c:/st/stm32cubeide_1.3.0/stm32cubeide/plugins/com.st.stm32cube.ide.mcu.externaltools.gnu-tools-for-stm32.7-2018-q2-update.win32_1.0.0.201904181610/tools/bin/../lib/gcc/arm-none-eabi/7.3.1/../../../../arm-none-eabi/lib/thumb/v7e-m/fpv4-sp/hard\libm.a(lib_a-kf_rem_pio2.o)
 .rodata.TWO23  0x0000000008073888        0x8 c:/st/stm32cubeide_1.3.0/stm32cubeide/plugins/com.st.stm32cube.ide.mcu.externaltools.gnu-tools-for-stm32.7-2018-q2-update.win32_1.0.0.201904181610/tools/bin/../lib/gcc/arm-none-eabi/7.3.1/../../../../arm-none-eabi/lib/thumb/v7e-m/fpv4-sp/hard\libm.a(lib_a-sf_rint.o)
                0x0000000008073890                . = ALIGN (0x4)

.ARM.extab      0x0000000008073890        0x0
                0x0000000008073890                . = ALIGN (0x4)
 *(.ARM.extab* .gnu.linkonce.armextab.*)
                0x0000000008073890                . = ALIGN (0x4)

.ARM            0x0000000008073890        0x8
                0x0000000008073890                . = ALIGN (0x4)
                0x0000000008073890                __exidx_start = .
 *(.ARM.exidx*)
 .ARM.exidx     0x0000000008073890        0x8 c:/st/stm32cubeide_1.3.0/stm32cubeide/plugins/com.st.stm32cube.ide.mcu.externaltools.gnu-tools-for-stm32.7-2018-q2-update.win32_1.0.0.201904181610/tools/bin/../lib/gcc/arm-none-eabi/7.3.1/thumb/v7e-m/fpv4-sp/hard\libgcc.a(_udivmoddi4.o)
                0x0000000008073898                __exidx_end = .
                0x0000000008073898                . = ALIGN (0x4)

.rel.dyn        0x0000000008073898        0x0
 .rel.iplt      0x0000000008073898        0x0 c:/st/stm32cubeide_1.3.0/stm32cubeide/plugins/com.st.stm32cube.ide.mcu.externaltools.gnu-tools-for-stm32.7-2018-q2-update.win32_1.0.0.201904181610/tools/bin/../lib/gcc/arm-none-eabi/7.3.1/thumb/v7e-m/fpv4-sp/hard/crtbegin.o

.preinit_array  0x0000000008073898        0x0
                0x0000000008073898                . = ALIGN (0x4)
                0x0000000008073898                PROVIDE (__preinit_array_start = .)
 *(.preinit_array*)
                0x0000000008073898                PROVIDE (__preinit_array_end = .)
                0x0000000008073898                . = ALIGN (0x4)

.init_array     0x0000000008073898        0x4
                0x0000000008073898                . = ALIGN (0x4)
                0x0000000008073898                PROVIDE (__init_array_start = .)
 *(SORT_BY_NAME(.init_array.*))
 *(.init_array*)
 .init_array    0x0000000008073898        0x4 c:/st/stm32cubeide_1.3.0/stm32cubeide/plugins/com.st.stm32cube.ide.mcu.externaltools.gnu-tools-for-stm32.7-2018-q2-update.win32_1.0.0.201904181610/tools/bin/../lib/gcc/arm-none-eabi/7.3.1/thumb/v7e-m/fpv4-sp/hard/crtbegin.o
                0x000000000807389c                PROVIDE (__init_array_end = .)
                0x000000000807389c                . = ALIGN (0x4)

.fini_array     0x000000000807389c        0x4
                0x000000000807389c                . = ALIGN (0x4)
                [!provide]                        PROVIDE (__fini_array_start = .)
 *(SORT_BY_NAME(.fini_array.*))
 *(.fini_array*)
 .fini_array    0x000000000807389c        0x4 c:/st/stm32cubeide_1.3.0/stm32cubeide/plugins/com.st.stm32cube.ide.mcu.externaltools.gnu-tools-for-stm32.7-2018-q2-update.win32_1.0.0.201904181610/tools/bin/../lib/gcc/arm-none-eabi/7.3.1/thumb/v7e-m/fpv4-sp/hard/crtbegin.o
                [!provide]                        PROVIDE (__fini_array_end = .)
                0x00000000080738a0                . = ALIGN (0x4)
                0x00000000080738a0                _sidata = LOADADDR (.data)

.data           0x0000000020000000      0xe5c load address 0x00000000080738a0
                0x0000000020000000                . = ALIGN (0x4)
                0x0000000020000000                _sdata = .
 *(.data)
 *(.data*)
 .data.SystemCoreClock
                0x0000000020000000        0x4 Core/Src/system_stm32l4xx.o
                0x0000000020000000                SystemCoreClock
 .data.uwTickPrio
                0x0000000020000004        0x4 Drivers/STM32L4xx_HAL_Driver/Src/stm32l4xx_hal.o
                0x0000000020000004                uwTickPrio
 .data.uwTickFreq
                0x0000000020000008        0x4 Drivers/STM32L4xx_HAL_Driver/Src/stm32l4xx_hal.o
                0x0000000020000008                uwTickFreq
 .data.ai_input
                0x000000002000000c       0x18 X-CUBE-AI/App/app_x-cube-ai.o
 .data.ai_output
                0x0000000020000024       0x18 X-CUBE-AI/App/app_x-cube-ai.o
 .data.g_keras_n_bn
                0x000000002000003c       0x58 X-CUBE-AI/App/keras_n_bn.o
 .data.conv2d_6_scratch0_array
                0x0000000020000094       0x10 X-CUBE-AI/App/keras_n_bn.o
 .data.conv2d_5_scratch0_array
                0x00000000200000a4       0x10 X-CUBE-AI/App/keras_n_bn.o
 .data.conv2d_4_scratch0_array
                0x00000000200000b4       0x10 X-CUBE-AI/App/keras_n_bn.o
 .data.dense_4_bias_array
                0x00000000200000c4       0x10 X-CUBE-AI/App/keras_n_bn.o
 .data.dense_4_weights_array
                0x00000000200000d4       0x10 X-CUBE-AI/App/keras_n_bn.o
 .data.dense_3_bias_array
                0x00000000200000e4       0x10 X-CUBE-AI/App/keras_n_bn.o
 .data.dense_3_weights_array
                0x00000000200000f4       0x10 X-CUBE-AI/App/keras_n_bn.o
 .data.batch_normalization_3_bias_array
                0x0000000020000104       0x10 X-CUBE-AI/App/keras_n_bn.o
 .data.batch_normalization_3_scale_array
                0x0000000020000114       0x10 X-CUBE-AI/App/keras_n_bn.o
 .data.conv2d_6_bias_array
                0x0000000020000124       0x10 X-CUBE-AI/App/keras_n_bn.o
 .data.conv2d_6_weights_array
                0x0000000020000134       0x10 X-CUBE-AI/App/keras_n_bn.o
 .data.batch_normalization_2_bias_array
                0x0000000020000144       0x10 X-CUBE-AI/App/keras_n_bn.o
 .data.batch_normalization_2_scale_array
                0x0000000020000154       0x10 X-CUBE-AI/App/keras_n_bn.o
 .data.conv2d_5_bias_array
                0x0000000020000164       0x10 X-CUBE-AI/App/keras_n_bn.o
 .data.conv2d_5_weights_array
                0x0000000020000174       0x10 X-CUBE-AI/App/keras_n_bn.o
 .data.batch_normalization_1_bias_array
                0x0000000020000184       0x10 X-CUBE-AI/App/keras_n_bn.o
 .data.batch_normalization_1_scale_array
                0x0000000020000194       0x10 X-CUBE-AI/App/keras_n_bn.o
 .data.conv2d_4_bias_array
                0x00000000200001a4       0x10 X-CUBE-AI/App/keras_n_bn.o
 .data.conv2d_4_weights_array
                0x00000000200001b4       0x10 X-CUBE-AI/App/keras_n_bn.o
 .data.input_0_output_array
                0x00000000200001c4       0x10 X-CUBE-AI/App/keras_n_bn.o
 .data.conv2d_4_output_array
                0x00000000200001d4       0x10 X-CUBE-AI/App/keras_n_bn.o
 .data.batch_normalization_1_output_array
                0x00000000200001e4       0x10 X-CUBE-AI/App/keras_n_bn.o
 .data.conv2d_5_output_array
                0x00000000200001f4       0x10 X-CUBE-AI/App/keras_n_bn.o
 .data.batch_normalization_2_output_array
                0x0000000020000204       0x10 X-CUBE-AI/App/keras_n_bn.o
 .data.conv2d_6_output_array
                0x0000000020000214       0x10 X-CUBE-AI/App/keras_n_bn.o
 .data.batch_normalization_3_output_array
                0x0000000020000224       0x10 X-CUBE-AI/App/keras_n_bn.o
 .data.dense_3_output_array
                0x0000000020000234       0x10 X-CUBE-AI/App/keras_n_bn.o
 .data.activation_9_output_array
                0x0000000020000244       0x10 X-CUBE-AI/App/keras_n_bn.o
 .data.dense_4_output_array
                0x0000000020000254       0x10 X-CUBE-AI/App/keras_n_bn.o
 .data.activation_10_output_array
                0x0000000020000264       0x10 X-CUBE-AI/App/keras_n_bn.o
 .data.conv2d_6_scratch0
                0x0000000020000274       0x1c X-CUBE-AI/App/keras_n_bn.o
 .data.conv2d_5_scratch0
                0x0000000020000290       0x1c X-CUBE-AI/App/keras_n_bn.o
 .data.conv2d_4_scratch0
                0x00000000200002ac       0x1c X-CUBE-AI/App/keras_n_bn.o
 .data.dense_4_bias
                0x00000000200002c8       0x1c X-CUBE-AI/App/keras_n_bn.o
 .data.dense_4_weights
                0x00000000200002e4       0x1c X-CUBE-AI/App/keras_n_bn.o
 .data.dense_3_bias
                0x0000000020000300       0x1c X-CUBE-AI/App/keras_n_bn.o
 .data.dense_3_weights
                0x000000002000031c       0x1c X-CUBE-AI/App/keras_n_bn.o
 .data.batch_normalization_3_bias
                0x0000000020000338       0x1c X-CUBE-AI/App/keras_n_bn.o
 .data.batch_normalization_3_scale
                0x0000000020000354       0x1c X-CUBE-AI/App/keras_n_bn.o
 .data.conv2d_6_bias
                0x0000000020000370       0x1c X-CUBE-AI/App/keras_n_bn.o
 .data.conv2d_6_weights
                0x000000002000038c       0x1c X-CUBE-AI/App/keras_n_bn.o
 .data.batch_normalization_2_bias
                0x00000000200003a8       0x1c X-CUBE-AI/App/keras_n_bn.o
 .data.batch_normalization_2_scale
                0x00000000200003c4       0x1c X-CUBE-AI/App/keras_n_bn.o
 .data.conv2d_5_bias
                0x00000000200003e0       0x1c X-CUBE-AI/App/keras_n_bn.o
 .data.conv2d_5_weights
                0x00000000200003fc       0x1c X-CUBE-AI/App/keras_n_bn.o
 .data.batch_normalization_1_bias
                0x0000000020000418       0x1c X-CUBE-AI/App/keras_n_bn.o
 .data.batch_normalization_1_scale
                0x0000000020000434       0x1c X-CUBE-AI/App/keras_n_bn.o
 .data.conv2d_4_bias
                0x0000000020000450       0x1c X-CUBE-AI/App/keras_n_bn.o
 .data.conv2d_4_weights
                0x000000002000046c       0x1c X-CUBE-AI/App/keras_n_bn.o
 .data.input_0_output
                0x0000000020000488       0x1c X-CUBE-AI/App/keras_n_bn.o
 .data.conv2d_4_output
                0x00000000200004a4       0x1c X-CUBE-AI/App/keras_n_bn.o
 .data.batch_normalization_1_output
                0x00000000200004c0       0x1c X-CUBE-AI/App/keras_n_bn.o
 .data.conv2d_5_output
                0x00000000200004dc       0x1c X-CUBE-AI/App/keras_n_bn.o
 .data.batch_normalization_2_output
                0x00000000200004f8       0x1c X-CUBE-AI/App/keras_n_bn.o
 .data.conv2d_6_output
                0x0000000020000514       0x1c X-CUBE-AI/App/keras_n_bn.o
 .data.batch_normalization_3_output
                0x0000000020000530       0x1c X-CUBE-AI/App/keras_n_bn.o
 .data.dense_3_output
                0x000000002000054c       0x1c X-CUBE-AI/App/keras_n_bn.o
 .data.activation_9_output
                0x0000000020000568       0x1c X-CUBE-AI/App/keras_n_bn.o
 .data.dense_4_output
                0x0000000020000584       0x1c X-CUBE-AI/App/keras_n_bn.o
 .data.activation_10_output
                0x00000000200005a0       0x1c X-CUBE-AI/App/keras_n_bn.o
 .data.conv2d_4_layer
                0x00000000200005bc       0x58 X-CUBE-AI/App/keras_n_bn.o
 .data.batch_normalization_1_layer
                0x0000000020000614       0x18 X-CUBE-AI/App/keras_n_bn.o
 .data.conv2d_5_layer
                0x000000002000062c       0x58 X-CUBE-AI/App/keras_n_bn.o
 .data.batch_normalization_2_layer
                0x0000000020000684       0x18 X-CUBE-AI/App/keras_n_bn.o
 .data.conv2d_6_layer
                0x000000002000069c       0x58 X-CUBE-AI/App/keras_n_bn.o
 .data.batch_normalization_3_layer
                0x00000000200006f4       0x18 X-CUBE-AI/App/keras_n_bn.o
 .data.dense_3_layer
                0x000000002000070c       0x18 X-CUBE-AI/App/keras_n_bn.o
 .data.activation_9_layer
                0x0000000020000724       0x1c X-CUBE-AI/App/keras_n_bn.o
 .data.dense_4_layer
                0x0000000020000740       0x18 X-CUBE-AI/App/keras_n_bn.o
 .data.activation_10_layer
                0x0000000020000758       0x1c X-CUBE-AI/App/keras_n_bn.o
 .data.__compound_literal.0
                0x0000000020000774       0x10 X-CUBE-AI/App/keras_n_bn.o
 .data.__compound_literal.1
                0x0000000020000784       0x10 X-CUBE-AI/App/keras_n_bn.o
 .data.__compound_literal.2
                0x0000000020000794       0x10 X-CUBE-AI/App/keras_n_bn.o
 .data.__compound_literal.3
                0x00000000200007a4       0x10 X-CUBE-AI/App/keras_n_bn.o
 .data.__compound_literal.4
                0x00000000200007b4       0x10 X-CUBE-AI/App/keras_n_bn.o
 .data.__compound_literal.5
                0x00000000200007c4       0x10 X-CUBE-AI/App/keras_n_bn.o
 .data.__compound_literal.6
                0x00000000200007d4       0x10 X-CUBE-AI/App/keras_n_bn.o
 .data.__compound_literal.7
                0x00000000200007e4       0x10 X-CUBE-AI/App/keras_n_bn.o
 .data.__compound_literal.8
                0x00000000200007f4       0x10 X-CUBE-AI/App/keras_n_bn.o
 .data.__compound_literal.9
                0x0000000020000804       0x10 X-CUBE-AI/App/keras_n_bn.o
 .data.__compound_literal.10
                0x0000000020000814       0x10 X-CUBE-AI/App/keras_n_bn.o
 .data.__compound_literal.11
                0x0000000020000824       0x10 X-CUBE-AI/App/keras_n_bn.o
 .data.__compound_literal.12
                0x0000000020000834       0x10 X-CUBE-AI/App/keras_n_bn.o
 .data.__compound_literal.13
                0x0000000020000844       0x10 X-CUBE-AI/App/keras_n_bn.o
 .data.__compound_literal.14
                0x0000000020000854       0x10 X-CUBE-AI/App/keras_n_bn.o
 .data.__compound_literal.15
                0x0000000020000864       0x10 X-CUBE-AI/App/keras_n_bn.o
 .data.__compound_literal.16
                0x0000000020000874       0x10 X-CUBE-AI/App/keras_n_bn.o
 .data.__compound_literal.17
                0x0000000020000884       0x10 X-CUBE-AI/App/keras_n_bn.o
 .data.__compound_literal.18
                0x0000000020000894       0x10 X-CUBE-AI/App/keras_n_bn.o
 .data.__compound_literal.19
                0x00000000200008a4       0x10 X-CUBE-AI/App/keras_n_bn.o
 .data.__compound_literal.20
                0x00000000200008b4       0x10 X-CUBE-AI/App/keras_n_bn.o
 .data.__compound_literal.21
                0x00000000200008c4       0x10 X-CUBE-AI/App/keras_n_bn.o
 .data.__compound_literal.22
                0x00000000200008d4       0x10 X-CUBE-AI/App/keras_n_bn.o
 .data.__compound_literal.23
                0x00000000200008e4       0x10 X-CUBE-AI/App/keras_n_bn.o
 .data.__compound_literal.24
                0x00000000200008f4       0x10 X-CUBE-AI/App/keras_n_bn.o
 .data.__compound_literal.25
                0x0000000020000904       0x10 X-CUBE-AI/App/keras_n_bn.o
 .data.__compound_literal.26
                0x0000000020000914       0x10 X-CUBE-AI/App/keras_n_bn.o
 .data.__compound_literal.27
                0x0000000020000924       0x10 X-CUBE-AI/App/keras_n_bn.o
 .data.__compound_literal.28
                0x0000000020000934       0x10 X-CUBE-AI/App/keras_n_bn.o
 .data.__compound_literal.29
                0x0000000020000944       0x10 X-CUBE-AI/App/keras_n_bn.o
 .data.__compound_literal.30
                0x0000000020000954       0x10 X-CUBE-AI/App/keras_n_bn.o
 .data.__compound_literal.31
                0x0000000020000964       0x10 X-CUBE-AI/App/keras_n_bn.o
 .data.__compound_literal.32
                0x0000000020000974       0x10 X-CUBE-AI/App/keras_n_bn.o
 .data.__compound_literal.33
                0x0000000020000984       0x10 X-CUBE-AI/App/keras_n_bn.o
 .data.__compound_literal.34
                0x0000000020000994       0x10 X-CUBE-AI/App/keras_n_bn.o
 .data.__compound_literal.35
                0x00000000200009a4       0x10 X-CUBE-AI/App/keras_n_bn.o
 .data.__compound_literal.36
                0x00000000200009b4       0x10 X-CUBE-AI/App/keras_n_bn.o
 .data.__compound_literal.37
                0x00000000200009c4       0x10 X-CUBE-AI/App/keras_n_bn.o
 .data.__compound_literal.38
                0x00000000200009d4       0x10 X-CUBE-AI/App/keras_n_bn.o
 .data.__compound_literal.39
                0x00000000200009e4       0x10 X-CUBE-AI/App/keras_n_bn.o
 .data.__compound_literal.40
                0x00000000200009f4       0x10 X-CUBE-AI/App/keras_n_bn.o
 .data.__compound_literal.41
                0x0000000020000a04       0x10 X-CUBE-AI/App/keras_n_bn.o
 .data.__compound_literal.42
                0x0000000020000a14       0x10 X-CUBE-AI/App/keras_n_bn.o
 .data.__compound_literal.43
                0x0000000020000a24       0x10 X-CUBE-AI/App/keras_n_bn.o
 .data.__compound_literal.44
                0x0000000020000a34       0x10 X-CUBE-AI/App/keras_n_bn.o
 .data.__compound_literal.45
                0x0000000020000a44       0x10 X-CUBE-AI/App/keras_n_bn.o
 .data.__compound_literal.46
                0x0000000020000a54       0x10 X-CUBE-AI/App/keras_n_bn.o
 .data.__compound_literal.47
                0x0000000020000a64       0x10 X-CUBE-AI/App/keras_n_bn.o
 .data.__compound_literal.48
                0x0000000020000a74       0x10 X-CUBE-AI/App/keras_n_bn.o
 .data.__compound_literal.49
                0x0000000020000a84       0x10 X-CUBE-AI/App/keras_n_bn.o
 .data.__compound_literal.50
                0x0000000020000a94       0x10 X-CUBE-AI/App/keras_n_bn.o
 .data.__compound_literal.51
                0x0000000020000aa4       0x10 X-CUBE-AI/App/keras_n_bn.o
 .data.__compound_literal.52
                0x0000000020000ab4       0x10 X-CUBE-AI/App/keras_n_bn.o
 .data.__compound_literal.53
                0x0000000020000ac4       0x10 X-CUBE-AI/App/keras_n_bn.o
 .data.__compound_literal.54
                0x0000000020000ad4       0x10 X-CUBE-AI/App/keras_n_bn.o
 .data.__compound_literal.55
                0x0000000020000ae4       0x10 X-CUBE-AI/App/keras_n_bn.o
 .data.__compound_literal.56
                0x0000000020000af4       0x10 X-CUBE-AI/App/keras_n_bn.o
 .data.__compound_literal.57
                0x0000000020000b04       0x10 X-CUBE-AI/App/keras_n_bn.o
 .data.__compound_literal.58
                0x0000000020000b14       0x10 X-CUBE-AI/App/keras_n_bn.o
 .data.__compound_literal.59
                0x0000000020000b24       0x10 X-CUBE-AI/App/keras_n_bn.o
 .data.__compound_literal.60
                0x0000000020000b34        0x4 X-CUBE-AI/App/keras_n_bn.o
 .data.__compound_literal.61
                0x0000000020000b38        0x4 X-CUBE-AI/App/keras_n_bn.o
 .data.__compound_literal.62
                0x0000000020000b3c        0xc X-CUBE-AI/App/keras_n_bn.o
 .data.__compound_literal.63
                0x0000000020000b48        0x4 X-CUBE-AI/App/keras_n_bn.o
 .data.__compound_literal.64
                0x0000000020000b4c       0x30 X-CUBE-AI/App/keras_n_bn.o
 .data.__compound_literal.67
                0x0000000020000b7c        0x4 X-CUBE-AI/App/keras_n_bn.o
 .data.__compound_literal.68
                0x0000000020000b80        0x4 X-CUBE-AI/App/keras_n_bn.o
 .data.__compound_literal.69
                0x0000000020000b84        0x8 X-CUBE-AI/App/keras_n_bn.o
 .data.__compound_literal.71
                0x0000000020000b8c       0x30 X-CUBE-AI/App/keras_n_bn.o
 .data.__compound_literal.72
                0x0000000020000bbc        0x4 X-CUBE-AI/App/keras_n_bn.o
 .data.__compound_literal.73
                0x0000000020000bc0        0x4 X-CUBE-AI/App/keras_n_bn.o
 .data.__compound_literal.74
                0x0000000020000bc4        0xc X-CUBE-AI/App/keras_n_bn.o
 .data.__compound_literal.75
                0x0000000020000bd0        0x4 X-CUBE-AI/App/keras_n_bn.o
 .data.__compound_literal.76
                0x0000000020000bd4       0x30 X-CUBE-AI/App/keras_n_bn.o
 .data.__compound_literal.79
                0x0000000020000c04        0x4 X-CUBE-AI/App/keras_n_bn.o
 .data.__compound_literal.80
                0x0000000020000c08        0x4 X-CUBE-AI/App/keras_n_bn.o
 .data.__compound_literal.81
                0x0000000020000c0c        0x8 X-CUBE-AI/App/keras_n_bn.o
 .data.__compound_literal.83
                0x0000000020000c14       0x30 X-CUBE-AI/App/keras_n_bn.o
 .data.__compound_literal.84
                0x0000000020000c44        0x4 X-CUBE-AI/App/keras_n_bn.o
 .data.__compound_literal.85
                0x0000000020000c48        0x4 X-CUBE-AI/App/keras_n_bn.o
 .data.__compound_literal.86
                0x0000000020000c4c        0xc X-CUBE-AI/App/keras_n_bn.o
 .data.__compound_literal.87
                0x0000000020000c58        0x4 X-CUBE-AI/App/keras_n_bn.o
 .data.__compound_literal.88
                0x0000000020000c5c       0x30 X-CUBE-AI/App/keras_n_bn.o
 .data.__compound_literal.91
                0x0000000020000c8c        0x4 X-CUBE-AI/App/keras_n_bn.o
 .data.__compound_literal.92
                0x0000000020000c90        0x4 X-CUBE-AI/App/keras_n_bn.o
 .data.__compound_literal.93
                0x0000000020000c94        0x8 X-CUBE-AI/App/keras_n_bn.o
 .data.__compound_literal.95
                0x0000000020000c9c       0x30 X-CUBE-AI/App/keras_n_bn.o
 .data.__compound_literal.96
                0x0000000020000ccc        0x4 X-CUBE-AI/App/keras_n_bn.o
 .data.__compound_literal.97
                0x0000000020000cd0        0x4 X-CUBE-AI/App/keras_n_bn.o
 .data.__compound_literal.98
                0x0000000020000cd4        0x8 X-CUBE-AI/App/keras_n_bn.o
 .data.__compound_literal.100
                0x0000000020000cdc       0x30 X-CUBE-AI/App/keras_n_bn.o
 .data.__compound_literal.101
                0x0000000020000d0c        0x4 X-CUBE-AI/App/keras_n_bn.o
 .data.__compound_literal.102
                0x0000000020000d10        0x4 X-CUBE-AI/App/keras_n_bn.o
 .data.__compound_literal.105
                0x0000000020000d14       0x30 X-CUBE-AI/App/keras_n_bn.o
 .data.__compound_literal.106
                0x0000000020000d44        0x4 X-CUBE-AI/App/keras_n_bn.o
 .data.__compound_literal.107
                0x0000000020000d48        0x4 X-CUBE-AI/App/keras_n_bn.o
 .data.__compound_literal.108
                0x0000000020000d4c        0x8 X-CUBE-AI/App/keras_n_bn.o
 .data.__compound_literal.110
                0x0000000020000d54       0x30 X-CUBE-AI/App/keras_n_bn.o
 .data.__compound_literal.111
                0x0000000020000d84        0x4 X-CUBE-AI/App/keras_n_bn.o
 .data.__compound_literal.112
                0x0000000020000d88        0x4 X-CUBE-AI/App/keras_n_bn.o
 .data.__compound_literal.115
                0x0000000020000d8c       0x30 X-CUBE-AI/App/keras_n_bn.o
 .data.__compound_literal.116
                0x0000000020000dbc        0x4 X-CUBE-AI/App/keras_n_bn.o
 .data.__compound_literal.120
                0x0000000020000dc0        0xc X-CUBE-AI/App/keras_n_bn.o
 .data.__compound_literal.121
                0x0000000020000dcc        0x4 X-CUBE-AI/App/keras_n_bn.o
 .data.__compound_literal.125
                0x0000000020000dd0        0xc X-CUBE-AI/App/keras_n_bn.o
 .data.__compound_literal.126
                0x0000000020000ddc       0x18 X-CUBE-AI/App/keras_n_bn.o
 .data._impure_ptr